114.80.93.13 - - [12/Nov/2012:07:22:06 +0800] "POST /api/manyou/my.php HTTP/1.0" 404 16 "http://bbs.igeyao.com/api/manyou/my.php" "Mozilla/5.0 (Windows; U; Windows NT 5.1; zh-CN; rv:1.9.1.9) Gecko/20100315 Firefox/3.5.9"
114.80.109.29 - - [12/Nov/2012:07:22:17 +0800] "POST /api/manyou/my.php HTTP/1.0" 404 16 "http://bbs.igeyao.com/api/manyou/my.php" "Mozilla/5.0 (Windows; U; Windows NT 5.1; zh-CN; rv:1.9.1.9) Gecko/20100315 Firefox/3.5.9"
114.80.93.13 - - [12/Nov/2012:07:22:30 +0800] "POST /api/manyou/my.php HTTP/1.0" 404 16 "http://bbs.igeyao.com/api/manyou/my.php" "Mozilla/5.0 (Windows; U; Windows NT 5.1; zh-CN; rv:1.9.1.9) Gecko/20100315 Firefox/3.5.9"
61.135.216.105 - - [12/Nov/2012:07:22:37 +0800] "GET /?feed=rss2 HTTP/1.1" 304 0 "-" "Mozilla/5.0 (compatible;YoudaoFeedFetcher/1.0;http://www.youdao.com/help/reader/faq/topic006/;1 subscribers;)"
124.115.5.53 - - [12/Nov/2012:07:22:41 +0800] "POST /api/manyou/my.php HTTP/1.0" 404 16 "http://bbs.igeyao.com/api/manyou/my.php" "Mozilla/5.0 (Windows; U; Windows NT 5.1; zh-CN; rv:1.9.1.9) Gecko/20100315 Firefox/3.5.9"
180.153.73.164 - - [12/Nov/2012:07:22:57 +0800] "POST /api/manyou/my.php HTTP/1.0" 404 16 "http://bbs.igeyao.com/api/manyou/my.php" "Mozilla/5.0 (Windows; U; Windows NT 5.1; zh-CN; rv:1.9.1.9) Gecko/20100315 Firefox/3.5.9"
113.108.12.103 - - [12/Nov/2012:07:23:08 +0800] "POST /api/manyou/my.php HTTP/1.0" 404 16 "http://bbs.igeyao.com/api/manyou/my.php" "Mozilla/5.0 (Windows; U; Windows NT 5.1; zh-CN; rv:1.9.1.9) Gecko/20100315 Firefox/3.5.9"
114.80.109.30 - - [12/Nov/2012:07:23:29 +0800] "POST /api/manyou/my.php HTTP/1.0" 404 16 "http://bbs.igeyao.com/api/manyou/my.php" "Mozilla/5.0 (Windows; U; Windows NT 5.1; zh-CN; rv:1.9.1.9) Gecko/20100315 Firefox/3.5.9"
124.115.5.12 - - [12/Nov/2012:07:23:37 +0800] "POST /api/manyou/my.php HTTP/1.0" 404 16 "http://bbs.igeyao.com/api/manyou/my.php" "Mozilla/5.0 (Windows; U; Windows NT 5.1; zh-CN; rv:1.9.1.9) Gecko/20100315 Firefox/3.5.9"
114.80.93.13 - - [12/Nov/2012:07:23:47 +0800] "POST /api/manyou/my.php HTTP/1.0" 404 16 "http://bbs.igeyao.com/api/manyou/my.php" "Mozilla/5.0 (Windows; U; Windows NT 5.1; zh-CN; rv:1.9.1.9) Gecko/20100315 Firefox/3.5.9"
113.108.12.139 - - [12/Nov/2012:07:24:00 +0800] "POST /api/manyou/my.php HTTP/1.0" 404 16 "http://bbs.igeyao.com/api/manyou/my.php" "Mozilla/5.0 (Windows; U; Windows NT 5.1; zh-CN; rv:1.9.1.9) Gecko/20100315 Firefox/3.5.9"
123.125.71.35 - - [12/Nov/2012:07:24:08 +0800] "GET / HTTP/1.1" 200 17276 "-" "Mozilla/5.0 (compatible; Baiduspider/2.0; +http://www.baidu.com/search/spider.html)"
114.80.93.227 - - [12/Nov/2012:07:24:14 +0800] "POST /api/manyou/my.php HTTP/1.0" 404 16 "http://bbs.igeyao.com/api/manyou/my.php" "Mozilla/5.0 (Windows; U; Windows NT 5.1; zh-CN; rv:1.9.1.9) Gecko/20100315 Firefox/3.5.9"
220.181.108.121 - - [12/Nov/2012:07:24:18 +0800] "GET / HTTP/1.1" 200 17276 "-" "Mozilla/5.0 (compatible; Baiduspider/2.0; +http://www.baidu.com/search/spider.html)"
121.14.98.65 - - [12/Nov/2012:07:24:23 +0800] "POST /api/manyou/my.php HTTP/1.0" 404 16 "http://bbs.igeyao.com/api/manyou/my.php" "Mozilla/5.0 (Windows; U; Windows NT 5.1; zh-CN; rv:1.9.1.9) Gecko/20100315 Firefox/3.5.9"
124.115.5.12 - - [12/Nov/2012:07:24:33 +0800] "POST /api/manyou/my.php HTTP/1.0" 404 16 "http://bbs.igeyao.com/api/manyou/my.php" "Mozilla/5.0 (Windows; U; Windows NT 5.1; zh-CN; rv:1.9.1.9) Gecko/20100315 Firefox/3.5.9"
113.108.12.107 - - [12/Nov/2012:07:24:47 +0800] "POST /api/manyou/my.php HTTP/1.0" 404 16 "http://bbs.igeyao.com/api/manyou/my.php" "Mozilla/5.0 (Windows; U; Windows NT 5.1; zh-CN; rv:1.9.1.9) Gecko/20100315 Firefox/3.5.9"
180.153.160.113 - - [12/Nov/2012:07:24:58 +0800] "POST /api/manyou/my.php HTTP/1.0" 404 16 "http://bbs.igeyao.com/api/manyou/my.php" "Mozilla/5.0 (Windows; U; Windows NT 5.1; zh-CN; rv:1.9.1.9) Gecko/20100315 Firefox/3.5.9"
113.108.12.123 - - [12/Nov/2012:07:25:11 +0800] "POST /api/manyou/my.php HTTP/1.0" 404 16 "http://bbs.igeyao.com/api/manyou/my.php" "Mozilla/5.0 (Windows; U; Windows NT 5.1; zh-CN; rv:1.9.1.9) Gecko/20100315 Firefox/3.5.9"
113.108.12.103 - - [12/Nov/2012:07:25:19 +0800] "POST /api/manyou/my.php HTTP/1.0" 404 16 "http://bbs.igeyao.com/api/manyou/my.php" "Mozilla/5.0 (Windows; U; Windows NT 5.1; zh-CN; rv:1.9.1.9) Gecko/20100315 Firefox/3.5.9"
121.14.98.63 - - [12/Nov/2012:07:25:34 +0800] "POST /api/manyou/my.php HTTP/1.0" 404 16 "http://bbs.igeyao.com/api/manyou/my.php" "Mozilla/5.0 (Windows; U; Windows NT 5.1; zh-CN; rv:1.9.1.9) Gecko/20100315 Firefox/3.5.9"
60.191.106.179 - - [12/Nov/2012:07:25:42 +0800] "GET /cert/bazs.cert HTTP/1.0" 404 169 "-" "Mozilla/4.0"
124.115.5.53 - - [12/Nov/2012:07:25:44 +0800] "POST /api/manyou/my.php HTTP/1.0" 404 16 "http://bbs.igeyao.com/api/manyou/my.php" "Mozilla/5.0 (Windows; U; Windows NT 5.1; zh-CN; rv:1.9.1.9) Gecko/20100315 Firefox/3.5.9"
42.62.36.62 - - [12/Nov/2012:07:25:50 +0800] "GET / HTTP/1.0" 200 20337 "http://igeyao.com/#content" "Mozilla/5.0 (Windows; U; Windows NT 5.1; zh-CN; rv:1.9.1.2) Firefox/3.5.2"
180.153.160.114 - - [12/Nov/2012:07:26:01 +0800] "POST /api/manyou/my.php HTTP/1.0" 404 16 "http://bbs.igeyao.com/api/manyou/my.php" "Mozilla/5.0 (Windows; U; Windows NT 5.1; zh-CN; rv:1.9.1.9) Gecko/20100315 Firefox/3.5.9"
124.115.5.12 - - [12/Nov/2012:07:26:14 +0800] "POST /api/manyou/my.php HTTP/1.0" 404 16 "http://bbs.igeyao.com/api/manyou/my.php" "Mozilla/5.0 (Windows; U; Windows NT 5.1; zh-CN; rv:1.9.1.9) Gecko/20100315 Firefox/3.5.9"
113.108.12.103 - - [12/Nov/2012:07:26:26 +0800] "POST /api/manyou/my.php HTTP/1.0" 404 16 "http://bbs.igeyao.com/api/manyou/my.php" "Mozilla/5.0 (Windows; U; Windows NT 5.1; zh-CN; rv:1.9.1.9) Gecko/20100315 Firefox/3.5.9"
124.115.4.33 - - [12/Nov/2012:07:27:01 +0800] "POST /api/manyou/my.php HTTP/1.0" 404 16 "http://bbs.igeyao.com/api/manyou/my.php" "Mozilla/5.0 (Windows; U; Windows NT 5.1; zh-CN; rv:1.9.1.9) Gecko/20100315 Firefox/3.5.9"
113.108.12.103 - - [12/Nov/2012:07:27:11 +0800] "POST /api/manyou/my.php HTTP/1.0" 404 16 "http://bbs.igeyao.com/api/manyou/my.php" "Mozilla/5.0 (Windows; U; Windows NT 5.1; zh-CN; rv:1.9.1.9) Gecko/20100315 Firefox/3.5.9"
114.80.109.29 - - [12/Nov/2012:07:27:18 +0800] "POST /api/manyou/my.php HTTP/1.0" 404 16 "http://bbs.igeyao.com/api/manyou/my.php" "Mozilla/5.0 (Windows; U; Windows NT 5.1; zh-CN; rv:1.9.1.9) Gecko/20100315 Firefox/3.5.9"
124.115.5.53 - - [12/Nov/2012:07:27:32 +0800] "POST /api/manyou/my.php HTTP/1.0" 404 16 "http://bbs.igeyao.com/api/manyou/my.php" "Mozilla/5.0 (Windows; U; Windows NT 5.1; zh-CN; rv:1.9.1.9) Gecko/20100315 Firefox/3.5.9"
113.108.12.123 - - [12/Nov/2012:07:27:52 +0800] "POST /api/manyou/my.php HTTP/1.0" 404 16 "http://bbs.igeyao.com/api/manyou/my.php" "Mozilla/5.0 (Windows; U; Windows NT 5.1; zh-CN; rv:1.9.1.9) Gecko/20100315 Firefox/3.5.9"
114.80.93.13 - - [12/Nov/2012:07:28:28 +0800] "POST /api/manyou/my.php HTTP/1.0" 404 16 "http://bbs.igeyao.com/api/manyou/my.php" "Mozilla/5.0 (Windows; U; Windows NT 5.1; zh-CN; rv:1.9.1.9) Gecko/20100315 Firefox/3.5.9"
113.108.12.123 - - [12/Nov/2012:07:28:45 +0800] "POST /api/manyou/my.php HTTP/1.0" 404 16 "http://bbs.igeyao.com/api/manyou/my.php" "Mozilla/5.0 (Windows; U; Windows NT 5.1; zh-CN; rv:1.9.1.9) Gecko/20100315 Firefox/3.5.9"
180.153.160.116 - - [12/Nov/2012:07:29:22 +0800] "POST /api/manyou/my.php HTTP/1.0" 404 16 "http://bbs.igeyao.com/api/manyou/my.php" "Mozilla/5.0 (Windows; U; Windows NT 5.1; zh-CN; rv:1.9.1.9) Gecko/20100315 Firefox/3.5.9"
113.108.12.139 - - [12/Nov/2012:07:29:34 +0800] "POST /api/manyou/my.php HTTP/1.0" 404 16 "http://bbs.igeyao.com/api/manyou/my.php" "Mozilla/5.0 (Windows; U; Windows NT 5.1; zh-CN; rv:1.9.1.9) Gecko/20100315 Firefox/3.5.9"
124.115.5.12 - - [12/Nov/2012:07:29:47 +0800] "POST /api/manyou/my.php HTTP/1.0" 404 16 "http://bbs.igeyao.com/api/manyou/my.php" "Mozilla/5.0 (Windows; U; Windows NT 5.1; zh-CN; rv:1.9.1.9) Gecko/20100315 Firefox/3.5.9"
124.115.0.166 - - [12/Nov/2012:07:29:49 +0800] "GET /home.php?do=thread&from=space&mod=space&uid=64&view=me HTTP/1.1" 404 47 "-" "Mozilla/5.0(compatible; Sosospider/2.0; +http://help.soso.com/webspider.htm)"
124.115.5.12 - - [12/Nov/2012:07:29:56 +0800] "POST /api/manyou/my.php HTTP/1.0" 404 16 "http://bbs.igeyao.com/api/manyou/my.php" "Mozilla/5.0 (Windows; U; Windows NT 5.1; zh-CN; rv:1.9.1.9) Gecko/20100315 Firefox/3.5.9"
121.14.98.66 - - [12/Nov/2012:07:30:11 +0800] "POST /api/manyou/my.php HTTP/1.0" 404 16 "http://bbs.igeyao.com/api/manyou/my.php" "Mozilla/5.0 (Windows; U; Windows NT 5.1; zh-CN; rv:1.9.1.9) Gecko/20100315 Firefox/3.5.9"
121.14.98.64 - - [12/Nov/2012:07:30:27 +0800] "POST /api/manyou/my.php HTTP/1.0" 404 16 "http://bbs.igeyao.com/api/manyou/my.php" "Mozilla/5.0 (Windows; U; Windows NT 5.1; zh-CN; rv:1.9.1.9) Gecko/20100315 Firefox/3.5.9"
114.80.109.29 - - [12/Nov/2012:07:30:40 +0800] "POST /api/manyou/my.php HTTP/1.0" 404 16 "http://bbs.igeyao.com/api/manyou/my.php" "Mozilla/5.0 (Windows; U; Windows NT 5.1; zh-CN; rv:1.9.1.9) Gecko/20100315 Firefox/3.5.9"
121.14.98.64 - - [12/Nov/2012:07:30:52 +0800] "POST /api/manyou/my.php HTTP/1.0" 404 16 "http://bbs.igeyao.com/api/manyou/my.php" "Mozilla/5.0 (Windows; U; Windows NT 5.1; zh-CN; rv:1.9.1.9) Gecko/20100315 Firefox/3.5.9"
113.108.12.139 - - [12/Nov/2012:07:31:06 +0800] "POST /api/manyou/my.php HTTP/1.0" 404 16 "http://bbs.igeyao.com/api/manyou/my.php" "Mozilla/5.0 (Windows; U; Windows NT 5.1; zh-CN; rv:1.9.1.9) Gecko/20100315 Firefox/3.5.9"
124.115.4.33 - - [12/Nov/2012:07:31:18 +0800] "POST /api/manyou/my.php HTTP/1.0" 404 16 "http://bbs.igeyao.com/api/manyou/my.php" "Mozilla/5.0 (Windows; U; Windows NT 5.1; zh-CN; rv:1.9.1.9) Gecko/20100315 Firefox/3.5.9"
121.14.98.64 - - [12/Nov/2012:07:31:29 +0800] "POST /api/manyou/my.php HTTP/1.0" 404 16 "http://bbs.igeyao.com/api/manyou/my.php" "Mozilla/5.0 (Windows; U; Windows NT 5.1; zh-CN; rv:1.9.1.9) Gecko/20100315 Firefox/3.5.9"
121.14.98.64 - - [12/Nov/2012:07:31:47 +0800] "POST /api/manyou/my.php HTTP/1.0" 404 16 "http://bbs.igeyao.com/api/manyou/my.php" "Mozilla/5.0 (Windows; U; Windows NT 5.1; zh-CN; rv:1.9.1.9) Gecko/20100315 Firefox/3.5.9"
124.115.4.33 - - [12/Nov/2012:07:32:03 +0800] "POST /api/manyou/my.php HTTP/1.0" 404 16 "http://bbs.igeyao.com/api/manyou/my.php" "Mozilla/5.0 (Windows; U; Windows NT 5.1; zh-CN; rv:1.9.1.9) Gecko/20100315 Firefox/3.5.9"
113.108.12.111 - - [12/Nov/2012:07:32:19 +0800] "POST /api/manyou/my.php HTTP/1.0" 404 16 "http://bbs.igeyao.com/api/manyou/my.php" "Mozilla/5.0 (Windows; U; Windows NT 5.1; zh-CN; rv:1.9.1.9) Gecko/20100315 Firefox/3.5.9"
114.80.109.29 - - [12/Nov/2012:07:32:27 +0800] "POST /api/manyou/my.php HTTP/1.0" 404 16 "http://bbs.igeyao.com/api/manyou/my.php" "Mozilla/5.0 (Windows; U; Windows NT 5.1; zh-CN; rv:1.9.1.9) Gecko/20100315 Firefox/3.5.9"
113.108.12.123 - - [12/Nov/2012:07:32:32 +0800] "POST /api/manyou/my.php HTTP/1.0" 404 16 "http://bbs.igeyao.com/api/manyou/my.php" "Mozilla/5.0 (Windows; U; Windows NT 5.1; zh-CN; rv:1.9.1.9) Gecko/20100315 Firefox/3.5.9"
113.108.12.123 - - [12/Nov/2012:07:32:43 +0800] "POST /api/manyou/my.php HTTP/1.0" 404 16 "http://bbs.igeyao.com/api/manyou/my.php" "Mozilla/5.0 (Windows; U; Windows NT 5.1; zh-CN; rv:1.9.1.9) Gecko/20100315 Firefox/3.5.9"
124.115.5.53 - - [12/Nov/2012:07:32:52 +0800] "POST /api/manyou/my.php HTTP/1.0" 404 16 "http://bbs.igeyao.com/api/manyou/my.php" "Mozilla/5.0 (Windows; U; Windows NT 5.1; zh-CN; rv:1.9.1.9) Gecko/20100315 Firefox/3.5.9"
124.115.5.12 - - [12/Nov/2012:07:33:01 +0800] "POST /api/manyou/my.php HTTP/1.0" 404 16 "http://bbs.igeyao.com/api/manyou/my.php" "Mozilla/5.0 (Windows; U; Windows NT 5.1; zh-CN; rv:1.9.1.9) Gecko/20100315 Firefox/3.5.9"
124.115.0.165 - - [12/Nov/2012:07:33:18 +0800] "GET /home.php?do=thread&from=space&mod=space&uid=130&view=me HTTP/1.1" 404 47 "-" "Mozilla/5.0(compatible; Sosospider/2.0; +http://help.soso.com/webspider.htm)"
113.108.12.111 - - [12/Nov/2012:07:33:19 +0800] "POST /api/manyou/my.php HTTP/1.0" 404 16 "http://bbs.igeyao.com/api/manyou/my.php" "Mozilla/5.0 (Windows; U; Windows NT 5.1; zh-CN; rv:1.9.1.9) Gecko/20100315 Firefox/3.5.9"
180.153.160.113 - - [12/Nov/2012:07:33:36 +0800] "POST /api/manyou/my.php HTTP/1.0" 404 16 "http://bbs.igeyao.com/api/manyou/my.php" "Mozilla/5.0 (Windows; U; Windows NT 5.1; zh-CN; rv:1.9.1.9) Gecko/20100315 Firefox/3.5.9"
114.80.109.30 - - [12/Nov/2012:07:33:48 +0800] "POST /api/manyou/my.php HTTP/1.0" 404 16 "http://bbs.igeyao.com/api/manyou/my.php" "Mozilla/5.0 (Windows; U; Windows NT 5.1; zh-CN; rv:1.9.1.9) Gecko/20100315 Firefox/3.5.9"
124.115.5.53 - - [12/Nov/2012:07:33:58 +0800] "POST /api/manyou/my.php HTTP/1.0" 404 16 "http://bbs.igeyao.com/api/manyou/my.php" "Mozilla/5.0 (Windows; U; Windows NT 5.1; zh-CN; rv:1.9.1.9) Gecko/20100315 Firefox/3.5.9"
124.115.4.33 - - [12/Nov/2012:07:34:15 +0800] "POST /api/manyou/my.php HTTP/1.0" 404 16 "http://bbs.igeyao.com/api/manyou/my.php" "Mozilla/5.0 (Windows; U; Windows NT 5.1; zh-CN; rv:1.9.1.9) Gecko/20100315 Firefox/3.5.9"
124.115.5.12 - - [12/Nov/2012:07:34:26 +0800] "POST /api/manyou/my.php HTTP/1.0" 404 16 "http://bbs.igeyao.com/api/manyou/my.php" "Mozilla/5.0 (Windows; U; Windows NT 5.1; zh-CN; rv:1.9.1.9) Gecko/20100315 Firefox/3.5.9"
121.14.98.66 - - [12/Nov/2012:07:34:35 +0800] "POST /api/manyou/my.php HTTP/1.0" 404 16 "http://bbs.igeyao.com/api/manyou/my.php" "Mozilla/5.0 (Windows; U; Windows NT 5.1; zh-CN; rv:1.9.1.9) Gecko/20100315 Firefox/3.5.9"
124.115.4.33 - - [12/Nov/2012:07:34:46 +0800] "POST /api/manyou/my.php HTTP/1.0" 404 16 "http://bbs.igeyao.com/api/manyou/my.php" "Mozilla/5.0 (Windows; U; Windows NT 5.1; zh-CN; rv:1.9.1.9) Gecko/20100315 Firefox/3.5.9"
113.108.12.111 - - [12/Nov/2012:07:34:57 +0800] "POST /api/manyou/my.php HTTP/1.0" 404 16 "http://bbs.igeyao.com/api/manyou/my.php" "Mozilla/5.0 (Windows; U; Windows NT 5.1; zh-CN; rv:1.9.1.9) Gecko/20100315 Firefox/3.5.9"
119.147.6.60 - - [12/Nov/2012:07:35:05 +0800] "GET /?m=20120405 HTTP/1.1" 200 18349 "-" "Mozilla/4.0 (compatible; MSIE 6.0; Windows NT 5.1)"
180.153.160.116 - - [12/Nov/2012:07:35:06 +0800] "POST /api/manyou/my.php HTTP/1.0" 404 16 "http://bbs.igeyao.com/api/manyou/my.php" "Mozilla/5.0 (Windows; U; Windows NT 5.1; zh-CN; rv:1.9.1.9) Gecko/20100315 Firefox/3.5.9"
113.108.12.123 - - [12/Nov/2012:07:35:21 +0800] "POST /api/manyou/my.php HTTP/1.0" 404 16 "http://bbs.igeyao.com/api/manyou/my.php" "Mozilla/5.0 (Windows; U; Windows NT 5.1; zh-CN; rv:1.9.1.9) Gecko/20100315 Firefox/3.5.9"
113.108.12.103 - - [12/Nov/2012:07:35:38 +0800] "POST /api/manyou/my.php HTTP/1.0" 404 16 "http://bbs.igeyao.com/api/manyou/my.php" "Mozilla/5.0 (Windows; U; Windows NT 5.1; zh-CN; rv:1.9.1.9) Gecko/20100315 Firefox/3.5.9"
113.108.12.139 - - [12/Nov/2012:07:35:49 +0800] "POST /api/manyou/my.php HTTP/1.0" 404 16 "http://bbs.igeyao.com/api/manyou/my.php" "Mozilla/5.0 (Windows; U; Windows NT 5.1; zh-CN; rv:1.9.1.9) Gecko/20100315 Firefox/3.5.9"
121.14.98.67 - - [12/Nov/2012:07:36:01 +0800] "POST /api/manyou/my.php HTTP/1.0" 404 16 "http://bbs.igeyao.com/api/manyou/my.php" "Mozilla/5.0 (Windows; U; Windows NT 5.1; zh-CN; rv:1.9.1.9) Gecko/20100315 Firefox/3.5.9"
124.115.5.53 - - [12/Nov/2012:07:36:17 +0800] "POST /api/manyou/my.php HTTP/1.0" 404 16 "http://bbs.igeyao.com/api/manyou/my.php" "Mozilla/5.0 (Windows; U; Windows NT 5.1; zh-CN; rv:1.9.1.9) Gecko/20100315 Firefox/3.5.9"
114.80.109.30 - - [12/Nov/2012:07:36:32 +0800] "POST /api/manyou/my.php HTTP/1.0" 404 16 "http://bbs.igeyao.com/api/manyou/my.php" "Mozilla/5.0 (Windows; U; Windows NT 5.1; zh-CN; rv:1.9.1.9) Gecko/20100315 Firefox/3.5.9"
121.14.98.66 - - [12/Nov/2012:07:36:51 +0800] "POST /api/manyou/my.php HTTP/1.0" 404 16 "http://bbs.igeyao.com/api/manyou/my.php" "Mozilla/5.0 (Windows; U; Windows NT 5.1; zh-CN; rv:1.9.1.9) Gecko/20100315 Firefox/3.5.9"
113.108.12.107 - - [12/Nov/2012:07:37:05 +0800] "POST /api/manyou/my.php HTTP/1.0" 404 16 "http://bbs.igeyao.com/api/manyou/my.php" "Mozilla/5.0 (Windows; U; Windows NT 5.1; zh-CN; rv:1.9.1.9) Gecko/20100315 Firefox/3.5.9"
175.167.79.13 - - [12/Nov/2012:07:37:37 +0800] "GET /member.php?mod=logging&action=login HTTP/1.1" 404 27 "http://igeyao.com/" "Mozilla/4.0"
175.167.79.13 - - [12/Nov/2012:07:37:37 +0800] "GET /member.php?mod=register HTTP/1.1" 404 27 "http://igeyao.com/member.php?mod=register" "Mozilla/4.0"
113.108.12.111 - - [12/Nov/2012:07:37:41 +0800] "POST /api/manyou/my.php HTTP/1.0" 404 16 "http://bbs.igeyao.com/api/manyou/my.php" "Mozilla/5.0 (Windows; U; Windows NT 5.1; zh-CN; rv:1.9.1.9) Gecko/20100315 Firefox/3.5.9"
61.135.216.105 - - [12/Nov/2012:07:37:42 +0800] "GET /?feed=rss2 HTTP/1.1" 304 0 "-" "Mozilla/5.0 (compatible;YoudaoFeedFetcher/1.0;http://www.youdao.com/help/reader/faq/topic006/;1 subscribers;)"
124.115.5.12 - - [12/Nov/2012:07:37:51 +0800] "POST /api/manyou/my.php HTTP/1.0" 404 16 "http://bbs.igeyao.com/api/manyou/my.php" "Mozilla/5.0 (Windows; U; Windows NT 5.1; zh-CN; rv:1.9.1.9) Gecko/20100315 Firefox/3.5.9"
113.108.12.111 - - [12/Nov/2012:07:38:02 +0800] "POST /api/manyou/my.php HTTP/1.0" 404 16 "http://bbs.igeyao.com/api/manyou/my.php" "Mozilla/5.0 (Windows; U; Windows NT 5.1; zh-CN; rv:1.9.1.9) Gecko/20100315 Firefox/3.5.9"
124.115.5.12 - - [12/Nov/2012:07:38:11 +0800] "POST /api/manyou/my.php HTTP/1.0" 404 16 "http://bbs.igeyao.com/api/manyou/my.php" "Mozilla/5.0 (Windows; U; Windows NT 5.1; zh-CN; rv:1.9.1.9) Gecko/20100315 Firefox/3.5.9"
101.226.33.228 - - [12/Nov/2012:07:38:32 +0800] "GET / HTTP/1.1" 200 66281 "-" "Mozilla/4.0"
101.226.33.228 - - [12/Nov/2012:07:38:33 +0800] "GET /wp-content/themes/twentyeleven/js/html5.js HTTP/1.1" 200 2000 "-" "Mozilla/4.0"
124.115.5.12 - - [12/Nov/2012:07:38:34 +0800] "POST /api/manyou/my.php HTTP/1.0" 404 16 "http://bbs.igeyao.com/api/manyou/my.php" "Mozilla/5.0 (Windows; U; Windows NT 5.1; zh-CN; rv:1.9.1.9) Gecko/20100315 Firefox/3.5.9"
121.14.98.67 - - [12/Nov/2012:07:38:45 +0800] "POST /api/manyou/my.php HTTP/1.0" 404 16 "http://bbs.igeyao.com/api/manyou/my.php" "Mozilla/5.0 (Windows; U; Windows NT 5.1; zh-CN; rv:1.9.1.9) Gecko/20100315 Firefox/3.5.9"
180.153.160.116 - - [12/Nov/2012:07:38:55 +0800] "POST /api/manyou/my.php HTTP/1.0" 404 16 "http://bbs.igeyao.com/api/manyou/my.php" "Mozilla/5.0 (Windows; U; Windows NT 5.1; zh-CN; rv:1.9.1.9) Gecko/20100315 Firefox/3.5.9"
219.137.135.50 - - [12/Nov/2012:07:39:02 +0800] "GET /member.php?mod=logging&action=login HTTP/1.1" 404 27 "http://blog.igeyao.com/member.php?mod=logging&action=login" "Mozilla/4.0 (compatible; MSIE 7.0; Windows NT 5.1; .NET CLR 1.1.4322; .NET CLR 2.0.50727; .NET CLR 3.0.04506.30)"
219.137.135.50 - - [12/Nov/2012:07:39:03 +0800] "GET /forum.php?mod=post&action=newthread&fid=67 HTTP/1.1" 404 27 "http://blog.igeyao.com/forum.php?mod=post&action=newthread&fid=67" "Mozilla/4.0 (compatible; MSIE 7.0; Windows NT 5.1; .NET CLR 1.1.4322; .NET CLR 2.0.50727; .NET CLR 3.0.04506.30)"
219.137.135.50 - - [12/Nov/2012:07:39:05 +0800] "POST /forum.php?mod=post&action=newthread&fid=67&extra=&topicsubmit=yes&ajaxmenu=1&inajax=1 HTTP/1.1" 404 27 "http://blog.igeyao.com/forum.php?mod=post&action=newthread&fid=67&extra=&topicsubmit=yes&ajaxmenu=1&inajax=1" "Mozilla/4.0 (compatible; MSIE 7.0; Windows NT 5.1; .NET CLR 1.1.4322; .NET CLR 2.0.50727; .NET CLR 3.0.04506.30)"
124.115.4.33 - - [12/Nov/2012:07:39:07 +0800] "POST /api/manyou/my.php HTTP/1.0" 404 16 "http://bbs.igeyao.com/api/manyou/my.php" "Mozilla/5.0 (Windows; U; Windows NT 5.1; zh-CN; rv:1.9.1.9) Gecko/20100315 Firefox/3.5.9"
113.108.12.111 - - [12/Nov/2012:07:39:23 +0800] "POST /api/manyou/my.php HTTP/1.0" 404 16 "http://bbs.igeyao.com/api/manyou/my.php" "Mozilla/5.0 (Windows; U; Windows NT 5.1; zh-CN; rv:1.9.1.9) Gecko/20100315 Firefox/3.5.9"
175.167.79.13 - - [12/Nov/2012:07:39:31 +0800] "GET /member.php?mod=logging&action=login HTTP/1.1" 404 27 "http://igeyao.com/" "Mozilla/4.0"
175.167.79.13 - - [12/Nov/2012:07:39:31 +0800] "GET /member.php?mod=register HTTP/1.1" 404 27 "http://igeyao.com/member.php?mod=register" "Mozilla/4.0"
113.108.12.107 - - [12/Nov/2012:07:39:33 +0800] "POST /api/manyou/my.php HTTP/1.0" 404 16 "http://bbs.igeyao.com/api/manyou/my.php" "Mozilla/5.0 (Windows; U; Windows NT 5.1; zh-CN; rv:1.9.1.9) Gecko/20100315 Firefox/3.5.9"
113.108.12.123 - - [12/Nov/2012:07:39:42 +0800] "POST /api/manyou/my.php HTTP/1.0" 404 16 "http://bbs.igeyao.com/api/manyou/my.php" "Mozilla/5.0 (Windows; U; Windows NT 5.1; zh-CN; rv:1.9.1.9) Gecko/20100315 Firefox/3.5.9"
113.108.12.103 - - [12/Nov/2012:07:39:54 +0800] "POST /api/manyou/my.php HTTP/1.0" 404 16 "http://bbs.igeyao.com/api/manyou/my.php" "Mozilla/5.0 (Windows; U; Windows NT 5.1; zh-CN; rv:1.9.1.9) Gecko/20100315 Firefox/3.5.9"
124.115.5.12 - - [12/Nov/2012:07:40:04 +0800] "POST /api/manyou/my.php HTTP/1.0" 404 16 "http://bbs.igeyao.com/api/manyou/my.php" "Mozilla/5.0 (Windows; U; Windows NT 5.1; zh-CN; rv:1.9.1.9) Gecko/20100315 Firefox/3.5.9"
157.56.93.202 - - [12/Nov/2012:07:40:13 +0800] "GET /robots.txt HTTP/1.1" 404 169 "-" "Mozilla/5.0 (compatible; bingbot/2.0; +http://www.bing.com/bingbot.htm)"
113.108.12.123 - - [12/Nov/2012:07:40:22 +0800] "POST /api/manyou/my.php HTTP/1.0" 404 16 "http://bbs.igeyao.com/api/manyou/my.php" "Mozilla/5.0 (Windows; U; Windows NT 5.1; zh-CN; rv:1.9.1.9) Gecko/20100315 Firefox/3.5.9"
113.108.12.103 - - [12/Nov/2012:07:40:36 +0800] "POST /api/manyou/my.php HTTP/1.0" 404 16 "http://bbs.igeyao.com/api/manyou/my.php" "Mozilla/5.0 (Windows; U; Windows NT 5.1; zh-CN; rv:1.9.1.9) Gecko/20100315 Firefox/3.5.9"
114.80.109.30 - - [12/Nov/2012:07:41:02 +0800] "POST /api/manyou/my.php HTTP/1.0" 404 16 "http://bbs.igeyao.com/api/manyou/my.php" "Mozilla/5.0 (Windows; U; Windows NT 5.1; zh-CN; rv:1.9.1.9) Gecko/20100315 Firefox/3.5.9"
180.153.160.116 - - [12/Nov/2012:07:41:18 +0800] "POST /api/manyou/my.php HTTP/1.0" 404 16 "http://bbs.igeyao.com/api/manyou/my.php" "Mozilla/5.0 (Windows; U; Windows NT 5.1; zh-CN; rv:1.9.1.9) Gecko/20100315 Firefox/3.5.9"
114.80.109.29 - - [12/Nov/2012:07:41:39 +0800] "POST /api/manyou/my.php HTTP/1.0" 404 16 "http://bbs.igeyao.com/api/manyou/my.php" "Mozilla/5.0 (Windows; U; Windows NT 5.1; zh-CN; rv:1.9.1.9) Gecko/20100315 Firefox/3.5.9"
113.108.12.139 - - [12/Nov/2012:07:41:55 +0800] "POST /api/manyou/my.php HTTP/1.0" 404 16 "http://bbs.igeyao.com/api/manyou/my.php" "Mozilla/5.0 (Windows; U; Windows NT 5.1; zh-CN; rv:1.9.1.9) Gecko/20100315 Firefox/3.5.9"
114.80.93.227 - - [12/Nov/2012:07:42:11 +0800] "POST /api/manyou/my.php HTTP/1.0" 404 16 "http://bbs.igeyao.com/api/manyou/my.php" "Mozilla/5.0 (Windows; U; Windows NT 5.1; zh-CN; rv:1.9.1.9) Gecko/20100315 Firefox/3.5.9"
113.108.12.139 - - [12/Nov/2012:07:42:24 +0800] "POST /api/manyou/my.php HTTP/1.0" 404 16 "http://bbs.igeyao.com/api/manyou/my.php" "Mozilla/5.0 (Windows; U; Windows NT 5.1; zh-CN; rv:1.9.1.9) Gecko/20100315 Firefox/3.5.9"
114.80.109.29 - - [12/Nov/2012:07:42:42 +0800] "POST /api/manyou/my.php HTTP/1.0" 404 16 "http://bbs.igeyao.com/api/manyou/my.php" "Mozilla/5.0 (Windows; U; Windows NT 5.1; zh-CN; rv:1.9.1.9) Gecko/20100315 Firefox/3.5.9"
114.80.109.29 - - [12/Nov/2012:07:42:59 +0800] "POST /api/manyou/my.php HTTP/1.0" 404 16 "http://bbs.igeyao.com/api/manyou/my.php" "Mozilla/5.0 (Windows; U; Windows NT 5.1; zh-CN; rv:1.9.1.9) Gecko/20100315 Firefox/3.5.9"
180.153.73.164 - - [12/Nov/2012:07:43:09 +0800] "POST /api/manyou/my.php HTTP/1.0" 404 16 "http://bbs.igeyao.com/api/manyou/my.php" "Mozilla/5.0 (Windows; U; Windows NT 5.1; zh-CN; rv:1.9.1.9) Gecko/20100315 Firefox/3.5.9"
113.108.12.107 - - [12/Nov/2012:07:43:22 +0800] "POST /api/manyou/my.php HTTP/1.0" 404 16 "http://bbs.igeyao.com/api/manyou/my.php" "Mozilla/5.0 (Windows; U; Windows NT 5.1; zh-CN; rv:1.9.1.9) Gecko/20100315 Firefox/3.5.9"
114.80.109.29 - - [12/Nov/2012:07:43:41 +0800] "POST /api/manyou/my.php HTTP/1.0" 404 16 "http://bbs.igeyao.com/api/manyou/my.php" "Mozilla/5.0 (Windows; U; Windows NT 5.1; zh-CN; rv:1.9.1.9) Gecko/20100315 Firefox/3.5.9"
113.108.12.107 - - [12/Nov/2012:07:43:49 +0800] "POST /api/manyou/my.php HTTP/1.0" 404 16 "http://bbs.igeyao.com/api/manyou/my.php" "Mozilla/5.0 (Windows; U; Windows NT 5.1; zh-CN; rv:1.9.1.9) Gecko/20100315 Firefox/3.5.9"
113.108.12.111 - - [12/Nov/2012:07:44:09 +0800] "POST /api/manyou/my.php HTTP/1.0" 404 16 "http://bbs.igeyao.com/api/manyou/my.php" "Mozilla/5.0 (Windows; U; Windows NT 5.1; zh-CN; rv:1.9.1.9) Gecko/20100315 Firefox/3.5.9"
121.14.98.65 - - [12/Nov/2012:07:44:28 +0800] "POST /api/manyou/my.php HTTP/1.0" 404 16 "http://bbs.igeyao.com/api/manyou/my.php" "Mozilla/5.0 (Windows; U; Windows NT 5.1; zh-CN; rv:1.9.1.9) Gecko/20100315 Firefox/3.5.9"
121.14.98.65 - - [12/Nov/2012:07:44:40 +0800] "POST /api/manyou/my.php HTTP/1.0" 404 16 "http://bbs.igeyao.com/api/manyou/my.php" "Mozilla/5.0 (Windows; U; Windows NT 5.1; zh-CN; rv:1.9.1.9) Gecko/20100315 Firefox/3.5.9"
124.115.4.33 - - [12/Nov/2012:07:44:50 +0800] "POST /api/manyou/my.php HTTP/1.0" 404 16 "http://bbs.igeyao.com/api/manyou/my.php" "Mozilla/5.0 (Windows; U; Windows NT 5.1; zh-CN; rv:1.9.1.9) Gecko/20100315 Firefox/3.5.9"
121.14.98.65 - - [12/Nov/2012:07:45:03 +0800] "POST /api/manyou/my.php HTTP/1.0" 404 16 "http://bbs.igeyao.com/api/manyou/my.php" "Mozilla/5.0 (Windows; U; Windows NT 5.1; zh-CN; rv:1.9.1.9) Gecko/20100315 Firefox/3.5.9"
114.80.109.30 - - [12/Nov/2012:07:45:16 +0800] "POST /api/manyou/my.php HTTP/1.0" 404 16 "http://bbs.igeyao.com/api/manyou/my.php" "Mozilla/5.0 (Windows; U; Windows NT 5.1; zh-CN; rv:1.9.1.9) Gecko/20100315 Firefox/3.5.9"
124.115.5.53 - - [12/Nov/2012:07:45:36 +0800] "POST /api/manyou/my.php HTTP/1.0" 404 16 "http://bbs.igeyao.com/api/manyou/my.php" "Mozilla/5.0 (Windows; U; Windows NT 5.1; zh-CN; rv:1.9.1.9) Gecko/20100315 Firefox/3.5.9"
180.153.160.116 - - [12/Nov/2012:07:45:49 +0800] "POST /api/manyou/my.php HTTP/1.0" 404 16 "http://bbs.igeyao.com/api/manyou/my.php" "Mozilla/5.0 (Windows; U; Windows NT 5.1; zh-CN; rv:1.9.1.9) Gecko/20100315 Firefox/3.5.9"
113.108.12.111 - - [12/Nov/2012:07:46:06 +0800] "POST /api/manyou/my.php HTTP/1.0" 404 16 "http://bbs.igeyao.com/api/manyou/my.php" "Mozilla/5.0 (Windows; U; Windows NT 5.1; zh-CN; rv:1.9.1.9) Gecko/20100315 Firefox/3.5.9"
180.153.160.114 - - [12/Nov/2012:07:46:35 +0800] "POST /api/manyou/my.php HTTP/1.0" 404 16 "http://bbs.igeyao.com/api/manyou/my.php" "Mozilla/5.0 (Windows; U; Windows NT 5.1; zh-CN; rv:1.9.1.9) Gecko/20100315 Firefox/3.5.9"
113.108.12.123 - - [12/Nov/2012:07:47:03 +0800] "POST /api/manyou/my.php HTTP/1.0" 404 16 "http://bbs.igeyao.com/api/manyou/my.php" "Mozilla/5.0 (Windows; U; Windows NT 5.1; zh-CN; rv:1.9.1.9) Gecko/20100315 Firefox/3.5.9"
124.115.4.33 - - [12/Nov/2012:07:47:21 +0800] "POST /api/manyou/my.php HTTP/1.0" 404 16 "http://bbs.igeyao.com/api/manyou/my.php" "Mozilla/5.0 (Windows; U; Windows NT 5.1; zh-CN; rv:1.9.1.9) Gecko/20100315 Firefox/3.5.9"
91.201.64.24 - - [12/Nov/2012:07:47:25 +0800] "GET /forum.php?mod=forumdisplay&fid=63 HTTP/1.1" 404 47 "-" "Mozilla/5.0 (X11; U; Linux i686; pl; rv:1.8.0.7) Gecko/20060914 Firefox/1.5.0.7 (Swiftfox)"
124.115.5.12 - - [12/Nov/2012:07:47:41 +0800] "POST /api/manyou/my.php HTTP/1.0" 404 16 "http://bbs.igeyao.com/api/manyou/my.php" "Mozilla/5.0 (Windows; U; Windows NT 5.1; zh-CN; rv:1.9.1.9) Gecko/20100315 Firefox/3.5.9"
220.181.108.103 - - [12/Nov/2012:07:48:02 +0800] "GET /?tag=%E8%AF%8D%E9%A2%91%E7%BB%9F%E8%AE%A1 HTTP/1.1" 200 7617 "-" "Mozilla/5.0 (compatible; Baiduspider/2.0; +http://www.baidu.com/search/spider.html)"
124.115.5.53 - - [12/Nov/2012:07:48:06 +0800] "POST /api/manyou/my.php HTTP/1.0" 404 16 "http://bbs.igeyao.com/api/manyou/my.php" "Mozilla/5.0 (Windows; U; Windows NT 5.1; zh-CN; rv:1.9.1.9) Gecko/20100315 Firefox/3.5.9"
124.115.5.53 - - [12/Nov/2012:07:48:16 +0800] "POST /api/manyou/my.php HTTP/1.0" 404 16 "http://bbs.igeyao.com/api/manyou/my.php" "Mozilla/5.0 (Windows; U; Windows NT 5.1; zh-CN; rv:1.9.1.9) Gecko/20100315 Firefox/3.5.9"
113.108.12.123 - - [12/Nov/2012:07:48:37 +0800] "POST /api/manyou/my.php HTTP/1.0" 404 16 "http://bbs.igeyao.com/api/manyou/my.php" "Mozilla/5.0 (Windows; U; Windows NT 5.1; zh-CN; rv:1.9.1.9) Gecko/20100315 Firefox/3.5.9"
114.80.93.227 - - [12/Nov/2012:07:48:51 +0800] "POST /api/manyou/my.php HTTP/1.0" 404 16 "http://bbs.igeyao.com/api/manyou/my.php" "Mozilla/5.0 (Windows; U; Windows NT 5.1; zh-CN; rv:1.9.1.9) Gecko/20100315 Firefox/3.5.9"
114.80.93.13 - - [12/Nov/2012:07:49:00 +0800] "POST /api/manyou/my.php HTTP/1.0" 404 16 "http://bbs.igeyao.com/api/manyou/my.php" "Mozilla/5.0 (Windows; U; Windows NT 5.1; zh-CN; rv:1.9.1.9) Gecko/20100315 Firefox/3.5.9"
113.108.12.139 - - [12/Nov/2012:07:49:18 +0800] "POST /api/manyou/my.php HTTP/1.0" 404 16 "http://bbs.igeyao.com/api/manyou/my.php" "Mozilla/5.0 (Windows; U; Windows NT 5.1; zh-CN; rv:1.9.1.9) Gecko/20100315 Firefox/3.5.9"
113.108.12.103 - - [12/Nov/2012:07:49:38 +0800] "POST /api/manyou/my.php HTTP/1.0" 404 16 "http://bbs.igeyao.com/api/manyou/my.php" "Mozilla/5.0 (Windows; U; Windows NT 5.1; zh-CN; rv:1.9.1.9) Gecko/20100315 Firefox/3.5.9"
124.115.5.53 - - [12/Nov/2012:07:49:40 +0800] "POST /api/manyou/my.php HTTP/1.0" 404 16 "http://bbs.igeyao.com/api/manyou/my.php" "Mozilla/5.0 (Windows; U; Windows NT 5.1; zh-CN; rv:1.9.1.9) Gecko/20100315 Firefox/3.5.9"
124.115.5.12 - - [12/Nov/2012:07:49:51 +0800] "POST /api/manyou/my.php HTTP/1.0" 404 16 "http://bbs.igeyao.com/api/manyou/my.php" "Mozilla/5.0 (Windows; U; Windows NT 5.1; zh-CN; rv:1.9.1.9) Gecko/20100315 Firefox/3.5.9"
72.14.199.213 - - [12/Nov/2012:07:49:52 +0800] "GET /?feed=rss2 HTTP/1.1" 200 72141 "-" "Feedfetcher-Google; (+http://www.google.com/feedfetcher.html; 2 subscribers; feed-id=12826553577301189443)"
121.14.98.67 - - [12/Nov/2012:07:50:05 +0800] "POST /api/manyou/my.php HTTP/1.0" 404 16 "http://bbs.igeyao.com/api/manyou/my.php" "Mozilla/5.0 (Windows; U; Windows NT 5.1; zh-CN; rv:1.9.1.9) Gecko/20100315 Firefox/3.5.9"
113.108.12.139 - - [12/Nov/2012:07:50:17 +0800] "POST /api/manyou/my.php HTTP/1.0" 404 16 "http://bbs.igeyao.com/api/manyou/my.php" "Mozilla/5.0 (Windows; U; Windows NT 5.1; zh-CN; rv:1.9.1.9) Gecko/20100315 Firefox/3.5.9"
124.115.4.33 - - [12/Nov/2012:07:50:38 +0800] "POST /api/manyou/my.php HTTP/1.0" 404 16 "http://bbs.igeyao.com/api/manyou/my.php" "Mozilla/5.0 (Windows; U; Windows NT 5.1; zh-CN; rv:1.9.1.9) Gecko/20100315 Firefox/3.5.9"
114.80.93.180 - - [12/Nov/2012:07:50:57 +0800] "POST /api/manyou/my.php HTTP/1.0" 404 16 "http://bbs.igeyao.com/api/manyou/my.php" "Mozilla/5.0 (Windows; U; Windows NT 5.1; zh-CN; rv:1.9.1.9) Gecko/20100315 Firefox/3.5.9"
113.108.12.111 - - [12/Nov/2012:07:51:22 +0800] "POST /api/manyou/my.php HTTP/1.0" 404 16 "http://bbs.igeyao.com/api/manyou/my.php" "Mozilla/5.0 (Windows; U; Windows NT 5.1; zh-CN; rv:1.9.1.9) Gecko/20100315 Firefox/3.5.9"
113.108.12.123 - - [12/Nov/2012:07:51:46 +0800] "POST /api/manyou/my.php HTTP/1.0" 404 16 "http://bbs.igeyao.com/api/manyou/my.php" "Mozilla/5.0 (Windows; U; Windows NT 5.1; zh-CN; rv:1.9.1.9) Gecko/20100315 Firefox/3.5.9"
114.80.109.29 - - [12/Nov/2012:07:52:07 +0800] "POST /api/manyou/my.php HTTP/1.0" 404 16 "http://bbs.igeyao.com/api/manyou/my.php" "Mozilla/5.0 (Windows; U; Windows NT 5.1; zh-CN; rv:1.9.1.9) Gecko/20100315 Firefox/3.5.9"
124.115.5.12 - - [12/Nov/2012:07:52:25 +0800] "POST /api/manyou/my.php HTTP/1.0" 404 16 "http://bbs.igeyao.com/api/manyou/my.php" "Mozilla/5.0 (Windows; U; Windows NT 5.1; zh-CN; rv:1.9.1.9) Gecko/20100315 Firefox/3.5.9"
124.115.5.12 - - [12/Nov/2012:07:52:47 +0800] "POST /api/manyou/my.php HTTP/1.0" 404 16 "http://bbs.igeyao.com/api/manyou/my.php" "Mozilla/5.0 (Windows; U; Windows NT 5.1; zh-CN; rv:1.9.1.9) Gecko/20100315 Firefox/3.5.9"
61.135.216.105 - - [12/Nov/2012:07:52:47 +0800] "GET /?feed=rss2 HTTP/1.1" 304 0 "-" "Mozilla/5.0 (compatible;YoudaoFeedFetcher/1.0;http://www.youdao.com/help/reader/faq/topic006/;1 subscribers;)"
113.108.12.111 - - [12/Nov/2012:07:53:02 +0800] "POST /api/manyou/my.php HTTP/1.0" 404 16 "http://bbs.igeyao.com/api/manyou/my.php" "Mozilla/5.0 (Windows; U; Windows NT 5.1; zh-CN; rv:1.9.1.9) Gecko/20100315 Firefox/3.5.9"
157.56.93.202 - - [12/Nov/2012:07:53:50 +0800] "GET /forum.php HTTP/1.1" 404 47 "-" "Mozilla/5.0 (compatible; bingbot/2.0; +http://www.bing.com/bingbot.htm)"
124.115.4.33 - - [12/Nov/2012:07:53:55 +0800] "POST /api/manyou/my.php HTTP/1.0" 404 16 "http://bbs.igeyao.com/api/manyou/my.php" "Mozilla/5.0 (Windows; U; Windows NT 5.1; zh-CN; rv:1.9.1.9) Gecko/20100315 Firefox/3.5.9"
124.115.4.33 - - [12/Nov/2012:07:54:18 +0800] "POST /api/manyou/my.php HTTP/1.0" 404 16 "http://bbs.igeyao.com/api/manyou/my.php" "Mozilla/5.0 (Windows; U; Windows NT 5.1; zh-CN; rv:1.9.1.9) Gecko/20100315 Firefox/3.5.9"
124.115.5.53 - - [12/Nov/2012:07:54:35 +0800] "POST /api/manyou/my.php HTTP/1.0" 404 16 "http://bbs.igeyao.com/api/manyou/my.php" "Mozilla/5.0 (Windows; U; Windows NT 5.1; zh-CN; rv:1.9.1.9) Gecko/20100315 Firefox/3.5.9"
113.108.12.139 - - [12/Nov/2012:07:54:53 +0800] "POST /api/manyou/my.php HTTP/1.0" 404 16 "http://bbs.igeyao.com/api/manyou/my.php" "Mozilla/5.0 (Windows; U; Windows NT 5.1; zh-CN; rv:1.9.1.9) Gecko/20100315 Firefox/3.5.9"
121.14.98.65 - - [12/Nov/2012:07:55:12 +0800] "POST /api/manyou/my.php HTTP/1.0" 404 16 "http://bbs.igeyao.com/api/manyou/my.php" "Mozilla/5.0 (Windows; U; Windows NT 5.1; zh-CN; rv:1.9.1.9) Gecko/20100315 Firefox/3.5.9"
113.108.12.139 - - [12/Nov/2012:07:55:33 +0800] "POST /api/manyou/my.php HTTP/1.0" 404 16 "http://bbs.igeyao.com/api/manyou/my.php" "Mozilla/5.0 (Windows; U; Windows NT 5.1; zh-CN; rv:1.9.1.9) Gecko/20100315 Firefox/3.5.9"
113.108.12.103 - - [12/Nov/2012:07:55:50 +0800] "POST /api/manyou/my.php HTTP/1.0" 404 16 "http://bbs.igeyao.com/api/manyou/my.php" "Mozilla/5.0 (Windows; U; Windows NT 5.1; zh-CN; rv:1.9.1.9) Gecko/20100315 Firefox/3.5.9"
113.108.12.103 - - [12/Nov/2012:07:56:13 +0800] "POST /api/manyou/my.php HTTP/1.0" 404 16 "http://bbs.igeyao.com/api/manyou/my.php" "Mozilla/5.0 (Windows; U; Windows NT 5.1; zh-CN; rv:1.9.1.9) Gecko/20100315 Firefox/3.5.9"
180.153.160.116 - - [12/Nov/2012:07:56:32 +0800] "POST /api/manyou/my.php HTTP/1.0" 404 16 "http://bbs.igeyao.com/api/manyou/my.php" "Mozilla/5.0 (Windows; U; Windows NT 5.1; zh-CN; rv:1.9.1.9) Gecko/20100315 Firefox/3.5.9"
113.108.12.111 - - [12/Nov/2012:07:57:11 +0800] "POST /api/manyou/my.php HTTP/1.0" 404 16 "http://bbs.igeyao.com/api/manyou/my.php" "Mozilla/5.0 (Windows; U; Windows NT 5.1; zh-CN; rv:1.9.1.9) Gecko/20100315 Firefox/3.5.9"
121.14.98.65 - - [12/Nov/2012:07:57:28 +0800] "POST /api/manyou/my.php HTTP/1.0" 404 16 "http://bbs.igeyao.com/api/manyou/my.php" "Mozilla/5.0 (Windows; U; Windows NT 5.1; zh-CN; rv:1.9.1.9) Gecko/20100315 Firefox/3.5.9"
61.135.249.198 - - [12/Nov/2012:07:57:40 +0800] "GET / HTTP/1.1" 200 14604 "-" "Mozilla/5.0 (compatible; YodaoBot/1.0; http://www.yodao.com/help/webmaster/spider/; )"
124.115.4.33 - - [12/Nov/2012:07:57:49 +0800] "POST /api/manyou/my.php HTTP/1.0" 404 16 "http://bbs.igeyao.com/api/manyou/my.php" "Mozilla/5.0 (Windows; U; Windows NT 5.1; zh-CN; rv:1.9.1.9) Gecko/20100315 Firefox/3.5.9"
114.80.109.29 - - [12/Nov/2012:07:58:04 +0800] "POST /api/manyou/my.php HTTP/1.0" 404 16 "http://bbs.igeyao.com/api/manyou/my.php" "Mozilla/5.0 (Windows; U; Windows NT 5.1; zh-CN; rv:1.9.1.9) Gecko/20100315 Firefox/3.5.9"
114.80.109.30 - - [12/Nov/2012:07:58:25 +0800] "POST /api/manyou/my.php HTTP/1.0" 404 16 "http://bbs.igeyao.com/api/manyou/my.php" "Mozilla/5.0 (Windows; U; Windows NT 5.1; zh-CN; rv:1.9.1.9) Gecko/20100315 Firefox/3.5.9"
124.115.4.33 - - [12/Nov/2012:07:58:47 +0800] "POST /api/manyou/my.php HTTP/1.0" 404 16 "http://bbs.igeyao.com/api/manyou/my.php" "Mozilla/5.0 (Windows; U; Windows NT 5.1; zh-CN; rv:1.9.1.9) Gecko/20100315 Firefox/3.5.9"
113.108.12.123 - - [12/Nov/2012:07:59:01 +0800] "POST /api/manyou/my.php HTTP/1.0" 404 16 "http://bbs.igeyao.com/api/manyou/my.php" "Mozilla/5.0 (Windows; U; Windows NT 5.1; zh-CN; rv:1.9.1.9) Gecko/20100315 Firefox/3.5.9"
113.108.12.107 - - [12/Nov/2012:07:59:15 +0800] "POST /api/manyou/my.php HTTP/1.0" 404 16 "http://bbs.igeyao.com/api/manyou/my.php" "Mozilla/5.0 (Windows; U; Windows NT 5.1; zh-CN; rv:1.9.1.9) Gecko/20100315 Firefox/3.5.9"
113.108.12.111 - - [12/Nov/2012:07:59:31 +0800] "POST /api/manyou/my.php HTTP/1.0" 404 16 "http://bbs.igeyao.com/api/manyou/my.php" "Mozilla/5.0 (Windows; U; Windows NT 5.1; zh-CN; rv:1.9.1.9) Gecko/20100315 Firefox/3.5.9"
180.153.160.116 - - [12/Nov/2012:07:59:51 +0800] "POST /api/manyou/my.php HTTP/1.0" 404 16 "http://bbs.igeyao.com/api/manyou/my.php" "Mozilla/5.0 (Windows; U; Windows NT 5.1; zh-CN; rv:1.9.1.9) Gecko/20100315 Firefox/3.5.9"
121.14.98.66 - - [12/Nov/2012:08:00:04 +0800] "POST /api/manyou/my.php HTTP/1.0" 404 16 "http://bbs.igeyao.com/api/manyou/my.php" "Mozilla/5.0 (Windows; U; Windows NT 5.1; zh-CN; rv:1.9.1.9) Gecko/20100315 Firefox/3.5.9"
198.15.113.106 - - [12/Nov/2012:08:00:08 +0800] "GET /wordpress/wp-config? HTTP/1.1" 404 169 "-" "-"
121.14.98.64 - - [12/Nov/2012:08:00:23 +0800] "POST /api/manyou/my.php HTTP/1.0" 404 16 "http://bbs.igeyao.com/api/manyou/my.php" "Mozilla/5.0 (Windows; U; Windows NT 5.1; zh-CN; rv:1.9.1.9) Gecko/20100315 Firefox/3.5.9"
124.115.5.12 - - [12/Nov/2012:08:00:45 +0800] "POST /api/manyou/my.php HTTP/1.0" 404 16 "http://bbs.igeyao.com/api/manyou/my.php" "Mozilla/5.0 (Windows; U; Windows NT 5.1; zh-CN; rv:1.9.1.9) Gecko/20100315 Firefox/3.5.9"
113.108.12.103 - - [12/Nov/2012:08:01:02 +0800] "POST /api/manyou/my.php HTTP/1.0" 404 16 "http://bbs.igeyao.com/api/manyou/my.php" "Mozilla/5.0 (Windows; U; Windows NT 5.1; zh-CN; rv:1.9.1.9) Gecko/20100315 Firefox/3.5.9"
113.108.12.107 - - [12/Nov/2012:08:01:28 +0800] "POST /api/manyou/my.php HTTP/1.0" 404 16 "http://bbs.igeyao.com/api/manyou/my.php" "Mozilla/5.0 (Windows; U; Windows NT 5.1; zh-CN; rv:1.9.1.9) Gecko/20100315 Firefox/3.5.9"
113.108.12.139 - - [12/Nov/2012:08:01:50 +0800] "POST /api/manyou/my.php HTTP/1.0" 404 16 "http://bbs.igeyao.com/api/manyou/my.php" "Mozilla/5.0 (Windows; U; Windows NT 5.1; zh-CN; rv:1.9.1.9) Gecko/20100315 Firefox/3.5.9"
113.108.12.139 - - [12/Nov/2012:08:02:07 +0800] "POST /api/manyou/my.php HTTP/1.0" 404 16 "http://bbs.igeyao.com/api/manyou/my.php" "Mozilla/5.0 (Windows; U; Windows NT 5.1; zh-CN; rv:1.9.1.9) Gecko/20100315 Firefox/3.5.9"
113.108.12.107 - - [12/Nov/2012:08:02:28 +0800] "POST /api/manyou/my.php HTTP/1.0" 404 16 "http://bbs.igeyao.com/api/manyou/my.php" "Mozilla/5.0 (Windows; U; Windows NT 5.1; zh-CN; rv:1.9.1.9) Gecko/20100315 Firefox/3.5.9"
124.115.5.53 - - [12/Nov/2012:08:02:47 +0800] "POST /api/manyou/my.php HTTP/1.0" 404 16 "http://bbs.igeyao.com/api/manyou/my.php" "Mozilla/5.0 (Windows; U; Windows NT 5.1; zh-CN; rv:1.9.1.9) Gecko/20100315 Firefox/3.5.9"
113.108.12.111 - - [12/Nov/2012:08:03:01 +0800] "POST /api/manyou/my.php HTTP/1.0" 404 16 "http://bbs.igeyao.com/api/manyou/my.php" "Mozilla/5.0 (Windows; U; Windows NT 5.1; zh-CN; rv:1.9.1.9) Gecko/20100315 Firefox/3.5.9"
113.108.12.111 - - [12/Nov/2012:08:03:13 +0800] "POST /api/manyou/my.php HTTP/1.0" 404 16 "http://bbs.igeyao.com/api/manyou/my.php" "Mozilla/5.0 (Windows; U; Windows NT 5.1; zh-CN; rv:1.9.1.9) Gecko/20100315 Firefox/3.5.9"
114.80.109.29 - - [12/Nov/2012:08:03:34 +0800] "POST /api/manyou/my.php HTTP/1.0" 404 16 "http://bbs.igeyao.com/api/manyou/my.php" "Mozilla/5.0 (Windows; U; Windows NT 5.1; zh-CN; rv:1.9.1.9) Gecko/20100315 Firefox/3.5.9"
113.108.12.103 - - [12/Nov/2012:08:03:47 +0800] "POST /api/manyou/my.php HTTP/1.0" 404 16 "http://bbs.igeyao.com/api/manyou/my.php" "Mozilla/5.0 (Windows; U; Windows NT 5.1; zh-CN; rv:1.9.1.9) Gecko/20100315 Firefox/3.5.9"
121.14.98.67 - - [12/Nov/2012:08:03:57 +0800] "POST /api/manyou/my.php HTTP/1.0" 404 16 "http://bbs.igeyao.com/api/manyou/my.php" "Mozilla/5.0 (Windows; U; Windows NT 5.1; zh-CN; rv:1.9.1.9) Gecko/20100315 Firefox/3.5.9"
113.108.12.103 - - [12/Nov/2012:08:04:11 +0800] "POST /api/manyou/my.php HTTP/1.0" 404 16 "http://bbs.igeyao.com/api/manyou/my.php" "Mozilla/5.0 (Windows; U; Windows NT 5.1; zh-CN; rv:1.9.1.9) Gecko/20100315 Firefox/3.5.9"
113.108.12.123 - - [12/Nov/2012:08:04:25 +0800] "POST /api/manyou/my.php HTTP/1.0" 404 16 "http://bbs.igeyao.com/api/manyou/my.php" "Mozilla/5.0 (Windows; U; Windows NT 5.1; zh-CN; rv:1.9.1.9) Gecko/20100315 Firefox/3.5.9"
113.108.12.111 - - [12/Nov/2012:08:04:34 +0800] "POST /api/manyou/my.php HTTP/1.0" 404 16 "http://bbs.igeyao.com/api/manyou/my.php" "Mozilla/5.0 (Windows; U; Windows NT 5.1; zh-CN; rv:1.9.1.9) Gecko/20100315 Firefox/3.5.9"
113.108.12.139 - - [12/Nov/2012:08:04:44 +0800] "POST /api/manyou/my.php HTTP/1.0" 404 16 "http://bbs.igeyao.com/api/manyou/my.php" "Mozilla/5.0 (Windows; U; Windows NT 5.1; zh-CN; rv:1.9.1.9) Gecko/20100315 Firefox/3.5.9"
114.80.93.13 - - [12/Nov/2012:08:04:55 +0800] "POST /api/manyou/my.php HTTP/1.0" 404 16 "http://bbs.igeyao.com/api/manyou/my.php" "Mozilla/5.0 (Windows; U; Windows NT 5.1; zh-CN; rv:1.9.1.9) Gecko/20100315 Firefox/3.5.9"
113.108.12.123 - - [12/Nov/2012:08:05:05 +0800] "POST /api/manyou/my.php HTTP/1.0" 404 16 "http://bbs.igeyao.com/api/manyou/my.php" "Mozilla/5.0 (Windows; U; Windows NT 5.1; zh-CN; rv:1.9.1.9) Gecko/20100315 Firefox/3.5.9"
124.115.4.33 - - [12/Nov/2012:08:05:31 +0800] "POST /api/manyou/my.php HTTP/1.0" 404 16 "http://bbs.igeyao.com/api/manyou/my.php" "Mozilla/5.0 (Windows; U; Windows NT 5.1; zh-CN; rv:1.9.1.9) Gecko/20100315 Firefox/3.5.9"
113.108.12.111 - - [12/Nov/2012:08:05:41 +0800] "POST /api/manyou/my.php HTTP/1.0" 404 16 "http://bbs.igeyao.com/api/manyou/my.php" "Mozilla/5.0 (Windows; U; Windows NT 5.1; zh-CN; rv:1.9.1.9) Gecko/20100315 Firefox/3.5.9"
121.14.98.67 - - [12/Nov/2012:08:05:49 +0800] "POST /api/manyou/my.php HTTP/1.0" 404 16 "http://bbs.igeyao.com/api/manyou/my.php" "Mozilla/5.0 (Windows; U; Windows NT 5.1; zh-CN; rv:1.9.1.9) Gecko/20100315 Firefox/3.5.9"
91.224.160.222 - - [12/Nov/2012:08:05:54 +0800] "POST /wp-login.php HTTP/1.0" 200 3155 "http://igeyao.com/wp-login.php" "Opera/9.80 (Windows NT 6.1; U; ru) Presto/2.8.131 Version/11.10"
180.153.160.113 - - [12/Nov/2012:08:06:03 +0800] "POST /api/manyou/my.php HTTP/1.0" 404 16 "http://bbs.igeyao.com/api/manyou/my.php" "Mozilla/5.0 (Windows; U; Windows NT 5.1; zh-CN; rv:1.9.1.9) Gecko/20100315 Firefox/3.5.9"
113.108.12.111 - - [12/Nov/2012:08:06:20 +0800] "POST /api/manyou/my.php HTTP/1.0" 404 16 "http://bbs.igeyao.com/api/manyou/my.php" "Mozilla/5.0 (Windows; U; Windows NT 5.1; zh-CN; rv:1.9.1.9) Gecko/20100315 Firefox/3.5.9"
114.80.109.30 - - [12/Nov/2012:08:06:34 +0800] "POST /api/manyou/my.php HTTP/1.0" 404 16 "http://bbs.igeyao.com/api/manyou/my.php" "Mozilla/5.0 (Windows; U; Windows NT 5.1; zh-CN; rv:1.9.1.9) Gecko/20100315 Firefox/3.5.9"
124.115.4.33 - - [12/Nov/2012:08:06:53 +0800] "POST /api/manyou/my.php HTTP/1.0" 404 16 "http://bbs.igeyao.com/api/manyou/my.php" "Mozilla/5.0 (Windows; U; Windows NT 5.1; zh-CN; rv:1.9.1.9) Gecko/20100315 Firefox/3.5.9"
121.14.98.64 - - [12/Nov/2012:08:07:06 +0800] "POST /api/manyou/my.php HTTP/1.0" 404 16 "http://bbs.igeyao.com/api/manyou/my.php" "Mozilla/5.0 (Windows; U; Windows NT 5.1; zh-CN; rv:1.9.1.9) Gecko/20100315 Firefox/3.5.9"
114.80.109.29 - - [12/Nov/2012:08:07:17 +0800] "POST /api/manyou/my.php HTTP/1.0" 404 16 "http://bbs.igeyao.com/api/manyou/my.php" "Mozilla/5.0 (Windows; U; Windows NT 5.1; zh-CN; rv:1.9.1.9) Gecko/20100315 Firefox/3.5.9"
113.108.12.107 - - [12/Nov/2012:08:07:29 +0800] "POST /api/manyou/my.php HTTP/1.0" 404 16 "http://bbs.igeyao.com/api/manyou/my.php" "Mozilla/5.0 (Windows; U; Windows NT 5.1; zh-CN; rv:1.9.1.9) Gecko/20100315 Firefox/3.5.9"
61.135.216.105 - - [12/Nov/2012:08:07:52 +0800] "GET /?feed=rss2 HTTP/1.1" 304 0 "-" "Mozilla/5.0 (compatible;YoudaoFeedFetcher/1.0;http://www.youdao.com/help/reader/faq/topic006/;1 subscribers;)"
124.115.4.33 - - [12/Nov/2012:08:07:56 +0800] "POST /api/manyou/my.php HTTP/1.0" 404 16 "http://bbs.igeyao.com/api/manyou/my.php" "Mozilla/5.0 (Windows; U; Windows NT 5.1; zh-CN; rv:1.9.1.9) Gecko/20100315 Firefox/3.5.9"
124.115.5.53 - - [12/Nov/2012:08:08:11 +0800] "POST /api/manyou/my.php HTTP/1.0" 404 16 "http://bbs.igeyao.com/api/manyou/my.php" "Mozilla/5.0 (Windows; U; Windows NT 5.1; zh-CN; rv:1.9.1.9) Gecko/20100315 Firefox/3.5.9"
124.115.5.12 - - [12/Nov/2012:08:08:16 +0800] "POST /api/manyou/my.php HTTP/1.0" 404 16 "http://bbs.igeyao.com/api/manyou/my.php" "Mozilla/5.0 (Windows; U; Windows NT 5.1; zh-CN; rv:1.9.1.9) Gecko/20100315 Firefox/3.5.9"
113.108.12.107 - - [12/Nov/2012:08:08:47 +0800] "POST /api/manyou/my.php HTTP/1.0" 404 16 "http://bbs.igeyao.com/api/manyou/my.php" "Mozilla/5.0 (Windows; U; Windows NT 5.1; zh-CN; rv:1.9.1.9) Gecko/20100315 Firefox/3.5.9"
113.108.12.123 - - [12/Nov/2012:08:08:58 +0800] "POST /api/manyou/my.php HTTP/1.0" 404 16 "http://bbs.igeyao.com/api/manyou/my.php" "Mozilla/5.0 (Windows; U; Windows NT 5.1; zh-CN; rv:1.9.1.9) Gecko/20100315 Firefox/3.5.9"
114.80.109.29 - - [12/Nov/2012:08:09:07 +0800] "POST /api/manyou/my.php HTTP/1.0" 404 16 "http://bbs.igeyao.com/api/manyou/my.php" "Mozilla/5.0 (Windows; U; Windows NT 5.1; zh-CN; rv:1.9.1.9) Gecko/20100315 Firefox/3.5.9"
121.14.98.64 - - [12/Nov/2012:08:09:23 +0800] "POST /api/manyou/my.php HTTP/1.0" 404 16 "http://bbs.igeyao.com/api/manyou/my.php" "Mozilla/5.0 (Windows; U; Windows NT 5.1; zh-CN; rv:1.9.1.9) Gecko/20100315 Firefox/3.5.9"
124.115.4.33 - - [12/Nov/2012:08:09:31 +0800] "POST /api/manyou/my.php HTTP/1.0" 404 16 "http://bbs.igeyao.com/api/manyou/my.php" "Mozilla/5.0 (Windows; U; Windows NT 5.1; zh-CN; rv:1.9.1.9) Gecko/20100315 Firefox/3.5.9"
124.115.5.53 - - [12/Nov/2012:08:09:42 +0800] "POST /api/manyou/my.php HTTP/1.0" 404 16 "http://bbs.igeyao.com/api/manyou/my.php" "Mozilla/5.0 (Windows; U; Windows NT 5.1; zh-CN; rv:1.9.1.9) Gecko/20100315 Firefox/3.5.9"
113.108.12.111 - - [12/Nov/2012:08:09:54 +0800] "POST /api/manyou/my.php HTTP/1.0" 404 16 "http://bbs.igeyao.com/api/manyou/my.php" "Mozilla/5.0 (Windows; U; Windows NT 5.1; zh-CN; rv:1.9.1.9) Gecko/20100315 Firefox/3.5.9"
114.80.93.13 - - [12/Nov/2012:08:10:07 +0800] "POST /api/manyou/my.php HTTP/1.0" 404 16 "http://bbs.igeyao.com/api/manyou/my.php" "Mozilla/5.0 (Windows; U; Windows NT 5.1; zh-CN; rv:1.9.1.9) Gecko/20100315 Firefox/3.5.9"
180.153.73.164 - - [12/Nov/2012:08:10:17 +0800] "POST /api/manyou/my.php HTTP/1.0" 404 16 "http://bbs.igeyao.com/api/manyou/my.php" "Mozilla/5.0 (Windows; U; Windows NT 5.1; zh-CN; rv:1.9.1.9) Gecko/20100315 Firefox/3.5.9"
113.108.12.111 - - [12/Nov/2012:08:10:34 +0800] "POST /api/manyou/my.php HTTP/1.0" 404 16 "http://bbs.igeyao.com/api/manyou/my.php" "Mozilla/5.0 (Windows; U; Windows NT 5.1; zh-CN; rv:1.9.1.9) Gecko/20100315 Firefox/3.5.9"
114.80.93.12 - - [12/Nov/2012:08:10:47 +0800] "POST /api/manyou/my.php HTTP/1.0" 404 16 "http://bbs.igeyao.com/api/manyou/my.php" "Mozilla/5.0 (Windows; U; Windows NT 5.1; zh-CN; rv:1.9.1.9) Gecko/20100315 Firefox/3.5.9"
113.108.12.139 - - [12/Nov/2012:08:10:59 +0800] "POST /api/manyou/my.php HTTP/1.0" 404 16 "http://bbs.igeyao.com/api/manyou/my.php" "Mozilla/5.0 (Windows; U; Windows NT 5.1; zh-CN; rv:1.9.1.9) Gecko/20100315 Firefox/3.5.9"
113.108.12.103 - - [12/Nov/2012:08:11:13 +0800] "POST /api/manyou/my.php HTTP/1.0" 404 16 "http://bbs.igeyao.com/api/manyou/my.php" "Mozilla/5.0 (Windows; U; Windows NT 5.1; zh-CN; rv:1.9.1.9) Gecko/20100315 Firefox/3.5.9"
113.108.12.107 - - [12/Nov/2012:08:11:31 +0800] "POST /api/manyou/my.php HTTP/1.0" 404 16 "http://bbs.igeyao.com/api/manyou/my.php" "Mozilla/5.0 (Windows; U; Windows NT 5.1; zh-CN; rv:1.9.1.9) Gecko/20100315 Firefox/3.5.9"
114.80.93.12 - - [12/Nov/2012:08:11:50 +0800] "POST /api/manyou/my.php HTTP/1.0" 404 16 "http://bbs.igeyao.com/api/manyou/my.php" "Mozilla/5.0 (Windows; U; Windows NT 5.1; zh-CN; rv:1.9.1.9) Gecko/20100315 Firefox/3.5.9"
113.108.12.107 - - [12/Nov/2012:08:12:09 +0800] "POST /api/manyou/my.php HTTP/1.0" 404 16 "http://bbs.igeyao.com/api/manyou/my.php" "Mozilla/5.0 (Windows; U; Windows NT 5.1; zh-CN; rv:1.9.1.9) Gecko/20100315 Firefox/3.5.9"
180.153.160.113 - - [12/Nov/2012:08:12:21 +0800] "POST /api/manyou/my.php HTTP/1.0" 404 16 "http://bbs.igeyao.com/api/manyou/my.php" "Mozilla/5.0 (Windows; U; Windows NT 5.1; zh-CN; rv:1.9.1.9) Gecko/20100315 Firefox/3.5.9"
124.115.5.12 - - [12/Nov/2012:08:12:36 +0800] "POST /api/manyou/my.php HTTP/1.0" 404 16 "http://bbs.igeyao.com/api/manyou/my.php" "Mozilla/5.0 (Windows; U; Windows NT 5.1; zh-CN; rv:1.9.1.9) Gecko/20100315 Firefox/3.5.9"
124.115.5.53 - - [12/Nov/2012:08:12:49 +0800] "POST /api/manyou/my.php HTTP/1.0" 404 16 "http://bbs.igeyao.com/api/manyou/my.php" "Mozilla/5.0 (Windows; U; Windows NT 5.1; zh-CN; rv:1.9.1.9) Gecko/20100315 Firefox/3.5.9"
113.108.12.103 - - [12/Nov/2012:08:12:58 +0800] "POST /api/manyou/my.php HTTP/1.0" 404 16 "http://bbs.igeyao.com/api/manyou/my.php" "Mozilla/5.0 (Windows; U; Windows NT 5.1; zh-CN; rv:1.9.1.9) Gecko/20100315 Firefox/3.5.9"
113.108.12.107 - - [12/Nov/2012:08:13:07 +0800] "POST /api/manyou/my.php HTTP/1.0" 404 16 "http://bbs.igeyao.com/api/manyou/my.php" "Mozilla/5.0 (Windows; U; Windows NT 5.1; zh-CN; rv:1.9.1.9) Gecko/20100315 Firefox/3.5.9"
113.108.12.111 - - [12/Nov/2012:08:13:15 +0800] "POST /api/manyou/my.php HTTP/1.0" 404 16 "http://bbs.igeyao.com/api/manyou/my.php" "Mozilla/5.0 (Windows; U; Windows NT 5.1; zh-CN; rv:1.9.1.9) Gecko/20100315 Firefox/3.5.9"
180.153.160.116 - - [12/Nov/2012:08:13:43 +0800] "POST /api/manyou/my.php HTTP/1.0" 404 16 "http://bbs.igeyao.com/api/manyou/my.php" "Mozilla/5.0 (Windows; U; Windows NT 5.1; zh-CN; rv:1.9.1.9) Gecko/20100315 Firefox/3.5.9"
114.80.93.73 - - [12/Nov/2012:08:13:51 +0800] "GET / HTTP/1.0" 200 66199 "-" "Mozilla/4.0 (compatible; MSIE 6.0; Windows NT 5.1; SV1; .NET CLR 1.1.4322;TencentTraveler)"
114.80.109.29 - - [12/Nov/2012:08:13:54 +0800] "POST /api/manyou/my.php HTTP/1.0" 404 16 "http://bbs.igeyao.com/api/manyou/my.php" "Mozilla/5.0 (Windows; U; Windows NT 5.1; zh-CN; rv:1.9.1.9) Gecko/20100315 Firefox/3.5.9"
