218.20.45.220 - - [12/Nov/2012:11:47:59 +0800] "GET /member.php?mod=logging&action=login HTTP/1.1" 404 27 "http://blog.igeyao.com/member.php?mod=logging&action=login" "Mozilla/4.0 (compatible; MSIE 7.0; Windows NT 5.1; .NET CLR 1.1.4322; .NET CLR 2.0.50727; .NET CLR 3.0.04506.30)"
218.20.45.220 - - [12/Nov/2012:11:47:59 +0800] "GET /forum.php?mod=post&action=newthread&fid=66 HTTP/1.1" 404 27 "http://blog.igeyao.com/forum.php?mod=post&action=newthread&fid=66" "Mozilla/4.0 (compatible; MSIE 7.0; Windows NT 5.1; .NET CLR 1.1.4322; .NET CLR 2.0.50727; .NET CLR 3.0.04506.30)"
218.20.45.220 - - [12/Nov/2012:11:48:00 +0800] "POST /forum.php?mod=post&action=newthread&fid=66&extra=&topicsubmit=yes&ajaxmenu=1&inajax=1 HTTP/1.1" 404 27 "http://blog.igeyao.com/forum.php?mod=post&action=newthread&fid=66&extra=&topicsubmit=yes&ajaxmenu=1&inajax=1" "Mozilla/4.0 (compatible; MSIE 7.0; Windows NT 5.1; .NET CLR 1.1.4322; .NET CLR 2.0.50727; .NET CLR 3.0.04506.30)"
113.108.12.123 - - [12/Nov/2012:11:48:01 +0800] "POST /api/manyou/my.php HTTP/1.0" 404 16 "http://bbs.igeyao.com/api/manyou/my.php" "Mozilla/5.0 (Windows; U; Windows NT 5.1; zh-CN; rv:1.9.1.9) Gecko/20100315 Firefox/3.5.9"
114.80.109.30 - - [12/Nov/2012:11:48:14 +0800] "POST /api/manyou/my.php HTTP/1.0" 404 16 "http://bbs.igeyao.com/api/manyou/my.php" "Mozilla/5.0 (Windows; U; Windows NT 5.1; zh-CN; rv:1.9.1.9) Gecko/20100315 Firefox/3.5.9"
121.14.98.67 - - [12/Nov/2012:11:48:22 +0800] "POST /api/manyou/my.php HTTP/1.0" 404 16 "http://bbs.igeyao.com/api/manyou/my.php" "Mozilla/5.0 (Windows; U; Windows NT 5.1; zh-CN; rv:1.9.1.9) Gecko/20100315 Firefox/3.5.9"
124.115.4.33 - - [12/Nov/2012:11:48:53 +0800] "POST /api/manyou/my.php HTTP/1.0" 404 16 "http://bbs.igeyao.com/api/manyou/my.php" "Mozilla/5.0 (Windows; U; Windows NT 5.1; zh-CN; rv:1.9.1.9) Gecko/20100315 Firefox/3.5.9"
113.108.12.123 - - [12/Nov/2012:11:49:06 +0800] "POST /api/manyou/my.php HTTP/1.0" 404 16 "http://bbs.igeyao.com/api/manyou/my.php" "Mozilla/5.0 (Windows; U; Windows NT 5.1; zh-CN; rv:1.9.1.9) Gecko/20100315 Firefox/3.5.9"
208.115.113.89 - - [12/Nov/2012:11:49:15 +0800] "GET /?p=350 HTTP/1.1" 200 13968 "-" "Mozilla/5.0 (compatible; Ezooms/1.0; ezooms.bot@gmail.com)"
208.115.113.89 - - [12/Nov/2012:11:49:19 +0800] "GET /?m=20120319 HTTP/1.1" 200 19345 "-" "Mozilla/5.0 (compatible; Ezooms/1.0; ezooms.bot@gmail.com)"
113.108.12.123 - - [12/Nov/2012:11:49:46 +0800] "POST /api/manyou/my.php HTTP/1.0" 404 16 "http://bbs.igeyao.com/api/manyou/my.php" "Mozilla/5.0 (Windows; U; Windows NT 5.1; zh-CN; rv:1.9.1.9) Gecko/20100315 Firefox/3.5.9"
124.115.5.53 - - [12/Nov/2012:11:49:55 +0800] "POST /api/manyou/my.php HTTP/1.0" 404 16 "http://bbs.igeyao.com/api/manyou/my.php" "Mozilla/5.0 (Windows; U; Windows NT 5.1; zh-CN; rv:1.9.1.9) Gecko/20100315 Firefox/3.5.9"
113.108.12.123 - - [12/Nov/2012:11:50:28 +0800] "POST /api/manyou/my.php HTTP/1.0" 404 16 "http://bbs.igeyao.com/api/manyou/my.php" "Mozilla/5.0 (Windows; U; Windows NT 5.1; zh-CN; rv:1.9.1.9) Gecko/20100315 Firefox/3.5.9"
121.14.98.63 - - [12/Nov/2012:11:50:39 +0800] "POST /api/manyou/my.php HTTP/1.0" 404 16 "http://bbs.igeyao.com/api/manyou/my.php" "Mozilla/5.0 (Windows; U; Windows NT 5.1; zh-CN; rv:1.9.1.9) Gecko/20100315 Firefox/3.5.9"
180.153.73.164 - - [12/Nov/2012:11:50:49 +0800] "POST /api/manyou/my.php HTTP/1.0" 404 16 "http://bbs.igeyao.com/api/manyou/my.php" "Mozilla/5.0 (Windows; U; Windows NT 5.1; zh-CN; rv:1.9.1.9) Gecko/20100315 Firefox/3.5.9"
114.80.93.180 - - [12/Nov/2012:11:51:02 +0800] "POST /api/manyou/my.php HTTP/1.0" 404 16 "http://bbs.igeyao.com/api/manyou/my.php" "Mozilla/5.0 (Windows; U; Windows NT 5.1; zh-CN; rv:1.9.1.9) Gecko/20100315 Firefox/3.5.9"
124.115.0.105 - - [12/Nov/2012:11:51:19 +0800] "GET / HTTP/1.1" 200 14603 "-" "Mozilla/5.0(compatible; Sosospider/2.0; +http://help.soso.com/webspider.htm)"
121.14.98.67 - - [12/Nov/2012:11:51:36 +0800] "POST /api/manyou/my.php HTTP/1.0" 404 16 "http://bbs.igeyao.com/api/manyou/my.php" "Mozilla/5.0 (Windows; U; Windows NT 5.1; zh-CN; rv:1.9.1.9) Gecko/20100315 Firefox/3.5.9"
113.108.12.107 - - [12/Nov/2012:11:51:47 +0800] "POST /api/manyou/my.php HTTP/1.0" 404 16 "http://bbs.igeyao.com/api/manyou/my.php" "Mozilla/5.0 (Windows; U; Windows NT 5.1; zh-CN; rv:1.9.1.9) Gecko/20100315 Firefox/3.5.9"
180.153.160.114 - - [12/Nov/2012:11:52:02 +0800] "POST /api/manyou/my.php HTTP/1.0" 404 16 "http://bbs.igeyao.com/api/manyou/my.php" "Mozilla/5.0 (Windows; U; Windows NT 5.1; zh-CN; rv:1.9.1.9) Gecko/20100315 Firefox/3.5.9"
113.108.12.111 - - [12/Nov/2012:11:52:12 +0800] "POST /api/manyou/my.php HTTP/1.0" 404 16 "http://bbs.igeyao.com/api/manyou/my.php" "Mozilla/5.0 (Windows; U; Windows NT 5.1; zh-CN; rv:1.9.1.9) Gecko/20100315 Firefox/3.5.9"
124.115.5.53 - - [12/Nov/2012:11:52:38 +0800] "POST /api/manyou/my.php HTTP/1.0" 404 16 "http://bbs.igeyao.com/api/manyou/my.php" "Mozilla/5.0 (Windows; U; Windows NT 5.1; zh-CN; rv:1.9.1.9) Gecko/20100315 Firefox/3.5.9"
114.80.109.30 - - [12/Nov/2012:11:52:48 +0800] "POST /api/manyou/my.php HTTP/1.0" 404 16 "http://bbs.igeyao.com/api/manyou/my.php" "Mozilla/5.0 (Windows; U; Windows NT 5.1; zh-CN; rv:1.9.1.9) Gecko/20100315 Firefox/3.5.9"
66.249.66.87 - - [12/Nov/2012:11:52:59 +0800] "GET /search.php?mod=forum&srchtxt=discuz&formhash=e5429055&searchsubmit=true&source=hotsearch HTTP/1.1" 404 47 "-" "Mozilla/5.0 (compatible; Googlebot/2.1; +http://www.google.com/bot.html)"
66.249.66.87 - - [12/Nov/2012:11:53:11 +0800] "GET /search.php?mod=forum&srchtxt=discuz&formhash=e39564e9&searchsubmit=true&source=hotsearch HTTP/1.1" 404 47 "-" "Mozilla/5.0 (compatible; Googlebot/2.1; +http://www.google.com/bot.html)"
113.108.12.103 - - [12/Nov/2012:11:53:19 +0800] "POST /api/manyou/my.php HTTP/1.0" 404 16 "http://bbs.igeyao.com/api/manyou/my.php" "Mozilla/5.0 (Windows; U; Windows NT 5.1; zh-CN; rv:1.9.1.9) Gecko/20100315 Firefox/3.5.9"
66.249.75.86 - - [12/Nov/2012:11:53:22 +0800] "GET /search.php?mod=forum&srchtxt=discuz&formhash=e31ac945&searchsubmit=true&source=hotsearch HTTP/1.1" 404 47 "-" "Mozilla/5.0 (compatible; Googlebot/2.1; +http://www.google.com/bot.html)"
66.249.66.86 - - [12/Nov/2012:11:53:24 +0800] "GET /search.php?mod=forum&srchtxt=discuz&formhash=e312a8b4&searchsubmit=true&source=hotsearch HTTP/1.1" 404 47 "-" "Mozilla/5.0 (compatible; Googlebot/2.1; +http://www.google.com/bot.html)"
121.14.98.64 - - [12/Nov/2012:11:53:38 +0800] "POST /api/manyou/my.php HTTP/1.0" 404 16 "http://bbs.igeyao.com/api/manyou/my.php" "Mozilla/5.0 (Windows; U; Windows NT 5.1; zh-CN; rv:1.9.1.9) Gecko/20100315 Firefox/3.5.9"
124.115.5.53 - - [12/Nov/2012:11:54:01 +0800] "POST /api/manyou/my.php HTTP/1.0" 404 16 "http://bbs.igeyao.com/api/manyou/my.php" "Mozilla/5.0 (Windows; U; Windows NT 5.1; zh-CN; rv:1.9.1.9) Gecko/20100315 Firefox/3.5.9"
61.135.216.105 - - [12/Nov/2012:11:54:06 +0800] "GET /?feed=rss2 HTTP/1.1" 304 0 "-" "Mozilla/5.0 (compatible;YoudaoFeedFetcher/1.0;http://www.youdao.com/help/reader/faq/topic006/;1 subscribers;)"
113.108.12.103 - - [12/Nov/2012:11:54:19 +0800] "POST /api/manyou/my.php HTTP/1.0" 404 16 "http://bbs.igeyao.com/api/manyou/my.php" "Mozilla/5.0 (Windows; U; Windows NT 5.1; zh-CN; rv:1.9.1.9) Gecko/20100315 Firefox/3.5.9"
113.108.12.103 - - [12/Nov/2012:11:54:50 +0800] "POST /api/manyou/my.php HTTP/1.0" 404 16 "http://bbs.igeyao.com/api/manyou/my.php" "Mozilla/5.0 (Windows; U; Windows NT 5.1; zh-CN; rv:1.9.1.9) Gecko/20100315 Firefox/3.5.9"
124.115.4.33 - - [12/Nov/2012:11:55:06 +0800] "POST /api/manyou/my.php HTTP/1.0" 404 16 "http://bbs.igeyao.com/api/manyou/my.php" "Mozilla/5.0 (Windows; U; Windows NT 5.1; zh-CN; rv:1.9.1.9) Gecko/20100315 Firefox/3.5.9"
124.115.5.12 - - [12/Nov/2012:11:55:28 +0800] "POST /api/manyou/my.php HTTP/1.0" 404 16 "http://bbs.igeyao.com/api/manyou/my.php" "Mozilla/5.0 (Windows; U; Windows NT 5.1; zh-CN; rv:1.9.1.9) Gecko/20100315 Firefox/3.5.9"
113.108.12.107 - - [12/Nov/2012:11:55:35 +0800] "POST /api/manyou/my.php HTTP/1.0" 404 16 "http://bbs.igeyao.com/api/manyou/my.php" "Mozilla/5.0 (Windows; U; Windows NT 5.1; zh-CN; rv:1.9.1.9) Gecko/20100315 Firefox/3.5.9"
180.153.160.114 - - [12/Nov/2012:11:55:45 +0800] "POST /api/manyou/my.php HTTP/1.0" 404 16 "http://bbs.igeyao.com/api/manyou/my.php" "Mozilla/5.0 (Windows; U; Windows NT 5.1; zh-CN; rv:1.9.1.9) Gecko/20100315 Firefox/3.5.9"
180.153.160.116 - - [12/Nov/2012:11:56:01 +0800] "POST /api/manyou/my.php HTTP/1.0" 404 16 "http://bbs.igeyao.com/api/manyou/my.php" "Mozilla/5.0 (Windows; U; Windows NT 5.1; zh-CN; rv:1.9.1.9) Gecko/20100315 Firefox/3.5.9"
114.80.109.29 - - [12/Nov/2012:11:56:17 +0800] "POST /api/manyou/my.php HTTP/1.0" 404 16 "http://bbs.igeyao.com/api/manyou/my.php" "Mozilla/5.0 (Windows; U; Windows NT 5.1; zh-CN; rv:1.9.1.9) Gecko/20100315 Firefox/3.5.9"
114.80.109.29 - - [12/Nov/2012:11:56:19 +0800] "POST /api/manyou/my.php HTTP/1.0" 404 16 "http://bbs.igeyao.com/api/manyou/my.php" "Mozilla/5.0 (Windows; U; Windows NT 5.1; zh-CN; rv:1.9.1.9) Gecko/20100315 Firefox/3.5.9"
113.108.12.107 - - [12/Nov/2012:11:56:28 +0800] "POST /api/manyou/my.php HTTP/1.0" 404 16 "http://bbs.igeyao.com/api/manyou/my.php" "Mozilla/5.0 (Windows; U; Windows NT 5.1; zh-CN; rv:1.9.1.9) Gecko/20100315 Firefox/3.5.9"
114.80.109.30 - - [12/Nov/2012:11:56:48 +0800] "POST /api/manyou/my.php HTTP/1.0" 404 16 "http://bbs.igeyao.com/api/manyou/my.php" "Mozilla/5.0 (Windows; U; Windows NT 5.1; zh-CN; rv:1.9.1.9) Gecko/20100315 Firefox/3.5.9"
220.181.108.169 - - [12/Nov/2012:11:56:49 +0800] "GET /forum.php?mod=viewthread&tid=118 HTTP/1.1" 404 47 "-" "Mozilla/5.0 (compatible; Baiduspider/2.0; +http://www.baidu.com/search/spider.html)"
113.108.12.103 - - [12/Nov/2012:11:56:57 +0800] "POST /api/manyou/my.php HTTP/1.0" 404 16 "http://bbs.igeyao.com/api/manyou/my.php" "Mozilla/5.0 (Windows; U; Windows NT 5.1; zh-CN; rv:1.9.1.9) Gecko/20100315 Firefox/3.5.9"
124.115.5.12 - - [12/Nov/2012:11:57:10 +0800] "POST /api/manyou/my.php HTTP/1.0" 404 16 "http://bbs.igeyao.com/api/manyou/my.php" "Mozilla/5.0 (Windows; U; Windows NT 5.1; zh-CN; rv:1.9.1.9) Gecko/20100315 Firefox/3.5.9"
113.108.12.111 - - [12/Nov/2012:11:57:34 +0800] "POST /api/manyou/my.php HTTP/1.0" 404 16 "http://bbs.igeyao.com/api/manyou/my.php" "Mozilla/5.0 (Windows; U; Windows NT 5.1; zh-CN; rv:1.9.1.9) Gecko/20100315 Firefox/3.5.9"
124.115.5.53 - - [12/Nov/2012:11:57:48 +0800] "POST /api/manyou/my.php HTTP/1.0" 404 16 "http://bbs.igeyao.com/api/manyou/my.php" "Mozilla/5.0 (Windows; U; Windows NT 5.1; zh-CN; rv:1.9.1.9) Gecko/20100315 Firefox/3.5.9"
113.108.12.103 - - [12/Nov/2012:11:58:17 +0800] "POST /api/manyou/my.php HTTP/1.0" 404 16 "http://bbs.igeyao.com/api/manyou/my.php" "Mozilla/5.0 (Windows; U; Windows NT 5.1; zh-CN; rv:1.9.1.9) Gecko/20100315 Firefox/3.5.9"
113.108.12.139 - - [12/Nov/2012:11:58:32 +0800] "POST /api/manyou/my.php HTTP/1.0" 404 16 "http://bbs.igeyao.com/api/manyou/my.php" "Mozilla/5.0 (Windows; U; Windows NT 5.1; zh-CN; rv:1.9.1.9) Gecko/20100315 Firefox/3.5.9"
113.108.12.111 - - [12/Nov/2012:11:58:56 +0800] "POST /api/manyou/my.php HTTP/1.0" 404 16 "http://bbs.igeyao.com/api/manyou/my.php" "Mozilla/5.0 (Windows; U; Windows NT 5.1; zh-CN; rv:1.9.1.9) Gecko/20100315 Firefox/3.5.9"
114.80.109.29 - - [12/Nov/2012:11:59:17 +0800] "POST /api/manyou/my.php HTTP/1.0" 404 16 "http://bbs.igeyao.com/api/manyou/my.php" "Mozilla/5.0 (Windows; U; Windows NT 5.1; zh-CN; rv:1.9.1.9) Gecko/20100315 Firefox/3.5.9"
121.14.98.63 - - [12/Nov/2012:11:59:38 +0800] "POST /api/manyou/my.php HTTP/1.0" 404 16 "http://bbs.igeyao.com/api/manyou/my.php" "Mozilla/5.0 (Windows; U; Windows NT 5.1; zh-CN; rv:1.9.1.9) Gecko/20100315 Firefox/3.5.9"
113.108.12.107 - - [12/Nov/2012:12:00:01 +0800] "POST /api/manyou/my.php HTTP/1.0" 404 16 "http://bbs.igeyao.com/api/manyou/my.php" "Mozilla/5.0 (Windows; U; Windows NT 5.1; zh-CN; rv:1.9.1.9) Gecko/20100315 Firefox/3.5.9"
114.80.93.227 - - [12/Nov/2012:12:00:26 +0800] "POST /api/manyou/my.php HTTP/1.0" 404 16 "http://bbs.igeyao.com/api/manyou/my.php" "Mozilla/5.0 (Windows; U; Windows NT 5.1; zh-CN; rv:1.9.1.9) Gecko/20100315 Firefox/3.5.9"
180.153.160.116 - - [12/Nov/2012:12:00:42 +0800] "POST /api/manyou/my.php HTTP/1.0" 404 16 "http://bbs.igeyao.com/api/manyou/my.php" "Mozilla/5.0 (Windows; U; Windows NT 5.1; zh-CN; rv:1.9.1.9) Gecko/20100315 Firefox/3.5.9"
113.108.12.103 - - [12/Nov/2012:12:00:58 +0800] "POST /api/manyou/my.php HTTP/1.0" 404 16 "http://bbs.igeyao.com/api/manyou/my.php" "Mozilla/5.0 (Windows; U; Windows NT 5.1; zh-CN; rv:1.9.1.9) Gecko/20100315 Firefox/3.5.9"
114.80.109.30 - - [12/Nov/2012:12:01:17 +0800] "POST /api/manyou/my.php HTTP/1.0" 404 16 "http://bbs.igeyao.com/api/manyou/my.php" "Mozilla/5.0 (Windows; U; Windows NT 5.1; zh-CN; rv:1.9.1.9) Gecko/20100315 Firefox/3.5.9"
114.80.109.29 - - [12/Nov/2012:12:01:41 +0800] "POST /api/manyou/my.php HTTP/1.0" 404 16 "http://bbs.igeyao.com/api/manyou/my.php" "Mozilla/5.0 (Windows; U; Windows NT 5.1; zh-CN; rv:1.9.1.9) Gecko/20100315 Firefox/3.5.9"
113.108.12.139 - - [12/Nov/2012:12:02:02 +0800] "POST /api/manyou/my.php HTTP/1.0" 404 16 "http://bbs.igeyao.com/api/manyou/my.php" "Mozilla/5.0 (Windows; U; Windows NT 5.1; zh-CN; rv:1.9.1.9) Gecko/20100315 Firefox/3.5.9"
124.115.5.12 - - [12/Nov/2012:12:02:25 +0800] "POST /api/manyou/my.php HTTP/1.0" 404 16 "http://bbs.igeyao.com/api/manyou/my.php" "Mozilla/5.0 (Windows; U; Windows NT 5.1; zh-CN; rv:1.9.1.9) Gecko/20100315 Firefox/3.5.9"
124.115.5.53 - - [12/Nov/2012:12:02:48 +0800] "POST /api/manyou/my.php HTTP/1.0" 404 16 "http://bbs.igeyao.com/api/manyou/my.php" "Mozilla/5.0 (Windows; U; Windows NT 5.1; zh-CN; rv:1.9.1.9) Gecko/20100315 Firefox/3.5.9"
124.115.5.53 - - [12/Nov/2012:12:03:12 +0800] "POST /api/manyou/my.php HTTP/1.0" 404 16 "http://bbs.igeyao.com/api/manyou/my.php" "Mozilla/5.0 (Windows; U; Windows NT 5.1; zh-CN; rv:1.9.1.9) Gecko/20100315 Firefox/3.5.9"
113.108.12.139 - - [12/Nov/2012:12:03:38 +0800] "POST /api/manyou/my.php HTTP/1.0" 404 16 "http://bbs.igeyao.com/api/manyou/my.php" "Mozilla/5.0 (Windows; U; Windows NT 5.1; zh-CN; rv:1.9.1.9) Gecko/20100315 Firefox/3.5.9"
114.80.109.29 - - [12/Nov/2012:12:04:00 +0800] "POST /api/manyou/my.php HTTP/1.0" 404 16 "http://bbs.igeyao.com/api/manyou/my.php" "Mozilla/5.0 (Windows; U; Windows NT 5.1; zh-CN; rv:1.9.1.9) Gecko/20100315 Firefox/3.5.9"
124.115.4.33 - - [12/Nov/2012:12:04:20 +0800] "POST /api/manyou/my.php HTTP/1.0" 404 16 "http://bbs.igeyao.com/api/manyou/my.php" "Mozilla/5.0 (Windows; U; Windows NT 5.1; zh-CN; rv:1.9.1.9) Gecko/20100315 Firefox/3.5.9"
113.108.12.123 - - [12/Nov/2012:12:04:50 +0800] "POST /api/manyou/my.php HTTP/1.0" 404 16 "http://bbs.igeyao.com/api/manyou/my.php" "Mozilla/5.0 (Windows; U; Windows NT 5.1; zh-CN; rv:1.9.1.9) Gecko/20100315 Firefox/3.5.9"
124.115.5.12 - - [12/Nov/2012:12:05:01 +0800] "POST /api/manyou/my.php HTTP/1.0" 404 16 "http://bbs.igeyao.com/api/manyou/my.php" "Mozilla/5.0 (Windows; U; Windows NT 5.1; zh-CN; rv:1.9.1.9) Gecko/20100315 Firefox/3.5.9"
66.249.66.88 - - [12/Nov/2012:12:05:16 +0800] "GET /?tag=%E5%93%88%E5%B0%94%E6%BB%A8%E5%8C%BB%E5%A4%A7%E8%A1%80%E6%A1%88 HTTP/1.1" 200 6717 "-" "Mozilla/5.0 (compatible; Googlebot/2.1; +http://www.google.com/bot.html)"
124.115.5.53 - - [12/Nov/2012:12:05:26 +0800] "POST /api/manyou/my.php HTTP/1.0" 404 16 "http://bbs.igeyao.com/api/manyou/my.php" "Mozilla/5.0 (Windows; U; Windows NT 5.1; zh-CN; rv:1.9.1.9) Gecko/20100315 Firefox/3.5.9"
113.108.12.123 - - [12/Nov/2012:12:05:45 +0800] "POST /api/manyou/my.php HTTP/1.0" 404 16 "http://bbs.igeyao.com/api/manyou/my.php" "Mozilla/5.0 (Windows; U; Windows NT 5.1; zh-CN; rv:1.9.1.9) Gecko/20100315 Firefox/3.5.9"
66.249.66.90 - - [12/Nov/2012:12:05:47 +0800] "GET /search.php?mod=forum&srchtxt=discuz&formhash=e52c08b6&searchsubmit=true&source=hotsearch HTTP/1.1" 404 47 "-" "Mozilla/5.0 (compatible; Googlebot/2.1; +http://www.google.com/bot.html)"
124.115.5.53 - - [12/Nov/2012:12:06:00 +0800] "POST /api/manyou/my.php HTTP/1.0" 404 16 "http://bbs.igeyao.com/api/manyou/my.php" "Mozilla/5.0 (Windows; U; Windows NT 5.1; zh-CN; rv:1.9.1.9) Gecko/20100315 Firefox/3.5.9"
113.108.12.107 - - [12/Nov/2012:12:06:19 +0800] "POST /api/manyou/my.php HTTP/1.0" 404 16 "http://bbs.igeyao.com/api/manyou/my.php" "Mozilla/5.0 (Windows; U; Windows NT 5.1; zh-CN; rv:1.9.1.9) Gecko/20100315 Firefox/3.5.9"
180.153.160.114 - - [12/Nov/2012:12:06:43 +0800] "POST /api/manyou/my.php HTTP/1.0" 404 16 "http://bbs.igeyao.com/api/manyou/my.php" "Mozilla/5.0 (Windows; U; Windows NT 5.1; zh-CN; rv:1.9.1.9) Gecko/20100315 Firefox/3.5.9"
113.108.12.139 - - [12/Nov/2012:12:07:07 +0800] "POST /api/manyou/my.php HTTP/1.0" 404 16 "http://bbs.igeyao.com/api/manyou/my.php" "Mozilla/5.0 (Windows; U; Windows NT 5.1; zh-CN; rv:1.9.1.9) Gecko/20100315 Firefox/3.5.9"
113.108.12.139 - - [12/Nov/2012:12:07:28 +0800] "POST /api/manyou/my.php HTTP/1.0" 404 16 "http://bbs.igeyao.com/api/manyou/my.php" "Mozilla/5.0 (Windows; U; Windows NT 5.1; zh-CN; rv:1.9.1.9) Gecko/20100315 Firefox/3.5.9"
113.108.12.123 - - [12/Nov/2012:12:07:45 +0800] "POST /api/manyou/my.php HTTP/1.0" 404 16 "http://bbs.igeyao.com/api/manyou/my.php" "Mozilla/5.0 (Windows; U; Windows NT 5.1; zh-CN; rv:1.9.1.9) Gecko/20100315 Firefox/3.5.9"
124.115.5.12 - - [12/Nov/2012:12:08:14 +0800] "POST /api/manyou/my.php HTTP/1.0" 404 16 "http://bbs.igeyao.com/api/manyou/my.php" "Mozilla/5.0 (Windows; U; Windows NT 5.1; zh-CN; rv:1.9.1.9) Gecko/20100315 Firefox/3.5.9"
180.153.160.116 - - [12/Nov/2012:12:08:30 +0800] "POST /api/manyou/my.php HTTP/1.0" 404 16 "http://bbs.igeyao.com/api/manyou/my.php" "Mozilla/5.0 (Windows; U; Windows NT 5.1; zh-CN; rv:1.9.1.9) Gecko/20100315 Firefox/3.5.9"
113.108.12.103 - - [12/Nov/2012:12:08:54 +0800] "POST /api/manyou/my.php HTTP/1.0" 404 16 "http://bbs.igeyao.com/api/manyou/my.php" "Mozilla/5.0 (Windows; U; Windows NT 5.1; zh-CN; rv:1.9.1.9) Gecko/20100315 Firefox/3.5.9"
124.115.4.33 - - [12/Nov/2012:12:09:09 +0800] "POST /api/manyou/my.php HTTP/1.0" 404 16 "http://bbs.igeyao.com/api/manyou/my.php" "Mozilla/5.0 (Windows; U; Windows NT 5.1; zh-CN; rv:1.9.1.9) Gecko/20100315 Firefox/3.5.9"
61.135.216.105 - - [12/Nov/2012:12:09:11 +0800] "GET /?feed=rss2 HTTP/1.1" 304 0 "-" "Mozilla/5.0 (compatible;YoudaoFeedFetcher/1.0;http://www.youdao.com/help/reader/faq/topic006/;1 subscribers;)"
121.14.98.64 - - [12/Nov/2012:12:09:34 +0800] "POST /api/manyou/my.php HTTP/1.0" 404 16 "http://bbs.igeyao.com/api/manyou/my.php" "Mozilla/5.0 (Windows; U; Windows NT 5.1; zh-CN; rv:1.9.1.9) Gecko/20100315 Firefox/3.5.9"
114.80.109.29 - - [12/Nov/2012:12:10:00 +0800] "POST /api/manyou/my.php HTTP/1.0" 404 16 "http://bbs.igeyao.com/api/manyou/my.php" "Mozilla/5.0 (Windows; U; Windows NT 5.1; zh-CN; rv:1.9.1.9) Gecko/20100315 Firefox/3.5.9"
113.108.12.111 - - [12/Nov/2012:12:10:26 +0800] "POST /api/manyou/my.php HTTP/1.0" 404 16 "http://bbs.igeyao.com/api/manyou/my.php" "Mozilla/5.0 (Windows; U; Windows NT 5.1; zh-CN; rv:1.9.1.9) Gecko/20100315 Firefox/3.5.9"
113.108.12.103 - - [12/Nov/2012:12:10:45 +0800] "POST /api/manyou/my.php HTTP/1.0" 404 16 "http://bbs.igeyao.com/api/manyou/my.php" "Mozilla/5.0 (Windows; U; Windows NT 5.1; zh-CN; rv:1.9.1.9) Gecko/20100315 Firefox/3.5.9"
114.80.109.29 - - [12/Nov/2012:12:11:19 +0800] "POST /api/manyou/my.php HTTP/1.0" 404 16 "http://bbs.igeyao.com/api/manyou/my.php" "Mozilla/5.0 (Windows; U; Windows NT 5.1; zh-CN; rv:1.9.1.9) Gecko/20100315 Firefox/3.5.9"
121.14.98.67 - - [12/Nov/2012:12:11:38 +0800] "POST /api/manyou/my.php HTTP/1.0" 404 16 "http://bbs.igeyao.com/api/manyou/my.php" "Mozilla/5.0 (Windows; U; Windows NT 5.1; zh-CN; rv:1.9.1.9) Gecko/20100315 Firefox/3.5.9"
113.108.12.103 - - [12/Nov/2012:12:11:57 +0800] "POST /api/manyou/my.php HTTP/1.0" 404 16 "http://bbs.igeyao.com/api/manyou/my.php" "Mozilla/5.0 (Windows; U; Windows NT 5.1; zh-CN; rv:1.9.1.9) Gecko/20100315 Firefox/3.5.9"
114.80.93.227 - - [12/Nov/2012:12:12:12 +0800] "POST /api/manyou/my.php HTTP/1.0" 404 16 "http://bbs.igeyao.com/api/manyou/my.php" "Mozilla/5.0 (Windows; U; Windows NT 5.1; zh-CN; rv:1.9.1.9) Gecko/20100315 Firefox/3.5.9"
124.115.5.53 - - [12/Nov/2012:12:12:22 +0800] "POST /api/manyou/my.php HTTP/1.0" 404 16 "http://bbs.igeyao.com/api/manyou/my.php" "Mozilla/5.0 (Windows; U; Windows NT 5.1; zh-CN; rv:1.9.1.9) Gecko/20100315 Firefox/3.5.9"
114.80.93.13 - - [12/Nov/2012:12:12:44 +0800] "POST /api/manyou/my.php HTTP/1.0" 404 16 "http://bbs.igeyao.com/api/manyou/my.php" "Mozilla/5.0 (Windows; U; Windows NT 5.1; zh-CN; rv:1.9.1.9) Gecko/20100315 Firefox/3.5.9"
124.115.5.12 - - [12/Nov/2012:12:13:08 +0800] "POST /api/manyou/my.php HTTP/1.0" 404 16 "http://bbs.igeyao.com/api/manyou/my.php" "Mozilla/5.0 (Windows; U; Windows NT 5.1; zh-CN; rv:1.9.1.9) Gecko/20100315 Firefox/3.5.9"
124.115.5.53 - - [12/Nov/2012:12:13:32 +0800] "POST /api/manyou/my.php HTTP/1.0" 404 16 "http://bbs.igeyao.com/api/manyou/my.php" "Mozilla/5.0 (Windows; U; Windows NT 5.1; zh-CN; rv:1.9.1.9) Gecko/20100315 Firefox/3.5.9"
113.108.12.139 - - [12/Nov/2012:12:13:47 +0800] "POST /api/manyou/my.php HTTP/1.0" 404 16 "http://bbs.igeyao.com/api/manyou/my.php" "Mozilla/5.0 (Windows; U; Windows NT 5.1; zh-CN; rv:1.9.1.9) Gecko/20100315 Firefox/3.5.9"
124.115.6.11 - - [12/Nov/2012:12:13:56 +0800] "GET /robots.txt HTTP/1.1" 404 142 "-" "Mozilla/5.0(compatible; Sosospider/2.0; +http://help.soso.com/webspider.htm)"
124.115.4.33 - - [12/Nov/2012:12:14:01 +0800] "POST /api/manyou/my.php HTTP/1.0" 404 16 "http://bbs.igeyao.com/api/manyou/my.php" "Mozilla/5.0 (Windows; U; Windows NT 5.1; zh-CN; rv:1.9.1.9) Gecko/20100315 Firefox/3.5.9"
124.115.5.12 - - [12/Nov/2012:12:14:13 +0800] "POST /api/manyou/my.php HTTP/1.0" 404 16 "http://bbs.igeyao.com/api/manyou/my.php" "Mozilla/5.0 (Windows; U; Windows NT 5.1; zh-CN; rv:1.9.1.9) Gecko/20100315 Firefox/3.5.9"
113.108.12.107 - - [12/Nov/2012:12:14:23 +0800] "POST /api/manyou/my.php HTTP/1.0" 404 16 "http://bbs.igeyao.com/api/manyou/my.php" "Mozilla/5.0 (Windows; U; Windows NT 5.1; zh-CN; rv:1.9.1.9) Gecko/20100315 Firefox/3.5.9"
124.115.5.12 - - [12/Nov/2012:12:15:00 +0800] "POST /api/manyou/my.php HTTP/1.0" 404 16 "http://bbs.igeyao.com/api/manyou/my.php" "Mozilla/5.0 (Windows; U; Windows NT 5.1; zh-CN; rv:1.9.1.9) Gecko/20100315 Firefox/3.5.9"
113.108.12.103 - - [12/Nov/2012:12:15:10 +0800] "POST /api/manyou/my.php HTTP/1.0" 404 16 "http://bbs.igeyao.com/api/manyou/my.php" "Mozilla/5.0 (Windows; U; Windows NT 5.1; zh-CN; rv:1.9.1.9) Gecko/20100315 Firefox/3.5.9"
66.249.66.168 - - [12/Nov/2012:12:15:27 +0800] "GET /wp-content/uploads/2012/02/456.jpg HTTP/1.1" 200 270665 "-" "Googlebot-Image/1.0"
124.115.5.12 - - [12/Nov/2012:12:15:27 +0800] "POST /api/manyou/my.php HTTP/1.0" 404 16 "http://bbs.igeyao.com/api/manyou/my.php" "Mozilla/5.0 (Windows; U; Windows NT 5.1; zh-CN; rv:1.9.1.9) Gecko/20100315 Firefox/3.5.9"
113.108.12.107 - - [12/Nov/2012:12:15:37 +0800] "POST /api/manyou/my.php HTTP/1.0" 404 16 "http://bbs.igeyao.com/api/manyou/my.php" "Mozilla/5.0 (Windows; U; Windows NT 5.1; zh-CN; rv:1.9.1.9) Gecko/20100315 Firefox/3.5.9"
180.153.160.114 - - [12/Nov/2012:12:15:49 +0800] "POST /api/manyou/my.php HTTP/1.0" 404 16 "http://bbs.igeyao.com/api/manyou/my.php" "Mozilla/5.0 (Windows; U; Windows NT 5.1; zh-CN; rv:1.9.1.9) Gecko/20100315 Firefox/3.5.9"
124.115.4.33 - - [12/Nov/2012:12:16:13 +0800] "POST /api/manyou/my.php HTTP/1.0" 404 16 "http://bbs.igeyao.com/api/manyou/my.php" "Mozilla/5.0 (Windows; U; Windows NT 5.1; zh-CN; rv:1.9.1.9) Gecko/20100315 Firefox/3.5.9"
124.115.4.33 - - [12/Nov/2012:12:16:23 +0800] "POST /api/manyou/my.php HTTP/1.0" 404 16 "http://bbs.igeyao.com/api/manyou/my.php" "Mozilla/5.0 (Windows; U; Windows NT 5.1; zh-CN; rv:1.9.1.9) Gecko/20100315 Firefox/3.5.9"
113.108.12.107 - - [12/Nov/2012:12:16:42 +0800] "POST /api/manyou/my.php HTTP/1.0" 404 16 "http://bbs.igeyao.com/api/manyou/my.php" "Mozilla/5.0 (Windows; U; Windows NT 5.1; zh-CN; rv:1.9.1.9) Gecko/20100315 Firefox/3.5.9"
113.108.12.103 - - [12/Nov/2012:12:17:00 +0800] "POST /api/manyou/my.php HTTP/1.0" 404 16 "http://bbs.igeyao.com/api/manyou/my.php" "Mozilla/5.0 (Windows; U; Windows NT 5.1; zh-CN; rv:1.9.1.9) Gecko/20100315 Firefox/3.5.9"
114.80.109.30 - - [12/Nov/2012:12:17:09 +0800] "POST /api/manyou/my.php HTTP/1.0" 404 16 "http://bbs.igeyao.com/api/manyou/my.php" "Mozilla/5.0 (Windows; U; Windows NT 5.1; zh-CN; rv:1.9.1.9) Gecko/20100315 Firefox/3.5.9"
113.108.12.107 - - [12/Nov/2012:12:17:25 +0800] "POST /api/manyou/my.php HTTP/1.0" 404 16 "http://bbs.igeyao.com/api/manyou/my.php" "Mozilla/5.0 (Windows; U; Windows NT 5.1; zh-CN; rv:1.9.1.9) Gecko/20100315 Firefox/3.5.9"
113.108.12.111 - - [12/Nov/2012:12:17:42 +0800] "POST /api/manyou/my.php HTTP/1.0" 404 16 "http://bbs.igeyao.com/api/manyou/my.php" "Mozilla/5.0 (Windows; U; Windows NT 5.1; zh-CN; rv:1.9.1.9) Gecko/20100315 Firefox/3.5.9"
180.153.160.114 - - [12/Nov/2012:12:17:46 +0800] "POST /api/manyou/my.php HTTP/1.0" 404 16 "http://bbs.igeyao.com/api/manyou/my.php" "Mozilla/5.0 (Windows; U; Windows NT 5.1; zh-CN; rv:1.9.1.9) Gecko/20100315 Firefox/3.5.9"
114.80.109.30 - - [12/Nov/2012:12:18:01 +0800] "POST /api/manyou/my.php HTTP/1.0" 404 16 "http://bbs.igeyao.com/api/manyou/my.php" "Mozilla/5.0 (Windows; U; Windows NT 5.1; zh-CN; rv:1.9.1.9) Gecko/20100315 Firefox/3.5.9"
124.115.5.12 - - [12/Nov/2012:12:18:14 +0800] "POST /api/manyou/my.php HTTP/1.0" 404 16 "http://bbs.igeyao.com/api/manyou/my.php" "Mozilla/5.0 (Windows; U; Windows NT 5.1; zh-CN; rv:1.9.1.9) Gecko/20100315 Firefox/3.5.9"
124.115.5.12 - - [12/Nov/2012:12:18:33 +0800] "POST /api/manyou/my.php HTTP/1.0" 404 16 "http://bbs.igeyao.com/api/manyou/my.php" "Mozilla/5.0 (Windows; U; Windows NT 5.1; zh-CN; rv:1.9.1.9) Gecko/20100315 Firefox/3.5.9"
113.108.12.107 - - [12/Nov/2012:12:18:47 +0800] "POST /api/manyou/my.php HTTP/1.0" 404 16 "http://bbs.igeyao.com/api/manyou/my.php" "Mozilla/5.0 (Windows; U; Windows NT 5.1; zh-CN; rv:1.9.1.9) Gecko/20100315 Firefox/3.5.9"
113.108.12.139 - - [12/Nov/2012:12:19:05 +0800] "POST /api/manyou/my.php HTTP/1.0" 404 16 "http://bbs.igeyao.com/api/manyou/my.php" "Mozilla/5.0 (Windows; U; Windows NT 5.1; zh-CN; rv:1.9.1.9) Gecko/20100315 Firefox/3.5.9"
114.80.93.227 - - [12/Nov/2012:12:19:20 +0800] "POST /api/manyou/my.php HTTP/1.0" 404 16 "http://bbs.igeyao.com/api/manyou/my.php" "Mozilla/5.0 (Windows; U; Windows NT 5.1; zh-CN; rv:1.9.1.9) Gecko/20100315 Firefox/3.5.9"
113.108.12.111 - - [12/Nov/2012:12:19:27 +0800] "POST /api/manyou/my.php HTTP/1.0" 404 16 "http://bbs.igeyao.com/api/manyou/my.php" "Mozilla/5.0 (Windows; U; Windows NT 5.1; zh-CN; rv:1.9.1.9) Gecko/20100315 Firefox/3.5.9"
114.80.93.50 - - [12/Nov/2012:12:19:28 +0800] "GET / HTTP/1.1" 301 5 "-" "Mozilla/4.0 (compatible; MSIE 6.0; Windows NT 5.1)"
114.80.93.12 - - [12/Nov/2012:12:19:43 +0800] "POST /api/manyou/my.php HTTP/1.0" 404 16 "http://bbs.igeyao.com/api/manyou/my.php" "Mozilla/5.0 (Windows; U; Windows NT 5.1; zh-CN; rv:1.9.1.9) Gecko/20100315 Firefox/3.5.9"
113.108.12.103 - - [12/Nov/2012:12:20:05 +0800] "POST /api/manyou/my.php HTTP/1.0" 404 16 "http://bbs.igeyao.com/api/manyou/my.php" "Mozilla/5.0 (Windows; U; Windows NT 5.1; zh-CN; rv:1.9.1.9) Gecko/20100315 Firefox/3.5.9"
113.108.12.123 - - [12/Nov/2012:12:20:29 +0800] "POST /api/manyou/my.php HTTP/1.0" 404 16 "http://bbs.igeyao.com/api/manyou/my.php" "Mozilla/5.0 (Windows; U; Windows NT 5.1; zh-CN; rv:1.9.1.9) Gecko/20100315 Firefox/3.5.9"
180.153.160.113 - - [12/Nov/2012:12:20:41 +0800] "POST /api/manyou/my.php HTTP/1.0" 404 16 "http://bbs.igeyao.com/api/manyou/my.php" "Mozilla/5.0 (Windows; U; Windows NT 5.1; zh-CN; rv:1.9.1.9) Gecko/20100315 Firefox/3.5.9"
113.108.12.123 - - [12/Nov/2012:12:20:53 +0800] "POST /api/manyou/my.php HTTP/1.0" 404 16 "http://bbs.igeyao.com/api/manyou/my.php" "Mozilla/5.0 (Windows; U; Windows NT 5.1; zh-CN; rv:1.9.1.9) Gecko/20100315 Firefox/3.5.9"
113.108.12.139 - - [12/Nov/2012:12:21:01 +0800] "POST /api/manyou/my.php HTTP/1.0" 404 16 "http://bbs.igeyao.com/api/manyou/my.php" "Mozilla/5.0 (Windows; U; Windows NT 5.1; zh-CN; rv:1.9.1.9) Gecko/20100315 Firefox/3.5.9"
124.115.4.33 - - [12/Nov/2012:12:21:10 +0800] "POST /api/manyou/my.php HTTP/1.0" 404 16 "http://bbs.igeyao.com/api/manyou/my.php" "Mozilla/5.0 (Windows; U; Windows NT 5.1; zh-CN; rv:1.9.1.9) Gecko/20100315 Firefox/3.5.9"
113.108.12.103 - - [12/Nov/2012:12:21:24 +0800] "POST /api/manyou/my.php HTTP/1.0" 404 16 "http://bbs.igeyao.com/api/manyou/my.php" "Mozilla/5.0 (Windows; U; Windows NT 5.1; zh-CN; rv:1.9.1.9) Gecko/20100315 Firefox/3.5.9"
218.29.217.2 - - [12/Nov/2012:12:21:32 +0800] "GET /member.php?mod=logging&action=login HTTP/1.1" 404 27 "http://igeyao.com/" "Mozilla/5.0 (Windows; U; Windows NT 5.1; zh-TW; rv:1.9.0.11) Gecko/2009060215 Firefox/3.0.11 (.NET CLR 3.5.30729)"
218.29.217.2 - - [12/Nov/2012:12:21:32 +0800] "GET /member.php?mod=register HTTP/1.1" 404 27 "http://igeyao.com/member.php?mod=register" "Mozilla/5.0 (Windows; U; Windows NT 5.1; zh-TW; rv:1.9.0.11) Gecko/2009060215 Firefox/3.0.11 (.NET CLR 3.5.30729)"
114.80.93.227 - - [12/Nov/2012:12:21:41 +0800] "POST /api/manyou/my.php HTTP/1.0" 404 16 "http://bbs.igeyao.com/api/manyou/my.php" "Mozilla/5.0 (Windows; U; Windows NT 5.1; zh-CN; rv:1.9.1.9) Gecko/20100315 Firefox/3.5.9"
124.115.5.53 - - [12/Nov/2012:12:22:05 +0800] "POST /api/manyou/my.php HTTP/1.0" 404 16 "http://bbs.igeyao.com/api/manyou/my.php" "Mozilla/5.0 (Windows; U; Windows NT 5.1; zh-CN; rv:1.9.1.9) Gecko/20100315 Firefox/3.5.9"
124.115.4.33 - - [12/Nov/2012:12:22:15 +0800] "POST /api/manyou/my.php HTTP/1.0" 404 16 "http://bbs.igeyao.com/api/manyou/my.php" "Mozilla/5.0 (Windows; U; Windows NT 5.1; zh-CN; rv:1.9.1.9) Gecko/20100315 Firefox/3.5.9"
114.80.93.227 - - [12/Nov/2012:12:22:43 +0800] "POST /api/manyou/my.php HTTP/1.0" 404 16 "http://bbs.igeyao.com/api/manyou/my.php" "Mozilla/5.0 (Windows; U; Windows NT 5.1; zh-CN; rv:1.9.1.9) Gecko/20100315 Firefox/3.5.9"
113.108.12.107 - - [12/Nov/2012:12:22:54 +0800] "POST /api/manyou/my.php HTTP/1.0" 404 16 "http://bbs.igeyao.com/api/manyou/my.php" "Mozilla/5.0 (Windows; U; Windows NT 5.1; zh-CN; rv:1.9.1.9) Gecko/20100315 Firefox/3.5.9"
113.108.12.111 - - [12/Nov/2012:12:23:16 +0800] "POST /api/manyou/my.php HTTP/1.0" 404 16 "http://bbs.igeyao.com/api/manyou/my.php" "Mozilla/5.0 (Windows; U; Windows NT 5.1; zh-CN; rv:1.9.1.9) Gecko/20100315 Firefox/3.5.9"
124.115.5.53 - - [12/Nov/2012:12:23:32 +0800] "POST /api/manyou/my.php HTTP/1.0" 404 16 "http://bbs.igeyao.com/api/manyou/my.php" "Mozilla/5.0 (Windows; U; Windows NT 5.1; zh-CN; rv:1.9.1.9) Gecko/20100315 Firefox/3.5.9"
124.115.5.12 - - [12/Nov/2012:12:23:45 +0800] "POST /api/manyou/my.php HTTP/1.0" 404 16 "http://bbs.igeyao.com/api/manyou/my.php" "Mozilla/5.0 (Windows; U; Windows NT 5.1; zh-CN; rv:1.9.1.9) Gecko/20100315 Firefox/3.5.9"
124.115.4.33 - - [12/Nov/2012:12:24:03 +0800] "POST /api/manyou/my.php HTTP/1.0" 404 16 "http://bbs.igeyao.com/api/manyou/my.php" "Mozilla/5.0 (Windows; U; Windows NT 5.1; zh-CN; rv:1.9.1.9) Gecko/20100315 Firefox/3.5.9"
124.115.4.33 - - [12/Nov/2012:12:24:10 +0800] "POST /api/manyou/my.php HTTP/1.0" 404 16 "http://bbs.igeyao.com/api/manyou/my.php" "Mozilla/5.0 (Windows; U; Windows NT 5.1; zh-CN; rv:1.9.1.9) Gecko/20100315 Firefox/3.5.9"
61.135.216.105 - - [12/Nov/2012:12:24:17 +0800] "GET /?feed=rss2 HTTP/1.1" 304 0 "-" "Mozilla/5.0 (compatible;YoudaoFeedFetcher/1.0;http://www.youdao.com/help/reader/faq/topic006/;1 subscribers;)"
121.14.98.63 - - [12/Nov/2012:12:24:20 +0800] "POST /api/manyou/my.php HTTP/1.0" 404 16 "http://bbs.igeyao.com/api/manyou/my.php" "Mozilla/5.0 (Windows; U; Windows NT 5.1; zh-CN; rv:1.9.1.9) Gecko/20100315 Firefox/3.5.9"
121.14.98.63 - - [12/Nov/2012:12:24:30 +0800] "POST /api/manyou/my.php HTTP/1.0" 404 16 "http://bbs.igeyao.com/api/manyou/my.php" "Mozilla/5.0 (Windows; U; Windows NT 5.1; zh-CN; rv:1.9.1.9) Gecko/20100315 Firefox/3.5.9"
123.125.71.59 - - [12/Nov/2012:12:24:35 +0800] "GET / HTTP/1.1" 200 17276 "-" "Mozilla/5.0 (compatible; Baiduspider/2.0; +http://www.baidu.com/search/spider.html)"
220.181.108.86 - - [12/Nov/2012:12:24:43 +0800] "GET / HTTP/1.1" 200 17276 "-" "Mozilla/5.0 (compatible; Baiduspider/2.0; +http://www.baidu.com/search/spider.html)"
113.108.12.111 - - [12/Nov/2012:12:24:44 +0800] "POST /api/manyou/my.php HTTP/1.0" 404 16 "http://bbs.igeyao.com/api/manyou/my.php" "Mozilla/5.0 (Windows; U; Windows NT 5.1; zh-CN; rv:1.9.1.9) Gecko/20100315 Firefox/3.5.9"
114.80.109.29 - - [12/Nov/2012:12:25:03 +0800] "POST /api/manyou/my.php HTTP/1.0" 404 16 "http://bbs.igeyao.com/api/manyou/my.php" "Mozilla/5.0 (Windows; U; Windows NT 5.1; zh-CN; rv:1.9.1.9) Gecko/20100315 Firefox/3.5.9"
113.108.12.123 - - [12/Nov/2012:12:25:11 +0800] "POST /api/manyou/my.php HTTP/1.0" 404 16 "http://bbs.igeyao.com/api/manyou/my.php" "Mozilla/5.0 (Windows; U; Windows NT 5.1; zh-CN; rv:1.9.1.9) Gecko/20100315 Firefox/3.5.9"
113.108.12.123 - - [12/Nov/2012:12:25:28 +0800] "POST /api/manyou/my.php HTTP/1.0" 404 16 "http://bbs.igeyao.com/api/manyou/my.php" "Mozilla/5.0 (Windows; U; Windows NT 5.1; zh-CN; rv:1.9.1.9) Gecko/20100315 Firefox/3.5.9"
121.14.98.66 - - [12/Nov/2012:12:25:39 +0800] "POST /api/manyou/my.php HTTP/1.0" 404 16 "http://bbs.igeyao.com/api/manyou/my.php" "Mozilla/5.0 (Windows; U; Windows NT 5.1; zh-CN; rv:1.9.1.9) Gecko/20100315 Firefox/3.5.9"
124.115.5.12 - - [12/Nov/2012:12:25:51 +0800] "POST /api/manyou/my.php HTTP/1.0" 404 16 "http://bbs.igeyao.com/api/manyou/my.php" "Mozilla/5.0 (Windows; U; Windows NT 5.1; zh-CN; rv:1.9.1.9) Gecko/20100315 Firefox/3.5.9"
113.108.12.107 - - [12/Nov/2012:12:26:02 +0800] "POST /api/manyou/my.php HTTP/1.0" 404 16 "http://bbs.igeyao.com/api/manyou/my.php" "Mozilla/5.0 (Windows; U; Windows NT 5.1; zh-CN; rv:1.9.1.9) Gecko/20100315 Firefox/3.5.9"
121.14.98.64 - - [12/Nov/2012:12:26:11 +0800] "POST /api/manyou/my.php HTTP/1.0" 404 16 "http://bbs.igeyao.com/api/manyou/my.php" "Mozilla/5.0 (Windows; U; Windows NT 5.1; zh-CN; rv:1.9.1.9) Gecko/20100315 Firefox/3.5.9"
124.115.4.33 - - [12/Nov/2012:12:26:33 +0800] "POST /api/manyou/my.php HTTP/1.0" 404 16 "http://bbs.igeyao.com/api/manyou/my.php" "Mozilla/5.0 (Windows; U; Windows NT 5.1; zh-CN; rv:1.9.1.9) Gecko/20100315 Firefox/3.5.9"
124.115.5.12 - - [12/Nov/2012:12:26:56 +0800] "POST /api/manyou/my.php HTTP/1.0" 404 16 "http://bbs.igeyao.com/api/manyou/my.php" "Mozilla/5.0 (Windows; U; Windows NT 5.1; zh-CN; rv:1.9.1.9) Gecko/20100315 Firefox/3.5.9"
113.108.12.139 - - [12/Nov/2012:12:27:11 +0800] "POST /api/manyou/my.php HTTP/1.0" 404 16 "http://bbs.igeyao.com/api/manyou/my.php" "Mozilla/5.0 (Windows; U; Windows NT 5.1; zh-CN; rv:1.9.1.9) Gecko/20100315 Firefox/3.5.9"
121.14.98.66 - - [12/Nov/2012:12:27:23 +0800] "POST /api/manyou/my.php HTTP/1.0" 404 16 "http://bbs.igeyao.com/api/manyou/my.php" "Mozilla/5.0 (Windows; U; Windows NT 5.1; zh-CN; rv:1.9.1.9) Gecko/20100315 Firefox/3.5.9"
113.108.12.111 - - [12/Nov/2012:12:27:44 +0800] "POST /api/manyou/my.php HTTP/1.0" 404 16 "http://bbs.igeyao.com/api/manyou/my.php" "Mozilla/5.0 (Windows; U; Windows NT 5.1; zh-CN; rv:1.9.1.9) Gecko/20100315 Firefox/3.5.9"
121.14.98.64 - - [12/Nov/2012:12:27:55 +0800] "POST /api/manyou/my.php HTTP/1.0" 404 16 "http://bbs.igeyao.com/api/manyou/my.php" "Mozilla/5.0 (Windows; U; Windows NT 5.1; zh-CN; rv:1.9.1.9) Gecko/20100315 Firefox/3.5.9"
66.249.66.85 - - [12/Nov/2012:12:28:09 +0800] "GET /?feed=rss2&tag=%E5%8A%A8%E5%8A%9B HTTP/1.1" 200 16027 "-" "Mozilla/5.0 (compatible; Googlebot/2.1; +http://www.google.com/bot.html)"
124.115.5.12 - - [12/Nov/2012:12:28:22 +0800] "POST /api/manyou/my.php HTTP/1.0" 404 16 "http://bbs.igeyao.com/api/manyou/my.php" "Mozilla/5.0 (Windows; U; Windows NT 5.1; zh-CN; rv:1.9.1.9) Gecko/20100315 Firefox/3.5.9"
180.153.160.116 - - [12/Nov/2012:12:28:32 +0800] "POST /api/manyou/my.php HTTP/1.0" 404 16 "http://bbs.igeyao.com/api/manyou/my.php" "Mozilla/5.0 (Windows; U; Windows NT 5.1; zh-CN; rv:1.9.1.9) Gecko/20100315 Firefox/3.5.9"
113.108.12.103 - - [12/Nov/2012:12:28:42 +0800] "POST /api/manyou/my.php HTTP/1.0" 404 16 "http://bbs.igeyao.com/api/manyou/my.php" "Mozilla/5.0 (Windows; U; Windows NT 5.1; zh-CN; rv:1.9.1.9) Gecko/20100315 Firefox/3.5.9"
124.115.5.12 - - [12/Nov/2012:12:29:08 +0800] "POST /api/manyou/my.php HTTP/1.0" 404 16 "http://bbs.igeyao.com/api/manyou/my.php" "Mozilla/5.0 (Windows; U; Windows NT 5.1; zh-CN; rv:1.9.1.9) Gecko/20100315 Firefox/3.5.9"
113.108.12.107 - - [12/Nov/2012:12:29:20 +0800] "POST /api/manyou/my.php HTTP/1.0" 404 16 "http://bbs.igeyao.com/api/manyou/my.php" "Mozilla/5.0 (Windows; U; Windows NT 5.1; zh-CN; rv:1.9.1.9) Gecko/20100315 Firefox/3.5.9"
180.153.160.113 - - [12/Nov/2012:12:29:51 +0800] "POST /api/manyou/my.php HTTP/1.0" 404 16 "http://bbs.igeyao.com/api/manyou/my.php" "Mozilla/5.0 (Windows; U; Windows NT 5.1; zh-CN; rv:1.9.1.9) Gecko/20100315 Firefox/3.5.9"
113.108.12.107 - - [12/Nov/2012:12:30:08 +0800] "POST /api/manyou/my.php HTTP/1.0" 404 16 "http://bbs.igeyao.com/api/manyou/my.php" "Mozilla/5.0 (Windows; U; Windows NT 5.1; zh-CN; rv:1.9.1.9) Gecko/20100315 Firefox/3.5.9"
124.115.4.33 - - [12/Nov/2012:12:30:18 +0800] "POST /api/manyou/my.php HTTP/1.0" 404 16 "http://bbs.igeyao.com/api/manyou/my.php" "Mozilla/5.0 (Windows; U; Windows NT 5.1; zh-CN; rv:1.9.1.9) Gecko/20100315 Firefox/3.5.9"
114.80.109.29 - - [12/Nov/2012:12:30:37 +0800] "POST /api/manyou/my.php HTTP/1.0" 404 16 "http://bbs.igeyao.com/api/manyou/my.php" "Mozilla/5.0 (Windows; U; Windows NT 5.1; zh-CN; rv:1.9.1.9) Gecko/20100315 Firefox/3.5.9"
121.14.98.63 - - [12/Nov/2012:12:30:45 +0800] "POST /api/manyou/my.php HTTP/1.0" 404 16 "http://bbs.igeyao.com/api/manyou/my.php" "Mozilla/5.0 (Windows; U; Windows NT 5.1; zh-CN; rv:1.9.1.9) Gecko/20100315 Firefox/3.5.9"
72.14.199.211 - - [12/Nov/2012:12:30:51 +0800] "GET /?feed=rss2 HTTP/1.1" 200 72141 "-" "Feedfetcher-Google; (+http://www.google.com/feedfetcher.html; 2 subscribers; feed-id=12826553577301189443)"
124.115.5.53 - - [12/Nov/2012:12:30:54 +0800] "POST /api/manyou/my.php HTTP/1.0" 404 16 "http://bbs.igeyao.com/api/manyou/my.php" "Mozilla/5.0 (Windows; U; Windows NT 5.1; zh-CN; rv:1.9.1.9) Gecko/20100315 Firefox/3.5.9"
124.115.4.33 - - [12/Nov/2012:12:31:20 +0800] "POST /api/manyou/my.php HTTP/1.0" 404 16 "http://bbs.igeyao.com/api/manyou/my.php" "Mozilla/5.0 (Windows; U; Windows NT 5.1; zh-CN; rv:1.9.1.9) Gecko/20100315 Firefox/3.5.9"
124.115.4.33 - - [12/Nov/2012:12:31:33 +0800] "POST /api/manyou/my.php HTTP/1.0" 404 16 "http://bbs.igeyao.com/api/manyou/my.php" "Mozilla/5.0 (Windows; U; Windows NT 5.1; zh-CN; rv:1.9.1.9) Gecko/20100315 Firefox/3.5.9"
113.108.12.123 - - [12/Nov/2012:12:31:49 +0800] "POST /api/manyou/my.php HTTP/1.0" 404 16 "http://bbs.igeyao.com/api/manyou/my.php" "Mozilla/5.0 (Windows; U; Windows NT 5.1; zh-CN; rv:1.9.1.9) Gecko/20100315 Firefox/3.5.9"
113.108.12.111 - - [12/Nov/2012:12:31:58 +0800] "POST /api/manyou/my.php HTTP/1.0" 404 16 "http://bbs.igeyao.com/api/manyou/my.php" "Mozilla/5.0 (Windows; U; Windows NT 5.1; zh-CN; rv:1.9.1.9) Gecko/20100315 Firefox/3.5.9"
113.108.12.123 - - [12/Nov/2012:12:32:13 +0800] "POST /api/manyou/my.php HTTP/1.0" 404 16 "http://bbs.igeyao.com/api/manyou/my.php" "Mozilla/5.0 (Windows; U; Windows NT 5.1; zh-CN; rv:1.9.1.9) Gecko/20100315 Firefox/3.5.9"
180.153.160.114 - - [12/Nov/2012:12:32:44 +0800] "POST /api/manyou/my.php HTTP/1.0" 404 16 "http://bbs.igeyao.com/api/manyou/my.php" "Mozilla/5.0 (Windows; U; Windows NT 5.1; zh-CN; rv:1.9.1.9) Gecko/20100315 Firefox/3.5.9"
114.80.93.180 - - [12/Nov/2012:12:32:54 +0800] "POST /api/manyou/my.php HTTP/1.0" 404 16 "http://bbs.igeyao.com/api/manyou/my.php" "Mozilla/5.0 (Windows; U; Windows NT 5.1; zh-CN; rv:1.9.1.9) Gecko/20100315 Firefox/3.5.9"
121.14.98.64 - - [12/Nov/2012:12:33:10 +0800] "POST /api/manyou/my.php HTTP/1.0" 404 16 "http://bbs.igeyao.com/api/manyou/my.php" "Mozilla/5.0 (Windows; U; Windows NT 5.1; zh-CN; rv:1.9.1.9) Gecko/20100315 Firefox/3.5.9"
124.115.5.53 - - [12/Nov/2012:12:33:38 +0800] "POST /api/manyou/my.php HTTP/1.0" 404 16 "http://bbs.igeyao.com/api/manyou/my.php" "Mozilla/5.0 (Windows; U; Windows NT 5.1; zh-CN; rv:1.9.1.9) Gecko/20100315 Firefox/3.5.9"
124.115.5.12 - - [12/Nov/2012:12:33:55 +0800] "POST /api/manyou/my.php HTTP/1.0" 404 16 "http://bbs.igeyao.com/api/manyou/my.php" "Mozilla/5.0 (Windows; U; Windows NT 5.1; zh-CN; rv:1.9.1.9) Gecko/20100315 Firefox/3.5.9"
121.14.98.64 - - [12/Nov/2012:12:34:18 +0800] "POST /api/manyou/my.php HTTP/1.0" 404 16 "http://bbs.igeyao.com/api/manyou/my.php" "Mozilla/5.0 (Windows; U; Windows NT 5.1; zh-CN; rv:1.9.1.9) Gecko/20100315 Firefox/3.5.9"
113.108.12.111 - - [12/Nov/2012:12:34:27 +0800] "POST /api/manyou/my.php HTTP/1.0" 404 16 "http://bbs.igeyao.com/api/manyou/my.php" "Mozilla/5.0 (Windows; U; Windows NT 5.1; zh-CN; rv:1.9.1.9) Gecko/20100315 Firefox/3.5.9"
124.115.4.33 - - [12/Nov/2012:12:34:44 +0800] "POST /api/manyou/my.php HTTP/1.0" 404 16 "http://bbs.igeyao.com/api/manyou/my.php" "Mozilla/5.0 (Windows; U; Windows NT 5.1; zh-CN; rv:1.9.1.9) Gecko/20100315 Firefox/3.5.9"
121.14.98.64 - - [12/Nov/2012:12:35:05 +0800] "POST /api/manyou/my.php HTTP/1.0" 404 16 "http://bbs.igeyao.com/api/manyou/my.php" "Mozilla/5.0 (Windows; U; Windows NT 5.1; zh-CN; rv:1.9.1.9) Gecko/20100315 Firefox/3.5.9"
113.108.12.123 - - [12/Nov/2012:12:35:21 +0800] "POST /api/manyou/my.php HTTP/1.0" 404 16 "http://bbs.igeyao.com/api/manyou/my.php" "Mozilla/5.0 (Windows; U; Windows NT 5.1; zh-CN; rv:1.9.1.9) Gecko/20100315 Firefox/3.5.9"
113.108.12.123 - - [12/Nov/2012:12:35:36 +0800] "POST /api/manyou/my.php HTTP/1.0" 404 16 "http://bbs.igeyao.com/api/manyou/my.php" "Mozilla/5.0 (Windows; U; Windows NT 5.1; zh-CN; rv:1.9.1.9) Gecko/20100315 Firefox/3.5.9"
114.80.93.227 - - [12/Nov/2012:12:35:49 +0800] "POST /api/manyou/my.php HTTP/1.0" 404 16 "http://bbs.igeyao.com/api/manyou/my.php" "Mozilla/5.0 (Windows; U; Windows NT 5.1; zh-CN; rv:1.9.1.9) Gecko/20100315 Firefox/3.5.9"
113.108.12.111 - - [12/Nov/2012:12:35:56 +0800] "POST /api/manyou/my.php HTTP/1.0" 404 16 "http://bbs.igeyao.com/api/manyou/my.php" "Mozilla/5.0 (Windows; U; Windows NT 5.1; zh-CN; rv:1.9.1.9) Gecko/20100315 Firefox/3.5.9"
114.80.93.12 - - [12/Nov/2012:12:36:09 +0800] "POST /api/manyou/my.php HTTP/1.0" 404 16 "http://bbs.igeyao.com/api/manyou/my.php" "Mozilla/5.0 (Windows; U; Windows NT 5.1; zh-CN; rv:1.9.1.9) Gecko/20100315 Firefox/3.5.9"
114.80.93.13 - - [12/Nov/2012:12:36:18 +0800] "POST /api/manyou/my.php HTTP/1.0" 404 16 "http://bbs.igeyao.com/api/manyou/my.php" "Mozilla/5.0 (Windows; U; Windows NT 5.1; zh-CN; rv:1.9.1.9) Gecko/20100315 Firefox/3.5.9"
114.80.93.12 - - [12/Nov/2012:12:36:27 +0800] "POST /api/manyou/my.php HTTP/1.0" 404 16 "http://bbs.igeyao.com/api/manyou/my.php" "Mozilla/5.0 (Windows; U; Windows NT 5.1; zh-CN; rv:1.9.1.9) Gecko/20100315 Firefox/3.5.9"
113.108.12.107 - - [12/Nov/2012:12:36:38 +0800] "POST /api/manyou/my.php HTTP/1.0" 404 16 "http://bbs.igeyao.com/api/manyou/my.php" "Mozilla/5.0 (Windows; U; Windows NT 5.1; zh-CN; rv:1.9.1.9) Gecko/20100315 Firefox/3.5.9"
124.115.4.33 - - [12/Nov/2012:12:37:01 +0800] "POST /api/manyou/my.php HTTP/1.0" 404 16 "http://bbs.igeyao.com/api/manyou/my.php" "Mozilla/5.0 (Windows; U; Windows NT 5.1; zh-CN; rv:1.9.1.9) Gecko/20100315 Firefox/3.5.9"
124.115.5.12 - - [12/Nov/2012:12:37:17 +0800] "POST /api/manyou/my.php HTTP/1.0" 404 16 "http://bbs.igeyao.com/api/manyou/my.php" "Mozilla/5.0 (Windows; U; Windows NT 5.1; zh-CN; rv:1.9.1.9) Gecko/20100315 Firefox/3.5.9"
113.108.12.111 - - [12/Nov/2012:12:37:28 +0800] "POST /api/manyou/my.php HTTP/1.0" 404 16 "http://bbs.igeyao.com/api/manyou/my.php" "Mozilla/5.0 (Windows; U; Windows NT 5.1; zh-CN; rv:1.9.1.9) Gecko/20100315 Firefox/3.5.9"
113.108.12.139 - - [12/Nov/2012:12:37:49 +0800] "POST /api/manyou/my.php HTTP/1.0" 404 16 "http://bbs.igeyao.com/api/manyou/my.php" "Mozilla/5.0 (Windows; U; Windows NT 5.1; zh-CN; rv:1.9.1.9) Gecko/20100315 Firefox/3.5.9"
124.115.4.33 - - [12/Nov/2012:12:38:06 +0800] "POST /api/manyou/my.php HTTP/1.0" 404 16 "http://bbs.igeyao.com/api/manyou/my.php" "Mozilla/5.0 (Windows; U; Windows NT 5.1; zh-CN; rv:1.9.1.9) Gecko/20100315 Firefox/3.5.9"
124.115.5.12 - - [12/Nov/2012:12:38:21 +0800] "POST /api/manyou/my.php HTTP/1.0" 404 16 "http://bbs.igeyao.com/api/manyou/my.php" "Mozilla/5.0 (Windows; U; Windows NT 5.1; zh-CN; rv:1.9.1.9) Gecko/20100315 Firefox/3.5.9"
180.153.73.164 - - [12/Nov/2012:12:38:33 +0800] "POST /api/manyou/my.php HTTP/1.0" 404 16 "http://bbs.igeyao.com/api/manyou/my.php" "Mozilla/5.0 (Windows; U; Windows NT 5.1; zh-CN; rv:1.9.1.9) Gecko/20100315 Firefox/3.5.9"
124.115.4.33 - - [12/Nov/2012:12:38:50 +0800] "POST /api/manyou/my.php HTTP/1.0" 404 16 "http://bbs.igeyao.com/api/manyou/my.php" "Mozilla/5.0 (Windows; U; Windows NT 5.1; zh-CN; rv:1.9.1.9) Gecko/20100315 Firefox/3.5.9"
124.115.4.33 - - [12/Nov/2012:12:39:06 +0800] "POST /api/manyou/my.php HTTP/1.0" 404 16 "http://bbs.igeyao.com/api/manyou/my.php" "Mozilla/5.0 (Windows; U; Windows NT 5.1; zh-CN; rv:1.9.1.9) Gecko/20100315 Firefox/3.5.9"
113.108.12.111 - - [12/Nov/2012:12:39:15 +0800] "POST /api/manyou/my.php HTTP/1.0" 404 16 "http://bbs.igeyao.com/api/manyou/my.php" "Mozilla/5.0 (Windows; U; Windows NT 5.1; zh-CN; rv:1.9.1.9) Gecko/20100315 Firefox/3.5.9"
61.135.216.105 - - [12/Nov/2012:12:39:21 +0800] "GET /?feed=rss2 HTTP/1.1" 304 0 "-" "Mozilla/5.0 (compatible;YoudaoFeedFetcher/1.0;http://www.youdao.com/help/reader/faq/topic006/;1 subscribers;)"
124.115.5.12 - - [12/Nov/2012:12:39:29 +0800] "POST /api/manyou/my.php HTTP/1.0" 404 16 "http://bbs.igeyao.com/api/manyou/my.php" "Mozilla/5.0 (Windows; U; Windows NT 5.1; zh-CN; rv:1.9.1.9) Gecko/20100315 Firefox/3.5.9"
124.115.4.33 - - [12/Nov/2012:12:39:44 +0800] "POST /api/manyou/my.php HTTP/1.0" 404 16 "http://bbs.igeyao.com/api/manyou/my.php" "Mozilla/5.0 (Windows; U; Windows NT 5.1; zh-CN; rv:1.9.1.9) Gecko/20100315 Firefox/3.5.9"
113.108.12.111 - - [12/Nov/2012:12:40:15 +0800] "POST /api/manyou/my.php HTTP/1.0" 404 16 "http://bbs.igeyao.com/api/manyou/my.php" "Mozilla/5.0 (Windows; U; Windows NT 5.1; zh-CN; rv:1.9.1.9) Gecko/20100315 Firefox/3.5.9"
180.153.160.114 - - [12/Nov/2012:12:40:23 +0800] "POST /api/manyou/my.php HTTP/1.0" 404 16 "http://bbs.igeyao.com/api/manyou/my.php" "Mozilla/5.0 (Windows; U; Windows NT 5.1; zh-CN; rv:1.9.1.9) Gecko/20100315 Firefox/3.5.9"
124.115.0.15 - - [12/Nov/2012:12:40:30 +0800] "GET / HTTP/1.1" 200 14602 "-" "Mozilla/5.0(compatible; Sosospider/2.0; +http://help.soso.com/webspider.htm)"
114.80.109.29 - - [12/Nov/2012:12:40:40 +0800] "POST /api/manyou/my.php HTTP/1.0" 404 16 "http://bbs.igeyao.com/api/manyou/my.php" "Mozilla/5.0 (Windows; U; Windows NT 5.1; zh-CN; rv:1.9.1.9) Gecko/20100315 Firefox/3.5.9"
113.108.12.103 - - [12/Nov/2012:12:40:51 +0800] "POST /api/manyou/my.php HTTP/1.0" 404 16 "http://bbs.igeyao.com/api/manyou/my.php" "Mozilla/5.0 (Windows; U; Windows NT 5.1; zh-CN; rv:1.9.1.9) Gecko/20100315 Firefox/3.5.9"
113.108.12.103 - - [12/Nov/2012:12:41:01 +0800] "POST /api/manyou/my.php HTTP/1.0" 404 16 "http://bbs.igeyao.com/api/manyou/my.php" "Mozilla/5.0 (Windows; U; Windows NT 5.1; zh-CN; rv:1.9.1.9) Gecko/20100315 Firefox/3.5.9"
113.108.12.139 - - [12/Nov/2012:12:41:09 +0800] "POST /api/manyou/my.php HTTP/1.0" 404 16 "http://bbs.igeyao.com/api/manyou/my.php" "Mozilla/5.0 (Windows; U; Windows NT 5.1; zh-CN; rv:1.9.1.9) Gecko/20100315 Firefox/3.5.9"
113.108.12.103 - - [12/Nov/2012:12:41:26 +0800] "POST /api/manyou/my.php HTTP/1.0" 404 16 "http://bbs.igeyao.com/api/manyou/my.php" "Mozilla/5.0 (Windows; U; Windows NT 5.1; zh-CN; rv:1.9.1.9) Gecko/20100315 Firefox/3.5.9"
113.108.12.103 - - [12/Nov/2012:12:41:38 +0800] "POST /api/manyou/my.php HTTP/1.0" 404 16 "http://bbs.igeyao.com/api/manyou/my.php" "Mozilla/5.0 (Windows; U; Windows NT 5.1; zh-CN; rv:1.9.1.9) Gecko/20100315 Firefox/3.5.9"
113.108.12.107 - - [12/Nov/2012:12:41:56 +0800] "POST /api/manyou/my.php HTTP/1.0" 404 16 "http://bbs.igeyao.com/api/manyou/my.php" "Mozilla/5.0 (Windows; U; Windows NT 5.1; zh-CN; rv:1.9.1.9) Gecko/20100315 Firefox/3.5.9"
113.108.12.123 - - [12/Nov/2012:12:42:12 +0800] "POST /api/manyou/my.php HTTP/1.0" 404 16 "http://bbs.igeyao.com/api/manyou/my.php" "Mozilla/5.0 (Windows; U; Windows NT 5.1; zh-CN; rv:1.9.1.9) Gecko/20100315 Firefox/3.5.9"
66.249.66.164 - - [12/Nov/2012:12:44:08 +0800] "GET /wp-content/uploads/2012/02/DSC005622.jpg HTTP/1.1" 200 138806 "-" "Googlebot-Image/1.0"
157.55.32.154 - - [12/Nov/2012:12:50:10 +0800] "GET /robots.txt HTTP/1.1" 404 169 "-" "Mozilla/5.0 (compatible; bingbot/2.0; +http://www.bing.com/bingbot.htm)"
124.115.6.11 - - [12/Nov/2012:12:51:26 +0800] "GET /robots.txt HTTP/1.1" 404 142 "-" "Mozilla/5.0(compatible; Sosospider/2.0; +http://help.soso.com/webspider.htm)"
61.135.249.75 - - [12/Nov/2012:12:51:54 +0800] "GET / HTTP/1.1" 200 14603 "-" "Mozilla/5.0 (compatible; YodaoBot/1.0; http://www.yodao.com/help/webmaster/spider/; )"
61.135.216.105 - - [12/Nov/2012:12:54:26 +0800] "GET /?feed=rss2 HTTP/1.1" 304 0 "-" "Mozilla/5.0 (compatible;YoudaoFeedFetcher/1.0;http://www.youdao.com/help/reader/faq/topic006/;1 subscribers;)"
66.249.66.88 - - [12/Nov/2012:12:56:58 +0800] "GET /?feed=rss2&tag=%E8%AE%A1%E5%88%92 HTTP/1.1" 200 39608 "-" "Mozilla/5.0 (compatible; Googlebot/2.1; +http://www.google.com/bot.html)"
220.181.108.148 - - [12/Nov/2012:12:57:08 +0800] "GET /forum.php?mod=viewthread&tid=5&extra= HTTP/1.1" 404 47 "-" "Mozilla/5.0 (compatible; Baiduspider/2.0; +http://www.baidu.com/search/spider.html)"
61.171.199.169 - - [12/Nov/2012:13:07:43 +0800] "GET /member.php?mod=logging&action=login HTTP/1.1" 404 27 "http://igeyao.com/" "Mozilla/4.0"
61.171.199.169 - - [12/Nov/2012:13:07:43 +0800] "GET /member.php?mod=register HTTP/1.1" 404 27 "http://igeyao.com/member.php?mod=register" "Mozilla/4.0"
61.135.216.105 - - [12/Nov/2012:13:09:31 +0800] "GET /?feed=rss2 HTTP/1.1" 304 0 "-" "Mozilla/5.0 (compatible;YoudaoFeedFetcher/1.0;http://www.youdao.com/help/reader/faq/topic006/;1 subscribers;)"
