113.108.12.123 - - [12/Nov/2012:09:32:30 +0800] "POST /api/manyou/my.php HTTP/1.0" 404 16 "http://bbs.igeyao.com/api/manyou/my.php" "Mozilla/5.0 (Windows; U; Windows NT 5.1; zh-CN; rv:1.9.1.9) Gecko/20100315 Firefox/3.5.9"
113.108.12.103 - - [12/Nov/2012:09:32:41 +0800] "POST /api/manyou/my.php HTTP/1.0" 404 16 "http://bbs.igeyao.com/api/manyou/my.php" "Mozilla/5.0 (Windows; U; Windows NT 5.1; zh-CN; rv:1.9.1.9) Gecko/20100315 Firefox/3.5.9"
178.154.173.29 - - [12/Nov/2012:09:32:44 +0800] "GET / HTTP/1.1" 200 14601 "-" "Mozilla/5.0 (compatible; YandexBot/3.0; +http://yandex.com/bots)"
66.249.66.88 - - [12/Nov/2012:09:32:50 +0800] "GET /?p=194 HTTP/1.1" 200 17069 "-" "Mozilla/5.0 (compatible; Googlebot/2.1; +http://www.google.com/bot.html)"
114.80.109.30 - - [12/Nov/2012:09:32:51 +0800] "POST /api/manyou/my.php HTTP/1.0" 404 16 "http://bbs.igeyao.com/api/manyou/my.php" "Mozilla/5.0 (Windows; U; Windows NT 5.1; zh-CN; rv:1.9.1.9) Gecko/20100315 Firefox/3.5.9"
124.115.5.53 - - [12/Nov/2012:09:33:07 +0800] "POST /api/manyou/my.php HTTP/1.0" 404 16 "http://bbs.igeyao.com/api/manyou/my.php" "Mozilla/5.0 (Windows; U; Windows NT 5.1; zh-CN; rv:1.9.1.9) Gecko/20100315 Firefox/3.5.9"
113.108.12.123 - - [12/Nov/2012:09:33:19 +0800] "POST /api/manyou/my.php HTTP/1.0" 404 16 "http://bbs.igeyao.com/api/manyou/my.php" "Mozilla/5.0 (Windows; U; Windows NT 5.1; zh-CN; rv:1.9.1.9) Gecko/20100315 Firefox/3.5.9"
114.80.109.30 - - [12/Nov/2012:09:33:28 +0800] "POST /api/manyou/my.php HTTP/1.0" 404 16 "http://bbs.igeyao.com/api/manyou/my.php" "Mozilla/5.0 (Windows; U; Windows NT 5.1; zh-CN; rv:1.9.1.9) Gecko/20100315 Firefox/3.5.9"
124.115.4.33 - - [12/Nov/2012:09:33:37 +0800] "POST /api/manyou/my.php HTTP/1.0" 404 16 "http://bbs.igeyao.com/api/manyou/my.php" "Mozilla/5.0 (Windows; U; Windows NT 5.1; zh-CN; rv:1.9.1.9) Gecko/20100315 Firefox/3.5.9"
66.249.66.90 - - [12/Nov/2012:09:33:44 +0800] "GET /?p=289 HTTP/1.1" 200 7660 "-" "Mozilla/5.0 (compatible; Googlebot/2.1; +http://www.google.com/bot.html)"
124.115.5.53 - - [12/Nov/2012:09:33:49 +0800] "POST /api/manyou/my.php HTTP/1.0" 404 16 "http://bbs.igeyao.com/api/manyou/my.php" "Mozilla/5.0 (Windows; U; Windows NT 5.1; zh-CN; rv:1.9.1.9) Gecko/20100315 Firefox/3.5.9"
114.80.93.12 - - [12/Nov/2012:09:34:13 +0800] "POST /api/manyou/my.php HTTP/1.0" 404 16 "http://bbs.igeyao.com/api/manyou/my.php" "Mozilla/5.0 (Windows; U; Windows NT 5.1; zh-CN; rv:1.9.1.9) Gecko/20100315 Firefox/3.5.9"
124.115.5.53 - - [12/Nov/2012:09:34:21 +0800] "POST /api/manyou/my.php HTTP/1.0" 404 16 "http://bbs.igeyao.com/api/manyou/my.php" "Mozilla/5.0 (Windows; U; Windows NT 5.1; zh-CN; rv:1.9.1.9) Gecko/20100315 Firefox/3.5.9"
113.108.12.111 - - [12/Nov/2012:09:34:32 +0800] "POST /api/manyou/my.php HTTP/1.0" 404 16 "http://bbs.igeyao.com/api/manyou/my.php" "Mozilla/5.0 (Windows; U; Windows NT 5.1; zh-CN; rv:1.9.1.9) Gecko/20100315 Firefox/3.5.9"
124.115.4.33 - - [12/Nov/2012:09:34:45 +0800] "POST /api/manyou/my.php HTTP/1.0" 404 16 "http://bbs.igeyao.com/api/manyou/my.php" "Mozilla/5.0 (Windows; U; Windows NT 5.1; zh-CN; rv:1.9.1.9) Gecko/20100315 Firefox/3.5.9"
113.108.12.139 - - [12/Nov/2012:09:34:57 +0800] "POST /api/manyou/my.php HTTP/1.0" 404 16 "http://bbs.igeyao.com/api/manyou/my.php" "Mozilla/5.0 (Windows; U; Windows NT 5.1; zh-CN; rv:1.9.1.9) Gecko/20100315 Firefox/3.5.9"
218.29.217.2 - - [12/Nov/2012:09:35:05 +0800] "GET /member.php?mod=logging&action=login HTTP/1.1" 404 27 "http://igeyao.com/" "Mozilla/5.0 (Windows; U; Windows NT 5.1; zh-TW; rv:1.9.0.11) Gecko/2009060215 Firefox/3.0.11 (.NET CLR 3.5.30729)"
218.29.217.2 - - [12/Nov/2012:09:35:05 +0800] "GET /member.php?mod=register HTTP/1.1" 404 27 "http://igeyao.com/member.php?mod=register" "Mozilla/5.0 (Windows; U; Windows NT 5.1; zh-TW; rv:1.9.0.11) Gecko/2009060215 Firefox/3.0.11 (.NET CLR 3.5.30729)"
114.80.109.29 - - [12/Nov/2012:09:35:06 +0800] "POST /api/manyou/my.php HTTP/1.0" 404 16 "http://bbs.igeyao.com/api/manyou/my.php" "Mozilla/5.0 (Windows; U; Windows NT 5.1; zh-CN; rv:1.9.1.9) Gecko/20100315 Firefox/3.5.9"
114.80.109.29 - - [12/Nov/2012:09:35:19 +0800] "POST /api/manyou/my.php HTTP/1.0" 404 16 "http://bbs.igeyao.com/api/manyou/my.php" "Mozilla/5.0 (Windows; U; Windows NT 5.1; zh-CN; rv:1.9.1.9) Gecko/20100315 Firefox/3.5.9"
113.108.12.103 - - [12/Nov/2012:09:35:36 +0800] "POST /api/manyou/my.php HTTP/1.0" 404 16 "http://bbs.igeyao.com/api/manyou/my.php" "Mozilla/5.0 (Windows; U; Windows NT 5.1; zh-CN; rv:1.9.1.9) Gecko/20100315 Firefox/3.5.9"
220.181.108.113 - - [12/Nov/2012:09:35:46 +0800] "GET /?tag=%E8%A7%81%E9%97%BB HTTP/1.1" 200 13850 "-" "Mozilla/5.0 (compatible; Baiduspider/2.0; +http://www.baidu.com/search/spider.html)"
114.80.93.12 - - [12/Nov/2012:09:36:12 +0800] "POST /api/manyou/my.php HTTP/1.0" 404 16 "http://bbs.igeyao.com/api/manyou/my.php" "Mozilla/5.0 (Windows; U; Windows NT 5.1; zh-CN; rv:1.9.1.9) Gecko/20100315 Firefox/3.5.9"
113.108.12.111 - - [12/Nov/2012:09:36:29 +0800] "POST /api/manyou/my.php HTTP/1.0" 404 16 "http://bbs.igeyao.com/api/manyou/my.php" "Mozilla/5.0 (Windows; U; Windows NT 5.1; zh-CN; rv:1.9.1.9) Gecko/20100315 Firefox/3.5.9"
113.108.12.103 - - [12/Nov/2012:09:36:47 +0800] "POST /api/manyou/my.php HTTP/1.0" 404 16 "http://bbs.igeyao.com/api/manyou/my.php" "Mozilla/5.0 (Windows; U; Windows NT 5.1; zh-CN; rv:1.9.1.9) Gecko/20100315 Firefox/3.5.9"
113.108.12.111 - - [12/Nov/2012:09:37:07 +0800] "POST /api/manyou/my.php HTTP/1.0" 404 16 "http://bbs.igeyao.com/api/manyou/my.php" "Mozilla/5.0 (Windows; U; Windows NT 5.1; zh-CN; rv:1.9.1.9) Gecko/20100315 Firefox/3.5.9"
113.108.12.111 - - [12/Nov/2012:09:37:32 +0800] "POST /api/manyou/my.php HTTP/1.0" 404 16 "http://bbs.igeyao.com/api/manyou/my.php" "Mozilla/5.0 (Windows; U; Windows NT 5.1; zh-CN; rv:1.9.1.9) Gecko/20100315 Firefox/3.5.9"
114.80.109.29 - - [12/Nov/2012:09:37:53 +0800] "POST /api/manyou/my.php HTTP/1.0" 404 16 "http://bbs.igeyao.com/api/manyou/my.php" "Mozilla/5.0 (Windows; U; Windows NT 5.1; zh-CN; rv:1.9.1.9) Gecko/20100315 Firefox/3.5.9"
113.108.12.107 - - [12/Nov/2012:09:38:06 +0800] "POST /api/manyou/my.php HTTP/1.0" 404 16 "http://bbs.igeyao.com/api/manyou/my.php" "Mozilla/5.0 (Windows; U; Windows NT 5.1; zh-CN; rv:1.9.1.9) Gecko/20100315 Firefox/3.5.9"
124.115.4.33 - - [12/Nov/2012:09:38:16 +0800] "POST /api/manyou/my.php HTTP/1.0" 404 16 "http://bbs.igeyao.com/api/manyou/my.php" "Mozilla/5.0 (Windows; U; Windows NT 5.1; zh-CN; rv:1.9.1.9) Gecko/20100315 Firefox/3.5.9"
61.135.216.105 - - [12/Nov/2012:09:38:22 +0800] "GET /?feed=rss2 HTTP/1.1" 304 0 "-" "Mozilla/5.0 (compatible;YoudaoFeedFetcher/1.0;http://www.youdao.com/help/reader/faq/topic006/;1 subscribers;)"
180.153.160.116 - - [12/Nov/2012:09:38:26 +0800] "POST /api/manyou/my.php HTTP/1.0" 404 16 "http://bbs.igeyao.com/api/manyou/my.php" "Mozilla/5.0 (Windows; U; Windows NT 5.1; zh-CN; rv:1.9.1.9) Gecko/20100315 Firefox/3.5.9"
124.115.4.33 - - [12/Nov/2012:09:38:36 +0800] "POST /api/manyou/my.php HTTP/1.0" 404 16 "http://bbs.igeyao.com/api/manyou/my.php" "Mozilla/5.0 (Windows; U; Windows NT 5.1; zh-CN; rv:1.9.1.9) Gecko/20100315 Firefox/3.5.9"
124.115.5.12 - - [12/Nov/2012:09:38:45 +0800] "POST /api/manyou/my.php HTTP/1.0" 404 16 "http://bbs.igeyao.com/api/manyou/my.php" "Mozilla/5.0 (Windows; U; Windows NT 5.1; zh-CN; rv:1.9.1.9) Gecko/20100315 Firefox/3.5.9"
66.249.75.82 - - [12/Nov/2012:09:39:10 +0800] "GET /?feed=rss2&page_id=198 HTTP/1.1" 200 734 "-" "Mozilla/5.0 (compatible; Googlebot/2.1; +http://www.google.com/bot.html)"
113.108.12.103 - - [12/Nov/2012:09:39:14 +0800] "POST /api/manyou/my.php HTTP/1.0" 404 16 "http://bbs.igeyao.com/api/manyou/my.php" "Mozilla/5.0 (Windows; U; Windows NT 5.1; zh-CN; rv:1.9.1.9) Gecko/20100315 Firefox/3.5.9"
66.249.66.89 - - [12/Nov/2012:09:39:15 +0800] "GET /?p=7 HTTP/1.1" 200 4434 "-" "Mozilla/5.0 (compatible; Googlebot/2.1; +http://www.google.com/bot.html)"
66.249.66.85 - - [12/Nov/2012:09:39:20 +0800] "GET /?p=21 HTTP/1.1" 200 4844 "-" "Mozilla/5.0 (compatible; Googlebot/2.1; +http://www.google.com/bot.html)"
66.249.75.88 - - [12/Nov/2012:09:39:26 +0800] "GET /?p=235 HTTP/1.1" 200 5887 "-" "Mozilla/5.0 (compatible; Googlebot/2.1; +http://www.google.com/bot.html)"
66.249.66.85 - - [12/Nov/2012:09:39:30 +0800] "GET /?p=151 HTTP/1.1" 200 5003 "-" "Mozilla/5.0 (compatible; Googlebot/2.1; +http://www.google.com/bot.html)"
66.249.66.88 - - [12/Nov/2012:09:39:35 +0800] "GET /?p=181 HTTP/1.1" 200 5440 "-" "Mozilla/5.0 (compatible; Googlebot/2.1; +http://www.google.com/bot.html)"
114.80.93.180 - - [12/Nov/2012:09:39:38 +0800] "POST /api/manyou/my.php HTTP/1.0" 404 16 "http://bbs.igeyao.com/api/manyou/my.php" "Mozilla/5.0 (Windows; U; Windows NT 5.1; zh-CN; rv:1.9.1.9) Gecko/20100315 Firefox/3.5.9"
66.249.75.79 - - [12/Nov/2012:09:39:39 +0800] "GET /?p=123 HTTP/1.1" 200 4420 "-" "Mozilla/5.0 (compatible; Googlebot/2.1; +http://www.google.com/bot.html)"
66.249.75.88 - - [12/Nov/2012:09:39:44 +0800] "GET /?p=208 HTTP/1.1" 200 5056 "-" "Mozilla/5.0 (compatible; Googlebot/2.1; +http://www.google.com/bot.html)"
66.249.66.89 - - [12/Nov/2012:09:39:50 +0800] "GET /?p=322 HTTP/1.1" 200 60644 "-" "Mozilla/5.0 (compatible; Googlebot/2.1; +http://www.google.com/bot.html)"
180.153.73.164 - - [12/Nov/2012:09:39:55 +0800] "POST /api/manyou/my.php HTTP/1.0" 404 16 "http://bbs.igeyao.com/api/manyou/my.php" "Mozilla/5.0 (Windows; U; Windows NT 5.1; zh-CN; rv:1.9.1.9) Gecko/20100315 Firefox/3.5.9"
66.249.66.89 - - [12/Nov/2012:09:39:57 +0800] "GET /?p=108 HTTP/1.1" 200 4558 "-" "Mozilla/5.0 (compatible; Googlebot/2.1; +http://www.google.com/bot.html)"
124.115.4.33 - - [12/Nov/2012:09:40:05 +0800] "POST /api/manyou/my.php HTTP/1.0" 404 16 "http://bbs.igeyao.com/api/manyou/my.php" "Mozilla/5.0 (Windows; U; Windows NT 5.1; zh-CN; rv:1.9.1.9) Gecko/20100315 Firefox/3.5.9"
66.249.66.90 - - [12/Nov/2012:09:40:06 +0800] "GET /?p=230 HTTP/1.1" 200 5857 "-" "Mozilla/5.0 (compatible; Googlebot/2.1; +http://www.google.com/bot.html)"
66.249.66.92 - - [12/Nov/2012:09:40:15 +0800] "GET /?cat=8 HTTP/1.1" 200 15255 "-" "Mozilla/5.0 (compatible; Googlebot/2.1; +http://www.google.com/bot.html)"
180.153.160.114 - - [12/Nov/2012:09:40:18 +0800] "POST /api/manyou/my.php HTTP/1.0" 404 16 "http://bbs.igeyao.com/api/manyou/my.php" "Mozilla/5.0 (Windows; U; Windows NT 5.1; zh-CN; rv:1.9.1.9) Gecko/20100315 Firefox/3.5.9"
66.249.75.88 - - [12/Nov/2012:09:40:23 +0800] "GET /?p=219 HTTP/1.1" 200 4383 "-" "Mozilla/5.0 (compatible; Googlebot/2.1; +http://www.google.com/bot.html)"
124.115.0.168 - - [12/Nov/2012:09:40:27 +0800] "GET /home.php?do=thread&from=space&mod=space&uid=115&view=me HTTP/1.1" 404 47 "-" "Mozilla/5.0(compatible; Sosospider/2.0; +http://help.soso.com/webspider.htm)"
66.249.66.87 - - [12/Nov/2012:09:40:32 +0800] "GET /?p=287 HTTP/1.1" 200 6175 "-" "Mozilla/5.0 (compatible; Googlebot/2.1; +http://www.google.com/bot.html)"
113.108.12.111 - - [12/Nov/2012:09:40:33 +0800] "POST /api/manyou/my.php HTTP/1.0" 404 16 "http://bbs.igeyao.com/api/manyou/my.php" "Mozilla/5.0 (Windows; U; Windows NT 5.1; zh-CN; rv:1.9.1.9) Gecko/20100315 Firefox/3.5.9"
66.249.75.81 - - [12/Nov/2012:09:40:40 +0800] "GET /?p=247 HTTP/1.1" 200 5634 "-" "Mozilla/5.0 (compatible; Googlebot/2.1; +http://www.google.com/bot.html)"
180.153.160.116 - - [12/Nov/2012:09:40:44 +0800] "POST /api/manyou/my.php HTTP/1.0" 404 16 "http://bbs.igeyao.com/api/manyou/my.php" "Mozilla/5.0 (Windows; U; Windows NT 5.1; zh-CN; rv:1.9.1.9) Gecko/20100315 Firefox/3.5.9"
66.249.66.92 - - [12/Nov/2012:09:40:49 +0800] "GET /?p=163 HTTP/1.1" 200 4843 "-" "Mozilla/5.0 (compatible; Googlebot/2.1; +http://www.google.com/bot.html)"
113.108.12.103 - - [12/Nov/2012:09:40:58 +0800] "POST /api/manyou/my.php HTTP/1.0" 404 16 "http://bbs.igeyao.com/api/manyou/my.php" "Mozilla/5.0 (Windows; U; Windows NT 5.1; zh-CN; rv:1.9.1.9) Gecko/20100315 Firefox/3.5.9"
66.249.75.82 - - [12/Nov/2012:09:40:58 +0800] "GET /?p=292 HTTP/1.1" 200 4705 "-" "Mozilla/5.0 (compatible; Googlebot/2.1; +http://www.google.com/bot.html)"
66.249.66.86 - - [12/Nov/2012:09:41:06 +0800] "GET /?cat=26 HTTP/1.1" 200 16797 "-" "Mozilla/5.0 (compatible; Googlebot/2.1; +http://www.google.com/bot.html)"
66.249.66.85 - - [12/Nov/2012:09:41:14 +0800] "GET /?cat=60 HTTP/1.1" 200 14110 "-" "Mozilla/5.0 (compatible; Googlebot/2.1; +http://www.google.com/bot.html)"
124.115.4.33 - - [12/Nov/2012:09:41:19 +0800] "POST /api/manyou/my.php HTTP/1.0" 404 16 "http://bbs.igeyao.com/api/manyou/my.php" "Mozilla/5.0 (Windows; U; Windows NT 5.1; zh-CN; rv:1.9.1.9) Gecko/20100315 Firefox/3.5.9"
66.249.75.85 - - [12/Nov/2012:09:41:23 +0800] "GET /?cat=13 HTTP/1.1" 200 12717 "-" "Mozilla/5.0 (compatible; Googlebot/2.1; +http://www.google.com/bot.html)"
124.115.5.53 - - [12/Nov/2012:09:41:28 +0800] "POST /api/manyou/my.php HTTP/1.0" 404 16 "http://bbs.igeyao.com/api/manyou/my.php" "Mozilla/5.0 (Windows; U; Windows NT 5.1; zh-CN; rv:1.9.1.9) Gecko/20100315 Firefox/3.5.9"
66.249.75.82 - - [12/Nov/2012:09:41:31 +0800] "GET /?cat=53 HTTP/1.1" 200 15592 "-" "Mozilla/5.0 (compatible; Googlebot/2.1; +http://www.google.com/bot.html)"
66.249.66.88 - - [12/Nov/2012:09:41:40 +0800] "GET /?author=1 HTTP/1.1" 200 14684 "-" "Mozilla/5.0 (compatible; Googlebot/2.1; +http://www.google.com/bot.html)"
114.80.109.30 - - [12/Nov/2012:09:41:44 +0800] "POST /api/manyou/my.php HTTP/1.0" 404 16 "http://bbs.igeyao.com/api/manyou/my.php" "Mozilla/5.0 (Windows; U; Windows NT 5.1; zh-CN; rv:1.9.1.9) Gecko/20100315 Firefox/3.5.9"
66.249.75.87 - - [12/Nov/2012:09:41:48 +0800] "GET /?tag=%E7%8E%A9 HTTP/1.1" 200 7136 "-" "Mozilla/5.0 (compatible; Googlebot/2.1; +http://www.google.com/bot.html)"
66.249.66.91 - - [12/Nov/2012:09:41:57 +0800] "GET /?tag=%E5%8F%91%E7%8E%B0 HTTP/1.1" 200 8931 "-" "Mozilla/5.0 (compatible; Googlebot/2.1; +http://www.google.com/bot.html)"
121.14.98.65 - - [12/Nov/2012:09:42:04 +0800] "POST /api/manyou/my.php HTTP/1.0" 404 16 "http://bbs.igeyao.com/api/manyou/my.php" "Mozilla/5.0 (Windows; U; Windows NT 5.1; zh-CN; rv:1.9.1.9) Gecko/20100315 Firefox/3.5.9"
66.249.66.90 - - [12/Nov/2012:09:42:05 +0800] "GET /?tag=%E5%8A%A8%E5%8A%9B HTTP/1.1" 200 10508 "-" "Mozilla/5.0 (compatible; Googlebot/2.1; +http://www.google.com/bot.html)"
66.249.66.86 - - [12/Nov/2012:09:42:14 +0800] "GET /?tag=%E7%94%B7%E4%BA%BA HTTP/1.1" 200 16583 "-" "Mozilla/5.0 (compatible; Googlebot/2.1; +http://www.google.com/bot.html)"
66.249.75.79 - - [12/Nov/2012:09:42:22 +0800] "GET /?tag=%E4%BA%BA%E7%94%9F HTTP/1.1" 200 16272 "-" "Mozilla/5.0 (compatible; Googlebot/2.1; +http://www.google.com/bot.html)"
113.108.12.139 - - [12/Nov/2012:09:42:25 +0800] "POST /api/manyou/my.php HTTP/1.0" 404 16 "http://bbs.igeyao.com/api/manyou/my.php" "Mozilla/5.0 (Windows; U; Windows NT 5.1; zh-CN; rv:1.9.1.9) Gecko/20100315 Firefox/3.5.9"
66.249.66.86 - - [12/Nov/2012:09:42:30 +0800] "GET /?tag=%E8%A7%81%E9%97%BB HTTP/1.1" 200 13851 "-" "Mozilla/5.0 (compatible; Googlebot/2.1; +http://www.google.com/bot.html)"
66.249.66.91 - - [12/Nov/2012:09:42:39 +0800] "GET /?tag=%E8%AE%A1%E5%88%92 HTTP/1.1" 200 7693 "-" "Mozilla/5.0 (compatible; Googlebot/2.1; +http://www.google.com/bot.html)"
113.108.12.103 - - [12/Nov/2012:09:42:40 +0800] "POST /api/manyou/my.php HTTP/1.0" 404 16 "http://bbs.igeyao.com/api/manyou/my.php" "Mozilla/5.0 (Windows; U; Windows NT 5.1; zh-CN; rv:1.9.1.9) Gecko/20100315 Firefox/3.5.9"
66.249.75.82 - - [12/Nov/2012:09:42:47 +0800] "GET /?tag=%E8%8B%A6%E9%9A%BE HTTP/1.1" 200 17025 "-" "Mozilla/5.0 (compatible; Googlebot/2.1; +http://www.google.com/bot.html)"
113.108.12.111 - - [12/Nov/2012:09:42:50 +0800] "POST /api/manyou/my.php HTTP/1.0" 404 16 "http://bbs.igeyao.com/api/manyou/my.php" "Mozilla/5.0 (Windows; U; Windows NT 5.1; zh-CN; rv:1.9.1.9) Gecko/20100315 Firefox/3.5.9"
66.249.75.87 - - [12/Nov/2012:09:42:56 +0800] "GET /?tag=%E5%A5%B3%E4%BA%BA HTTP/1.1" 200 10454 "-" "Mozilla/5.0 (compatible; Googlebot/2.1; +http://www.google.com/bot.html)"
180.153.73.164 - - [12/Nov/2012:09:43:04 +0800] "POST /api/manyou/my.php HTTP/1.0" 404 16 "http://bbs.igeyao.com/api/manyou/my.php" "Mozilla/5.0 (Windows; U; Windows NT 5.1; zh-CN; rv:1.9.1.9) Gecko/20100315 Firefox/3.5.9"
66.249.66.91 - - [12/Nov/2012:09:43:04 +0800] "GET /?tag=%E6%8A%80%E6%9C%AF%E7%B1%BB HTTP/1.1" 200 5701 "-" "Mozilla/5.0 (compatible; Googlebot/2.1; +http://www.google.com/bot.html)"
66.249.75.87 - - [12/Nov/2012:09:43:12 +0800] "GET /?feed=rss2&p=18 HTTP/1.1" 200 1161 "-" "Mozilla/5.0 (compatible; Googlebot/2.1; +http://www.google.com/bot.html)"
124.115.4.33 - - [12/Nov/2012:09:43:20 +0800] "POST /api/manyou/my.php HTTP/1.0" 404 16 "http://bbs.igeyao.com/api/manyou/my.php" "Mozilla/5.0 (Windows; U; Windows NT 5.1; zh-CN; rv:1.9.1.9) Gecko/20100315 Firefox/3.5.9"
66.249.66.91 - - [12/Nov/2012:09:43:21 +0800] "GET /?feed=rss2&p=194 HTTP/1.1" 200 1472 "-" "Mozilla/5.0 (compatible; Googlebot/2.1; +http://www.google.com/bot.html)"
66.249.66.85 - - [12/Nov/2012:09:43:30 +0800] "GET /?feed=rss2&p=240 HTTP/1.1" 200 1694 "-" "Mozilla/5.0 (compatible; Googlebot/2.1; +http://www.google.com/bot.html)"
113.108.12.139 - - [12/Nov/2012:09:43:31 +0800] "POST /api/manyou/my.php HTTP/1.0" 404 16 "http://bbs.igeyao.com/api/manyou/my.php" "Mozilla/5.0 (Windows; U; Windows NT 5.1; zh-CN; rv:1.9.1.9) Gecko/20100315 Firefox/3.5.9"
114.80.109.30 - - [12/Nov/2012:09:43:36 +0800] "POST /api/manyou/my.php HTTP/1.0" 404 16 "http://bbs.igeyao.com/api/manyou/my.php" "Mozilla/5.0 (Windows; U; Windows NT 5.1; zh-CN; rv:1.9.1.9) Gecko/20100315 Firefox/3.5.9"
66.249.66.85 - - [12/Nov/2012:09:43:40 +0800] "GET /?feed=rss2&p=161 HTTP/1.1" 200 1175 "-" "Mozilla/5.0 (compatible; Googlebot/2.1; +http://www.google.com/bot.html)"
113.108.12.111 - - [12/Nov/2012:09:43:44 +0800] "POST /api/manyou/my.php HTTP/1.0" 404 16 "http://bbs.igeyao.com/api/manyou/my.php" "Mozilla/5.0 (Windows; U; Windows NT 5.1; zh-CN; rv:1.9.1.9) Gecko/20100315 Firefox/3.5.9"
66.249.75.78 - - [12/Nov/2012:09:43:46 +0800] "GET /?feed=rss2&p=227 HTTP/1.1" 200 1283 "-" "Mozilla/5.0 (compatible; Googlebot/2.1; +http://www.google.com/bot.html)"
114.80.109.30 - - [12/Nov/2012:09:43:50 +0800] "POST /api/manyou/my.php HTTP/1.0" 404 16 "http://bbs.igeyao.com/api/manyou/my.php" "Mozilla/5.0 (Windows; U; Windows NT 5.1; zh-CN; rv:1.9.1.9) Gecko/20100315 Firefox/3.5.9"
66.249.66.92 - - [12/Nov/2012:09:43:55 +0800] "GET /?feed=rss2&p=289 HTTP/1.1" 200 2796 "-" "Mozilla/5.0 (compatible; Googlebot/2.1; +http://www.google.com/bot.html)"
66.249.75.85 - - [12/Nov/2012:09:44:04 +0800] "GET /?feed=rss2&p=313 HTTP/1.1" 200 1479 "-" "Mozilla/5.0 (compatible; Googlebot/2.1; +http://www.google.com/bot.html)"
180.153.73.164 - - [12/Nov/2012:09:44:17 +0800] "POST /api/manyou/my.php HTTP/1.0" 404 16 "http://bbs.igeyao.com/api/manyou/my.php" "Mozilla/5.0 (Windows; U; Windows NT 5.1; zh-CN; rv:1.9.1.9) Gecko/20100315 Firefox/3.5.9"
113.108.12.111 - - [12/Nov/2012:09:44:26 +0800] "POST /api/manyou/my.php HTTP/1.0" 404 16 "http://bbs.igeyao.com/api/manyou/my.php" "Mozilla/5.0 (Windows; U; Windows NT 5.1; zh-CN; rv:1.9.1.9) Gecko/20100315 Firefox/3.5.9"
72.14.199.212 - - [12/Nov/2012:09:44:32 +0800] "GET /?feed=rss2 HTTP/1.1" 200 72141 "-" "Feedfetcher-Google; (+http://www.google.com/feedfetcher.html; 2 subscribers; feed-id=12826553577301189443)"
113.108.12.139 - - [12/Nov/2012:09:44:36 +0800] "POST /api/manyou/my.php HTTP/1.0" 404 16 "http://bbs.igeyao.com/api/manyou/my.php" "Mozilla/5.0 (Windows; U; Windows NT 5.1; zh-CN; rv:1.9.1.9) Gecko/20100315 Firefox/3.5.9"
113.108.12.111 - - [12/Nov/2012:09:44:51 +0800] "POST /api/manyou/my.php HTTP/1.0" 404 16 "http://bbs.igeyao.com/api/manyou/my.php" "Mozilla/5.0 (Windows; U; Windows NT 5.1; zh-CN; rv:1.9.1.9) Gecko/20100315 Firefox/3.5.9"
113.108.12.107 - - [12/Nov/2012:09:45:02 +0800] "POST /api/manyou/my.php HTTP/1.0" 404 16 "http://bbs.igeyao.com/api/manyou/my.php" "Mozilla/5.0 (Windows; U; Windows NT 5.1; zh-CN; rv:1.9.1.9) Gecko/20100315 Firefox/3.5.9"
124.115.5.12 - - [12/Nov/2012:09:45:11 +0800] "POST /api/manyou/my.php HTTP/1.0" 404 16 "http://bbs.igeyao.com/api/manyou/my.php" "Mozilla/5.0 (Windows; U; Windows NT 5.1; zh-CN; rv:1.9.1.9) Gecko/20100315 Firefox/3.5.9"
124.115.4.33 - - [12/Nov/2012:09:45:35 +0800] "POST /api/manyou/my.php HTTP/1.0" 404 16 "http://bbs.igeyao.com/api/manyou/my.php" "Mozilla/5.0 (Windows; U; Windows NT 5.1; zh-CN; rv:1.9.1.9) Gecko/20100315 Firefox/3.5.9"
113.108.12.103 - - [12/Nov/2012:09:45:49 +0800] "POST /api/manyou/my.php HTTP/1.0" 404 16 "http://bbs.igeyao.com/api/manyou/my.php" "Mozilla/5.0 (Windows; U; Windows NT 5.1; zh-CN; rv:1.9.1.9) Gecko/20100315 Firefox/3.5.9"
218.29.217.2 - - [12/Nov/2012:09:45:52 +0800] "GET /member.php?mod=logging&action=login HTTP/1.1" 404 27 "http://igeyao.com/" "Mozilla/5.0 (Windows; U; Windows NT 5.1; zh-TW; rv:1.9.0.11) Gecko/2009060215 Firefox/3.0.11 (.NET CLR 3.5.30729)"
218.29.217.2 - - [12/Nov/2012:09:45:52 +0800] "GET /member.php?mod=register HTTP/1.1" 404 27 "http://igeyao.com/member.php?mod=register" "Mozilla/5.0 (Windows; U; Windows NT 5.1; zh-TW; rv:1.9.0.11) Gecko/2009060215 Firefox/3.0.11 (.NET CLR 3.5.30729)"
114.80.109.29 - - [12/Nov/2012:09:45:57 +0800] "POST /api/manyou/my.php HTTP/1.0" 404 16 "http://bbs.igeyao.com/api/manyou/my.php" "Mozilla/5.0 (Windows; U; Windows NT 5.1; zh-CN; rv:1.9.1.9) Gecko/20100315 Firefox/3.5.9"
121.14.98.64 - - [12/Nov/2012:09:46:15 +0800] "POST /api/manyou/my.php HTTP/1.0" 404 16 "http://bbs.igeyao.com/api/manyou/my.php" "Mozilla/5.0 (Windows; U; Windows NT 5.1; zh-CN; rv:1.9.1.9) Gecko/20100315 Firefox/3.5.9"
66.249.66.91 - - [12/Nov/2012:09:46:31 +0800] "GET /?feed=rss2&p=120 HTTP/1.1" 200 1723 "-" "Mozilla/5.0 (compatible; Googlebot/2.1; +http://www.google.com/bot.html)"
113.108.12.107 - - [12/Nov/2012:09:46:35 +0800] "POST /api/manyou/my.php HTTP/1.0" 404 16 "http://bbs.igeyao.com/api/manyou/my.php" "Mozilla/5.0 (Windows; U; Windows NT 5.1; zh-CN; rv:1.9.1.9) Gecko/20100315 Firefox/3.5.9"
113.108.12.107 - - [12/Nov/2012:09:46:40 +0800] "POST /api/manyou/my.php HTTP/1.0" 404 16 "http://bbs.igeyao.com/api/manyou/my.php" "Mozilla/5.0 (Windows; U; Windows NT 5.1; zh-CN; rv:1.9.1.9) Gecko/20100315 Firefox/3.5.9"
113.108.12.107 - - [12/Nov/2012:09:47:03 +0800] "POST /api/manyou/my.php HTTP/1.0" 404 16 "http://bbs.igeyao.com/api/manyou/my.php" "Mozilla/5.0 (Windows; U; Windows NT 5.1; zh-CN; rv:1.9.1.9) Gecko/20100315 Firefox/3.5.9"
124.115.4.33 - - [12/Nov/2012:09:47:11 +0800] "POST /api/manyou/my.php HTTP/1.0" 404 16 "http://bbs.igeyao.com/api/manyou/my.php" "Mozilla/5.0 (Windows; U; Windows NT 5.1; zh-CN; rv:1.9.1.9) Gecko/20100315 Firefox/3.5.9"
114.80.93.12 - - [12/Nov/2012:09:47:34 +0800] "POST /api/manyou/my.php HTTP/1.0" 404 16 "http://bbs.igeyao.com/api/manyou/my.php" "Mozilla/5.0 (Windows; U; Windows NT 5.1; zh-CN; rv:1.9.1.9) Gecko/20100315 Firefox/3.5.9"
124.115.5.12 - - [12/Nov/2012:09:47:48 +0800] "POST /api/manyou/my.php HTTP/1.0" 404 16 "http://bbs.igeyao.com/api/manyou/my.php" "Mozilla/5.0 (Windows; U; Windows NT 5.1; zh-CN; rv:1.9.1.9) Gecko/20100315 Firefox/3.5.9"
113.108.12.111 - - [12/Nov/2012:09:48:00 +0800] "POST /api/manyou/my.php HTTP/1.0" 404 16 "http://bbs.igeyao.com/api/manyou/my.php" "Mozilla/5.0 (Windows; U; Windows NT 5.1; zh-CN; rv:1.9.1.9) Gecko/20100315 Firefox/3.5.9"
124.115.5.53 - - [12/Nov/2012:09:48:12 +0800] "POST /api/manyou/my.php HTTP/1.0" 404 16 "http://bbs.igeyao.com/api/manyou/my.php" "Mozilla/5.0 (Windows; U; Windows NT 5.1; zh-CN; rv:1.9.1.9) Gecko/20100315 Firefox/3.5.9"
124.115.4.33 - - [12/Nov/2012:09:48:24 +0800] "POST /api/manyou/my.php HTTP/1.0" 404 16 "http://bbs.igeyao.com/api/manyou/my.php" "Mozilla/5.0 (Windows; U; Windows NT 5.1; zh-CN; rv:1.9.1.9) Gecko/20100315 Firefox/3.5.9"
66.249.66.85 - - [12/Nov/2012:09:48:28 +0800] "GET /?tag=%E7%94%9F%E6%B4%BB%E5%9C%88%E5%AD%90 HTTP/1.1" 200 12593 "-" "Mozilla/5.0 (compatible; Googlebot/2.1; +http://www.google.com/bot.html)"
114.80.93.12 - - [12/Nov/2012:09:48:36 +0800] "POST /api/manyou/my.php HTTP/1.0" 404 16 "http://bbs.igeyao.com/api/manyou/my.php" "Mozilla/5.0 (Windows; U; Windows NT 5.1; zh-CN; rv:1.9.1.9) Gecko/20100315 Firefox/3.5.9"
113.108.12.139 - - [12/Nov/2012:09:48:47 +0800] "POST /api/manyou/my.php HTTP/1.0" 404 16 "http://bbs.igeyao.com/api/manyou/my.php" "Mozilla/5.0 (Windows; U; Windows NT 5.1; zh-CN; rv:1.9.1.9) Gecko/20100315 Firefox/3.5.9"
66.249.75.86 - - [12/Nov/2012:09:49:08 +0800] "GET /?tag=%E7%94%B5%E5%BD%B1%E6%8E%A8%E8%8D%90 HTTP/1.1" 200 6327 "-" "Mozilla/5.0 (compatible; Googlebot/2.1; +http://www.google.com/bot.html)"
66.249.66.87 - - [12/Nov/2012:09:49:11 +0800] "GET /?tag=%E4%BA%BA%E7%B1%BB%E7%A4%BE%E4%BC%9A HTTP/1.1" 200 13398 "-" "Mozilla/5.0 (compatible; Googlebot/2.1; +http://www.google.com/bot.html)"
66.249.66.87 - - [12/Nov/2012:09:49:13 +0800] "GET /?p=29 HTTP/1.1" 200 4852 "-" "Mozilla/5.0 (compatible; Googlebot/2.1; +http://www.google.com/bot.html)"
113.108.12.111 - - [12/Nov/2012:09:49:14 +0800] "POST /api/manyou/my.php HTTP/1.0" 404 16 "http://bbs.igeyao.com/api/manyou/my.php" "Mozilla/5.0 (Windows; U; Windows NT 5.1; zh-CN; rv:1.9.1.9) Gecko/20100315 Firefox/3.5.9"
66.249.66.91 - - [12/Nov/2012:09:49:18 +0800] "GET /?p=167 HTTP/1.1" 200 5780 "-" "Mozilla/5.0 (compatible; Googlebot/2.1; +http://www.google.com/bot.html)"
66.249.66.88 - - [12/Nov/2012:09:49:23 +0800] "GET /?p=271 HTTP/1.1" 200 7218 "-" "Mozilla/5.0 (compatible; Googlebot/2.1; +http://www.google.com/bot.html)"
124.115.5.12 - - [12/Nov/2012:09:49:24 +0800] "POST /api/manyou/my.php HTTP/1.0" 404 16 "http://bbs.igeyao.com/api/manyou/my.php" "Mozilla/5.0 (Windows; U; Windows NT 5.1; zh-CN; rv:1.9.1.9) Gecko/20100315 Firefox/3.5.9"
66.249.66.88 - - [12/Nov/2012:09:49:26 +0800] "GET /?p=232 HTTP/1.1" 200 5552 "-" "Mozilla/5.0 (compatible; Googlebot/2.1; +http://www.google.com/bot.html)"
66.249.66.88 - - [12/Nov/2012:09:49:31 +0800] "GET /?p=41 HTTP/1.1" 200 4421 "-" "Mozilla/5.0 (compatible; Googlebot/2.1; +http://www.google.com/bot.html)"
113.108.12.107 - - [12/Nov/2012:09:49:33 +0800] "POST /api/manyou/my.php HTTP/1.0" 404 16 "http://bbs.igeyao.com/api/manyou/my.php" "Mozilla/5.0 (Windows; U; Windows NT 5.1; zh-CN; rv:1.9.1.9) Gecko/20100315 Firefox/3.5.9"
66.249.66.89 - - [12/Nov/2012:09:49:35 +0800] "GET /?p=130 HTTP/1.1" 200 4110 "-" "Mozilla/5.0 (compatible; Googlebot/2.1; +http://www.google.com/bot.html)"
66.249.75.88 - - [12/Nov/2012:09:49:40 +0800] "GET /?p=104 HTTP/1.1" 200 6467 "-" "Mozilla/5.0 (compatible; Googlebot/2.1; +http://www.google.com/bot.html)"
66.249.66.89 - - [12/Nov/2012:09:49:46 +0800] "GET /?p=324 HTTP/1.1" 200 41264 "-" "Mozilla/5.0 (compatible; Googlebot/2.1; +http://www.google.com/bot.html)"
121.14.98.65 - - [12/Nov/2012:09:49:48 +0800] "POST /api/manyou/my.php HTTP/1.0" 404 16 "http://bbs.igeyao.com/api/manyou/my.php" "Mozilla/5.0 (Windows; U; Windows NT 5.1; zh-CN; rv:1.9.1.9) Gecko/20100315 Firefox/3.5.9"
66.249.66.89 - - [12/Nov/2012:09:49:49 +0800] "GET /?p=254 HTTP/1.1" 200 5827 "-" "Mozilla/5.0 (compatible; Googlebot/2.1; +http://www.google.com/bot.html)"
66.249.66.91 - - [12/Nov/2012:09:49:54 +0800] "GET /?p=344 HTTP/1.1" 200 5744 "-" "Mozilla/5.0 (compatible; Googlebot/2.1; +http://www.google.com/bot.html)"
124.115.4.33 - - [12/Nov/2012:09:49:57 +0800] "POST /api/manyou/my.php HTTP/1.0" 404 16 "http://bbs.igeyao.com/api/manyou/my.php" "Mozilla/5.0 (Windows; U; Windows NT 5.1; zh-CN; rv:1.9.1.9) Gecko/20100315 Firefox/3.5.9"
66.249.66.89 - - [12/Nov/2012:09:49:59 +0800] "GET /?p=214 HTTP/1.1" 200 4168 "-" "Mozilla/5.0 (compatible; Googlebot/2.1; +http://www.google.com/bot.html)"
66.249.75.86 - - [12/Nov/2012:09:50:03 +0800] "GET /?p=274 HTTP/1.1" 200 5365 "-" "Mozilla/5.0 (compatible; Googlebot/2.1; +http://www.google.com/bot.html)"
66.249.66.92 - - [12/Nov/2012:09:50:08 +0800] "GET /?cat=3 HTTP/1.1" 200 5875 "-" "Mozilla/5.0 (compatible; Googlebot/2.1; +http://www.google.com/bot.html)"
180.153.160.114 - - [12/Nov/2012:09:50:08 +0800] "POST /api/manyou/my.php HTTP/1.0" 404 16 "http://bbs.igeyao.com/api/manyou/my.php" "Mozilla/5.0 (Windows; U; Windows NT 5.1; zh-CN; rv:1.9.1.9) Gecko/20100315 Firefox/3.5.9"
66.249.66.91 - - [12/Nov/2012:09:50:13 +0800] "GET /?p=308 HTTP/1.1" 200 5384 "-" "Mozilla/5.0 (compatible; Googlebot/2.1; +http://www.google.com/bot.html)"
66.249.66.90 - - [12/Nov/2012:09:50:17 +0800] "GET /?p=305 HTTP/1.1" 200 5613 "-" "Mozilla/5.0 (compatible; Googlebot/2.1; +http://www.google.com/bot.html)"
180.153.160.113 - - [12/Nov/2012:09:50:20 +0800] "POST /api/manyou/my.php HTTP/1.0" 404 16 "http://bbs.igeyao.com/api/manyou/my.php" "Mozilla/5.0 (Windows; U; Windows NT 5.1; zh-CN; rv:1.9.1.9) Gecko/20100315 Firefox/3.5.9"
66.249.66.86 - - [12/Nov/2012:09:50:22 +0800] "GET /?p=264 HTTP/1.1" 200 4586 "-" "Mozilla/5.0 (compatible; Googlebot/2.1; +http://www.google.com/bot.html)"
66.249.66.86 - - [12/Nov/2012:09:50:26 +0800] "GET /?cat=93 HTTP/1.1" 200 10514 "-" "Mozilla/5.0 (compatible; Googlebot/2.1; +http://www.google.com/bot.html)"
66.249.66.86 - - [12/Nov/2012:09:50:30 +0800] "GET /?cat=73 HTTP/1.1" 200 13659 "-" "Mozilla/5.0 (compatible; Googlebot/2.1; +http://www.google.com/bot.html)"
113.108.12.111 - - [12/Nov/2012:09:50:32 +0800] "POST /api/manyou/my.php HTTP/1.0" 404 16 "http://bbs.igeyao.com/api/manyou/my.php" "Mozilla/5.0 (Windows; U; Windows NT 5.1; zh-CN; rv:1.9.1.9) Gecko/20100315 Firefox/3.5.9"
66.249.66.86 - - [12/Nov/2012:09:50:35 +0800] "GET /?cat=86 HTTP/1.1" 200 12275 "-" "Mozilla/5.0 (compatible; Googlebot/2.1; +http://www.google.com/bot.html)"
66.249.66.92 - - [12/Nov/2012:09:50:40 +0800] "GET /?cat=75 HTTP/1.1" 200 10466 "-" "Mozilla/5.0 (compatible; Googlebot/2.1; +http://www.google.com/bot.html)"
66.249.75.88 - - [12/Nov/2012:09:50:45 +0800] "GET /?cat=84 HTTP/1.1" 200 4734 "-" "Mozilla/5.0 (compatible; Googlebot/2.1; +http://www.google.com/bot.html)"
113.108.12.107 - - [12/Nov/2012:09:50:46 +0800] "POST /api/manyou/my.php HTTP/1.0" 404 16 "http://bbs.igeyao.com/api/manyou/my.php" "Mozilla/5.0 (Windows; U; Windows NT 5.1; zh-CN; rv:1.9.1.9) Gecko/20100315 Firefox/3.5.9"
66.249.66.91 - - [12/Nov/2012:09:50:51 +0800] "GET /?cat=83 HTTP/1.1" 200 101972 "-" "Mozilla/5.0 (compatible; Googlebot/2.1; +http://www.google.com/bot.html)"
113.108.12.139 - - [12/Nov/2012:09:50:57 +0800] "POST /api/manyou/my.php HTTP/1.0" 404 16 "http://bbs.igeyao.com/api/manyou/my.php" "Mozilla/5.0 (Windows; U; Windows NT 5.1; zh-CN; rv:1.9.1.9) Gecko/20100315 Firefox/3.5.9"
66.249.66.91 - - [12/Nov/2012:09:50:58 +0800] "GET /?cat=90 HTTP/1.1" 200 8051 "-" "Mozilla/5.0 (compatible; Googlebot/2.1; +http://www.google.com/bot.html)"
66.249.66.86 - - [12/Nov/2012:09:51:03 +0800] "GET /?tag=linux-c HTTP/1.1" 200 9769 "-" "Mozilla/5.0 (compatible; Googlebot/2.1; +http://www.google.com/bot.html)"
66.249.75.80 - - [12/Nov/2012:09:51:08 +0800] "GET /?tag=%E5%86%B3%E5%AE%9A HTTP/1.1" 200 8546 "-" "Mozilla/5.0 (compatible; Googlebot/2.1; +http://www.google.com/bot.html)"
66.249.75.79 - - [12/Nov/2012:09:51:12 +0800] "GET /?tag=%E9%9D%99%E6%80%9D HTTP/1.1" 200 9156 "-" "Mozilla/5.0 (compatible; Googlebot/2.1; +http://www.google.com/bot.html)"
113.108.12.139 - - [12/Nov/2012:09:51:16 +0800] "POST /api/manyou/my.php HTTP/1.0" 404 16 "http://bbs.igeyao.com/api/manyou/my.php" "Mozilla/5.0 (Windows; U; Windows NT 5.1; zh-CN; rv:1.9.1.9) Gecko/20100315 Firefox/3.5.9"
66.249.66.88 - - [12/Nov/2012:09:51:16 +0800] "GET /?tag=%E5%99%AA%E9%9F%B3 HTTP/1.1" 200 6448 "-" "Mozilla/5.0 (compatible; Googlebot/2.1; +http://www.google.com/bot.html)"
66.249.66.88 - - [12/Nov/2012:09:51:20 +0800] "GET /?tag=%E6%9C%88%E4%BA%AE HTTP/1.1" 200 5877 "-" "Mozilla/5.0 (compatible; Googlebot/2.1; +http://www.google.com/bot.html)"
66.249.66.87 - - [12/Nov/2012:09:51:24 +0800] "GET /?tag=%E6%AC%B2%E6%9C%9B HTTP/1.1" 200 9613 "-" "Mozilla/5.0 (compatible; Googlebot/2.1; +http://www.google.com/bot.html)"
66.249.66.87 - - [12/Nov/2012:09:51:27 +0800] "GET /?tag=%E6%9C%A8%E7%93%9C HTTP/1.1" 200 5878 "-" "Mozilla/5.0 (compatible; Googlebot/2.1; +http://www.google.com/bot.html)"
113.108.12.139 - - [12/Nov/2012:09:51:30 +0800] "POST /api/manyou/my.php HTTP/1.0" 404 16 "http://bbs.igeyao.com/api/manyou/my.php" "Mozilla/5.0 (Windows; U; Windows NT 5.1; zh-CN; rv:1.9.1.9) Gecko/20100315 Firefox/3.5.9"
66.249.66.87 - - [12/Nov/2012:09:51:31 +0800] "GET /?tag=%E6%9D%BE%E9%BC%A0 HTTP/1.1" 200 5876 "-" "Mozilla/5.0 (compatible; Googlebot/2.1; +http://www.google.com/bot.html)"
66.249.66.87 - - [12/Nov/2012:09:51:34 +0800] "GET /?tag=%E7%88%B1%E6%83%85 HTTP/1.1" 200 6708 "-" "Mozilla/5.0 (compatible; Googlebot/2.1; +http://www.google.com/bot.html)"
66.249.66.91 - - [12/Nov/2012:09:51:39 +0800] "GET /?tag=web%E5%BC%80%E5%8F%91 HTTP/1.1" 200 10195 "-" "Mozilla/5.0 (compatible; Googlebot/2.1; +http://www.google.com/bot.html)"
66.249.66.85 - - [12/Nov/2012:09:51:45 +0800] "GET /?tag=android%E5%BC%80%E5%8F%91 HTTP/1.1" 200 99906 "-" "Mozilla/5.0 (compatible; Googlebot/2.1; +http://www.google.com/bot.html)"
113.108.12.103 - - [12/Nov/2012:09:51:46 +0800] "POST /api/manyou/my.php HTTP/1.0" 404 16 "http://bbs.igeyao.com/api/manyou/my.php" "Mozilla/5.0 (Windows; U; Windows NT 5.1; zh-CN; rv:1.9.1.9) Gecko/20100315 Firefox/3.5.9"
66.249.66.85 - - [12/Nov/2012:09:51:49 +0800] "GET /?feed=rss2&p=7 HTTP/1.1" 200 728 "-" "Mozilla/5.0 (compatible; Googlebot/2.1; +http://www.google.com/bot.html)"
66.249.66.87 - - [12/Nov/2012:09:51:56 +0800] "GET /?tag=%E7%A8%8B%E5%BA%8F%E5%91%98 HTTP/1.1" 200 7090 "-" "Mozilla/5.0 (compatible; Googlebot/2.1; +http://www.google.com/bot.html)"
66.249.66.87 - - [12/Nov/2012:09:51:57 +0800] "GET /?tag=%E7%BE%8E%E4%BA%BA%E5%84%BF HTTP/1.1" 200 11172 "-" "Mozilla/5.0 (compatible; Googlebot/2.1; +http://www.google.com/bot.html)"
66.249.66.91 - - [12/Nov/2012:09:52:02 +0800] "GET /?tag=%E9%99%B6%E7%84%B6%E4%BA%AD HTTP/1.1" 200 6096 "-" "Mozilla/5.0 (compatible; Googlebot/2.1; +http://www.google.com/bot.html)"
66.249.66.89 - - [12/Nov/2012:09:52:07 +0800] "GET /?tag=%E5%B0%8F%E5%85%AC%E5%8F%B8 HTTP/1.1" 200 12033 "-" "Mozilla/5.0 (compatible; Googlebot/2.1; +http://www.google.com/bot.html)"
180.153.160.114 - - [12/Nov/2012:09:52:10 +0800] "POST /api/manyou/my.php HTTP/1.0" 404 16 "http://bbs.igeyao.com/api/manyou/my.php" "Mozilla/5.0 (Windows; U; Windows NT 5.1; zh-CN; rv:1.9.1.9) Gecko/20100315 Firefox/3.5.9"
66.249.66.90 - - [12/Nov/2012:09:52:11 +0800] "GET /?cat=13&paged=2 HTTP/1.1" 200 11912 "-" "Mozilla/5.0 (compatible; Googlebot/2.1; +http://www.google.com/bot.html)"
66.249.75.88 - - [12/Nov/2012:09:52:16 +0800] "GET /?feed=rss2&p=21 HTTP/1.1" 200 748 "-" "Mozilla/5.0 (compatible; Googlebot/2.1; +http://www.google.com/bot.html)"
66.249.66.89 - - [12/Nov/2012:09:52:21 +0800] "GET /?cat=60&paged=2 HTTP/1.1" 200 5683 "-" "Mozilla/5.0 (compatible; Googlebot/2.1; +http://www.google.com/bot.html)"
66.249.75.88 - - [12/Nov/2012:09:52:25 +0800] "GET /?feed=rss2&p=181 HTTP/1.1" 200 738 "-" "Mozilla/5.0 (compatible; Googlebot/2.1; +http://www.google.com/bot.html)"
66.249.75.79 - - [12/Nov/2012:09:52:30 +0800] "GET /?feed=rss2&p=151 HTTP/1.1" 200 742 "-" "Mozilla/5.0 (compatible; Googlebot/2.1; +http://www.google.com/bot.html)"
113.108.12.103 - - [12/Nov/2012:09:52:30 +0800] "POST /api/manyou/my.php HTTP/1.0" 404 16 "http://bbs.igeyao.com/api/manyou/my.php" "Mozilla/5.0 (Windows; U; Windows NT 5.1; zh-CN; rv:1.9.1.9) Gecko/20100315 Firefox/3.5.9"
66.249.66.85 - - [12/Nov/2012:09:52:35 +0800] "GET /?feed=rss2&p=292 HTTP/1.1" 200 764 "-" "Mozilla/5.0 (compatible; Googlebot/2.1; +http://www.google.com/bot.html)"
66.249.66.91 - - [12/Nov/2012:09:52:39 +0800] "GET /?feed=rss2&p=163 HTTP/1.1" 200 758 "-" "Mozilla/5.0 (compatible; Googlebot/2.1; +http://www.google.com/bot.html)"
113.108.12.139 - - [12/Nov/2012:09:52:44 +0800] "POST /api/manyou/my.php HTTP/1.0" 404 16 "http://bbs.igeyao.com/api/manyou/my.php" "Mozilla/5.0 (Windows; U; Windows NT 5.1; zh-CN; rv:1.9.1.9) Gecko/20100315 Firefox/3.5.9"
66.249.66.162 - - [12/Nov/2012:09:52:47 +0800] "GET /wp-content/uploads/2012/02/2.png HTTP/1.1" 200 219093 "-" "Googlebot-Image/1.0"
66.249.75.79 - - [12/Nov/2012:09:52:53 +0800] "GET /?feed=rss2&p=208 HTTP/1.1" 200 729 "-" "Mozilla/5.0 (compatible; Googlebot/2.1; +http://www.google.com/bot.html)"
113.108.12.107 - - [12/Nov/2012:09:52:57 +0800] "POST /api/manyou/my.php HTTP/1.0" 404 16 "http://bbs.igeyao.com/api/manyou/my.php" "Mozilla/5.0 (Windows; U; Windows NT 5.1; zh-CN; rv:1.9.1.9) Gecko/20100315 Firefox/3.5.9"
66.249.66.92 - - [12/Nov/2012:09:52:58 +0800] "GET /?feed=rss2&p=247 HTTP/1.1" 200 741 "-" "Mozilla/5.0 (compatible; Googlebot/2.1; +http://www.google.com/bot.html)"
66.249.66.90 - - [12/Nov/2012:09:53:03 +0800] "GET /?feed=rss2&p=108 HTTP/1.1" 200 750 "-" "Mozilla/5.0 (compatible; Googlebot/2.1; +http://www.google.com/bot.html)"
66.249.66.85 - - [12/Nov/2012:09:53:07 +0800] "GET /?feed=rss2&p=235 HTTP/1.1" 200 747 "-" "Mozilla/5.0 (compatible; Googlebot/2.1; +http://www.google.com/bot.html)"
124.115.5.53 - - [12/Nov/2012:09:53:08 +0800] "POST /api/manyou/my.php HTTP/1.0" 404 16 "http://bbs.igeyao.com/api/manyou/my.php" "Mozilla/5.0 (Windows; U; Windows NT 5.1; zh-CN; rv:1.9.1.9) Gecko/20100315 Firefox/3.5.9"
66.249.66.90 - - [12/Nov/2012:09:53:12 +0800] "GET /?feed=rss2&p=219 HTTP/1.1" 200 730 "-" "Mozilla/5.0 (compatible; Googlebot/2.1; +http://www.google.com/bot.html)"
66.249.66.90 - - [12/Nov/2012:09:53:15 +0800] "GET /?feed=rss2&p=322 HTTP/1.1" 200 747 "-" "Mozilla/5.0 (compatible; Googlebot/2.1; +http://www.google.com/bot.html)"
66.249.66.92 - - [12/Nov/2012:09:53:20 +0800] "GET /?feed=rss2&p=123 HTTP/1.1" 200 744 "-" "Mozilla/5.0 (compatible; Googlebot/2.1; +http://www.google.com/bot.html)"
113.108.12.107 - - [12/Nov/2012:09:53:22 +0800] "POST /api/manyou/my.php HTTP/1.0" 404 16 "http://bbs.igeyao.com/api/manyou/my.php" "Mozilla/5.0 (Windows; U; Windows NT 5.1; zh-CN; rv:1.9.1.9) Gecko/20100315 Firefox/3.5.9"
66.249.66.92 - - [12/Nov/2012:09:53:23 +0800] "GET /?feed=rss2&p=230 HTTP/1.1" 200 774 "-" "Mozilla/5.0 (compatible; Googlebot/2.1; +http://www.google.com/bot.html)"
61.135.216.105 - - [12/Nov/2012:09:53:27 +0800] "GET /?feed=rss2 HTTP/1.1" 304 0 "-" "Mozilla/5.0 (compatible;YoudaoFeedFetcher/1.0;http://www.youdao.com/help/reader/faq/topic006/;1 subscribers;)"
66.249.75.78 - - [12/Nov/2012:09:53:27 +0800] "GET /?feed=rss2&p=287 HTTP/1.1" 200 758 "-" "Mozilla/5.0 (compatible; Googlebot/2.1; +http://www.google.com/bot.html)"
113.108.12.103 - - [12/Nov/2012:09:53:29 +0800] "POST /api/manyou/my.php HTTP/1.0" 404 16 "http://bbs.igeyao.com/api/manyou/my.php" "Mozilla/5.0 (Windows; U; Windows NT 5.1; zh-CN; rv:1.9.1.9) Gecko/20100315 Firefox/3.5.9"
66.249.66.89 - - [12/Nov/2012:09:53:30 +0800] "GET /?author=1&paged=2 HTTP/1.1" 200 10701 "-" "Mozilla/5.0 (compatible; Googlebot/2.1; +http://www.google.com/bot.html)"
66.249.66.89 - - [12/Nov/2012:09:53:34 +0800] "GET /?feed=rss2&cat=60 HTTP/1.1" 200 35172 "-" "Mozilla/5.0 (compatible; Googlebot/2.1; +http://www.google.com/bot.html)"
66.249.66.89 - - [12/Nov/2012:09:53:40 +0800] "GET /?feed=rss2&cat=13 HTTP/1.1" 200 89880 "-" "Mozilla/5.0 (compatible; Googlebot/2.1; +http://www.google.com/bot.html)"
113.108.12.123 - - [12/Nov/2012:09:53:41 +0800] "POST /api/manyou/my.php HTTP/1.0" 404 16 "http://bbs.igeyao.com/api/manyou/my.php" "Mozilla/5.0 (Windows; U; Windows NT 5.1; zh-CN; rv:1.9.1.9) Gecko/20100315 Firefox/3.5.9"
66.249.66.89 - - [12/Nov/2012:09:53:43 +0800] "GET /?tag=%E5%8C%BB%E6%82%A3%E5%85%B3%E7%B3%BB HTTP/1.1" 200 6708 "-" "Mozilla/5.0 (compatible; Googlebot/2.1; +http://www.google.com/bot.html)"
124.115.4.33 - - [12/Nov/2012:09:53:48 +0800] "POST /api/manyou/my.php HTTP/1.0" 404 16 "http://bbs.igeyao.com/api/manyou/my.php" "Mozilla/5.0 (Windows; U; Windows NT 5.1; zh-CN; rv:1.9.1.9) Gecko/20100315 Firefox/3.5.9"
66.249.66.87 - - [12/Nov/2012:09:53:49 +0800] "GET /?tag=%E5%BC%80%E5%8F%91%E6%89%8B%E5%86%8C HTTP/1.1" 200 99941 "-" "Mozilla/5.0 (compatible; Googlebot/2.1; +http://www.google.com/bot.html)"
66.249.66.87 - - [12/Nov/2012:09:53:53 +0800] "GET /?tag=%E5%B4%87%E6%B4%8B%E5%AA%9A%E5%A4%96 HTTP/1.1" 200 5873 "-" "Mozilla/5.0 (compatible; Googlebot/2.1; +http://www.google.com/bot.html)"
124.115.4.33 - - [12/Nov/2012:09:54:04 +0800] "POST /api/manyou/my.php HTTP/1.0" 404 16 "http://bbs.igeyao.com/api/manyou/my.php" "Mozilla/5.0 (Windows; U; Windows NT 5.1; zh-CN; rv:1.9.1.9) Gecko/20100315 Firefox/3.5.9"
66.249.75.189 - - [12/Nov/2012:09:54:14 +0800] "GET /wp-content/uploads/2012/02/4.png HTTP/1.1" 200 217200 "-" "Googlebot-Image/1.0"
113.108.12.107 - - [12/Nov/2012:09:54:20 +0800] "POST /api/manyou/my.php HTTP/1.0" 404 16 "http://bbs.igeyao.com/api/manyou/my.php" "Mozilla/5.0 (Windows; U; Windows NT 5.1; zh-CN; rv:1.9.1.9) Gecko/20100315 Firefox/3.5.9"
114.80.93.180 - - [12/Nov/2012:09:54:30 +0800] "POST /api/manyou/my.php HTTP/1.0" 404 16 "http://bbs.igeyao.com/api/manyou/my.php" "Mozilla/5.0 (Windows; U; Windows NT 5.1; zh-CN; rv:1.9.1.9) Gecko/20100315 Firefox/3.5.9"
114.80.93.227 - - [12/Nov/2012:09:54:38 +0800] "POST /api/manyou/my.php HTTP/1.0" 404 16 "http://bbs.igeyao.com/api/manyou/my.php" "Mozilla/5.0 (Windows; U; Windows NT 5.1; zh-CN; rv:1.9.1.9) Gecko/20100315 Firefox/3.5.9"
113.108.12.107 - - [12/Nov/2012:09:55:00 +0800] "POST /api/manyou/my.php HTTP/1.0" 404 16 "http://bbs.igeyao.com/api/manyou/my.php" "Mozilla/5.0 (Windows; U; Windows NT 5.1; zh-CN; rv:1.9.1.9) Gecko/20100315 Firefox/3.5.9"
124.115.5.53 - - [12/Nov/2012:09:55:11 +0800] "POST /api/manyou/my.php HTTP/1.0" 404 16 "http://bbs.igeyao.com/api/manyou/my.php" "Mozilla/5.0 (Windows; U; Windows NT 5.1; zh-CN; rv:1.9.1.9) Gecko/20100315 Firefox/3.5.9"
124.115.5.53 - - [12/Nov/2012:09:55:19 +0800] "POST /api/manyou/my.php HTTP/1.0" 404 16 "http://bbs.igeyao.com/api/manyou/my.php" "Mozilla/5.0 (Windows; U; Windows NT 5.1; zh-CN; rv:1.9.1.9) Gecko/20100315 Firefox/3.5.9"
124.115.5.53 - - [12/Nov/2012:09:55:38 +0800] "POST /api/manyou/my.php HTTP/1.0" 404 16 "http://bbs.igeyao.com/api/manyou/my.php" "Mozilla/5.0 (Windows; U; Windows NT 5.1; zh-CN; rv:1.9.1.9) Gecko/20100315 Firefox/3.5.9"
124.115.4.33 - - [12/Nov/2012:09:55:47 +0800] "POST /api/manyou/my.php HTTP/1.0" 404 16 "http://bbs.igeyao.com/api/manyou/my.php" "Mozilla/5.0 (Windows; U; Windows NT 5.1; zh-CN; rv:1.9.1.9) Gecko/20100315 Firefox/3.5.9"
113.108.12.103 - - [12/Nov/2012:09:56:06 +0800] "POST /api/manyou/my.php HTTP/1.0" 404 16 "http://bbs.igeyao.com/api/manyou/my.php" "Mozilla/5.0 (Windows; U; Windows NT 5.1; zh-CN; rv:1.9.1.9) Gecko/20100315 Firefox/3.5.9"
113.108.12.123 - - [12/Nov/2012:09:56:24 +0800] "POST /api/manyou/my.php HTTP/1.0" 404 16 "http://bbs.igeyao.com/api/manyou/my.php" "Mozilla/5.0 (Windows; U; Windows NT 5.1; zh-CN; rv:1.9.1.9) Gecko/20100315 Firefox/3.5.9"
124.115.4.33 - - [12/Nov/2012:09:56:36 +0800] "POST /api/manyou/my.php HTTP/1.0" 404 16 "http://bbs.igeyao.com/api/manyou/my.php" "Mozilla/5.0 (Windows; U; Windows NT 5.1; zh-CN; rv:1.9.1.9) Gecko/20100315 Firefox/3.5.9"
66.249.75.190 - - [12/Nov/2012:09:56:41 +0800] "GET /wp-content/uploads/2012/02/3.png HTTP/1.1" 200 207156 "-" "Googlebot-Image/1.0"
124.115.5.53 - - [12/Nov/2012:09:56:44 +0800] "POST /api/manyou/my.php HTTP/1.0" 404 16 "http://bbs.igeyao.com/api/manyou/my.php" "Mozilla/5.0 (Windows; U; Windows NT 5.1; zh-CN; rv:1.9.1.9) Gecko/20100315 Firefox/3.5.9"
124.115.4.33 - - [12/Nov/2012:09:57:12 +0800] "POST /api/manyou/my.php HTTP/1.0" 404 16 "http://bbs.igeyao.com/api/manyou/my.php" "Mozilla/5.0 (Windows; U; Windows NT 5.1; zh-CN; rv:1.9.1.9) Gecko/20100315 Firefox/3.5.9"
113.108.12.107 - - [12/Nov/2012:09:57:21 +0800] "POST /api/manyou/my.php HTTP/1.0" 404 16 "http://bbs.igeyao.com/api/manyou/my.php" "Mozilla/5.0 (Windows; U; Windows NT 5.1; zh-CN; rv:1.9.1.9) Gecko/20100315 Firefox/3.5.9"
113.108.12.123 - - [12/Nov/2012:09:57:41 +0800] "POST /api/manyou/my.php HTTP/1.0" 404 16 "http://bbs.igeyao.com/api/manyou/my.php" "Mozilla/5.0 (Windows; U; Windows NT 5.1; zh-CN; rv:1.9.1.9) Gecko/20100315 Firefox/3.5.9"
113.108.12.123 - - [12/Nov/2012:09:57:54 +0800] "POST /api/manyou/my.php HTTP/1.0" 404 16 "http://bbs.igeyao.com/api/manyou/my.php" "Mozilla/5.0 (Windows; U; Windows NT 5.1; zh-CN; rv:1.9.1.9) Gecko/20100315 Firefox/3.5.9"
114.80.109.29 - - [12/Nov/2012:09:58:06 +0800] "POST /api/manyou/my.php HTTP/1.0" 404 16 "http://bbs.igeyao.com/api/manyou/my.php" "Mozilla/5.0 (Windows; U; Windows NT 5.1; zh-CN; rv:1.9.1.9) Gecko/20100315 Firefox/3.5.9"
124.115.4.33 - - [12/Nov/2012:09:58:21 +0800] "POST /api/manyou/my.php HTTP/1.0" 404 16 "http://bbs.igeyao.com/api/manyou/my.php" "Mozilla/5.0 (Windows; U; Windows NT 5.1; zh-CN; rv:1.9.1.9) Gecko/20100315 Firefox/3.5.9"
113.108.12.123 - - [12/Nov/2012:09:58:30 +0800] "POST /api/manyou/my.php HTTP/1.0" 404 16 "http://bbs.igeyao.com/api/manyou/my.php" "Mozilla/5.0 (Windows; U; Windows NT 5.1; zh-CN; rv:1.9.1.9) Gecko/20100315 Firefox/3.5.9"
66.249.66.167 - - [12/Nov/2012:09:58:48 +0800] "GET /wp-content/uploads/2012/02/11.png HTTP/1.1" 200 18290 "-" "Googlebot-Image/1.0"
180.153.160.113 - - [12/Nov/2012:09:58:50 +0800] "POST /api/manyou/my.php HTTP/1.0" 404 16 "http://bbs.igeyao.com/api/manyou/my.php" "Mozilla/5.0 (Windows; U; Windows NT 5.1; zh-CN; rv:1.9.1.9) Gecko/20100315 Firefox/3.5.9"
113.108.12.103 - - [12/Nov/2012:09:59:01 +0800] "POST /api/manyou/my.php HTTP/1.0" 404 16 "http://bbs.igeyao.com/api/manyou/my.php" "Mozilla/5.0 (Windows; U; Windows NT 5.1; zh-CN; rv:1.9.1.9) Gecko/20100315 Firefox/3.5.9"
114.80.109.29 - - [12/Nov/2012:09:59:22 +0800] "POST /api/manyou/my.php HTTP/1.0" 404 16 "http://bbs.igeyao.com/api/manyou/my.php" "Mozilla/5.0 (Windows; U; Windows NT 5.1; zh-CN; rv:1.9.1.9) Gecko/20100315 Firefox/3.5.9"
113.108.12.103 - - [12/Nov/2012:09:59:32 +0800] "POST /api/manyou/my.php HTTP/1.0" 404 16 "http://bbs.igeyao.com/api/manyou/my.php" "Mozilla/5.0 (Windows; U; Windows NT 5.1; zh-CN; rv:1.9.1.9) Gecko/20100315 Firefox/3.5.9"
124.115.5.53 - - [12/Nov/2012:09:59:43 +0800] "POST /api/manyou/my.php HTTP/1.0" 404 16 "http://bbs.igeyao.com/api/manyou/my.php" "Mozilla/5.0 (Windows; U; Windows NT 5.1; zh-CN; rv:1.9.1.9) Gecko/20100315 Firefox/3.5.9"
124.115.5.53 - - [12/Nov/2012:09:59:53 +0800] "POST /api/manyou/my.php HTTP/1.0" 404 16 "http://bbs.igeyao.com/api/manyou/my.php" "Mozilla/5.0 (Windows; U; Windows NT 5.1; zh-CN; rv:1.9.1.9) Gecko/20100315 Firefox/3.5.9"
121.14.98.64 - - [12/Nov/2012:10:00:04 +0800] "POST /api/manyou/my.php HTTP/1.0" 404 16 "http://bbs.igeyao.com/api/manyou/my.php" "Mozilla/5.0 (Windows; U; Windows NT 5.1; zh-CN; rv:1.9.1.9) Gecko/20100315 Firefox/3.5.9"
113.108.12.107 - - [12/Nov/2012:10:00:19 +0800] "POST /api/manyou/my.php HTTP/1.0" 404 16 "http://bbs.igeyao.com/api/manyou/my.php" "Mozilla/5.0 (Windows; U; Windows NT 5.1; zh-CN; rv:1.9.1.9) Gecko/20100315 Firefox/3.5.9"
124.115.5.53 - - [12/Nov/2012:10:00:37 +0800] "POST /api/manyou/my.php HTTP/1.0" 404 16 "http://bbs.igeyao.com/api/manyou/my.php" "Mozilla/5.0 (Windows; U; Windows NT 5.1; zh-CN; rv:1.9.1.9) Gecko/20100315 Firefox/3.5.9"
113.108.12.103 - - [12/Nov/2012:10:00:47 +0800] "POST /api/manyou/my.php HTTP/1.0" 404 16 "http://bbs.igeyao.com/api/manyou/my.php" "Mozilla/5.0 (Windows; U; Windows NT 5.1; zh-CN; rv:1.9.1.9) Gecko/20100315 Firefox/3.5.9"
180.153.160.114 - - [12/Nov/2012:10:01:03 +0800] "POST /api/manyou/my.php HTTP/1.0" 404 16 "http://bbs.igeyao.com/api/manyou/my.php" "Mozilla/5.0 (Windows; U; Windows NT 5.1; zh-CN; rv:1.9.1.9) Gecko/20100315 Firefox/3.5.9"
113.108.12.111 - - [12/Nov/2012:10:01:20 +0800] "POST /api/manyou/my.php HTTP/1.0" 404 16 "http://bbs.igeyao.com/api/manyou/my.php" "Mozilla/5.0 (Windows; U; Windows NT 5.1; zh-CN; rv:1.9.1.9) Gecko/20100315 Firefox/3.5.9"
124.115.5.12 - - [12/Nov/2012:10:01:32 +0800] "POST /api/manyou/my.php HTTP/1.0" 404 16 "http://bbs.igeyao.com/api/manyou/my.php" "Mozilla/5.0 (Windows; U; Windows NT 5.1; zh-CN; rv:1.9.1.9) Gecko/20100315 Firefox/3.5.9"
66.249.66.168 - - [12/Nov/2012:10:01:43 +0800] "GET /wp-content/uploads/2012/02/129.jpg HTTP/1.1" 200 209392 "-" "Googlebot-Image/1.0"
114.80.109.29 - - [12/Nov/2012:10:01:59 +0800] "POST /api/manyou/my.php HTTP/1.0" 404 16 "http://bbs.igeyao.com/api/manyou/my.php" "Mozilla/5.0 (Windows; U; Windows NT 5.1; zh-CN; rv:1.9.1.9) Gecko/20100315 Firefox/3.5.9"
180.153.160.113 - - [12/Nov/2012:10:02:15 +0800] "POST /api/manyou/my.php HTTP/1.0" 404 16 "http://bbs.igeyao.com/api/manyou/my.php" "Mozilla/5.0 (Windows; U; Windows NT 5.1; zh-CN; rv:1.9.1.9) Gecko/20100315 Firefox/3.5.9"
114.80.93.12 - - [12/Nov/2012:10:02:24 +0800] "POST /api/manyou/my.php HTTP/1.0" 404 16 "http://bbs.igeyao.com/api/manyou/my.php" "Mozilla/5.0 (Windows; U; Windows NT 5.1; zh-CN; rv:1.9.1.9) Gecko/20100315 Firefox/3.5.9"
113.108.12.111 - - [12/Nov/2012:10:02:43 +0800] "POST /api/manyou/my.php HTTP/1.0" 404 16 "http://bbs.igeyao.com/api/manyou/my.php" "Mozilla/5.0 (Windows; U; Windows NT 5.1; zh-CN; rv:1.9.1.9) Gecko/20100315 Firefox/3.5.9"
114.80.109.30 - - [12/Nov/2012:10:02:57 +0800] "POST /api/manyou/my.php HTTP/1.0" 404 16 "http://bbs.igeyao.com/api/manyou/my.php" "Mozilla/5.0 (Windows; U; Windows NT 5.1; zh-CN; rv:1.9.1.9) Gecko/20100315 Firefox/3.5.9"
124.115.4.33 - - [12/Nov/2012:10:03:22 +0800] "POST /api/manyou/my.php HTTP/1.0" 404 16 "http://bbs.igeyao.com/api/manyou/my.php" "Mozilla/5.0 (Windows; U; Windows NT 5.1; zh-CN; rv:1.9.1.9) Gecko/20100315 Firefox/3.5.9"
114.80.109.30 - - [12/Nov/2012:10:03:40 +0800] "POST /api/manyou/my.php HTTP/1.0" 404 16 "http://bbs.igeyao.com/api/manyou/my.php" "Mozilla/5.0 (Windows; U; Windows NT 5.1; zh-CN; rv:1.9.1.9) Gecko/20100315 Firefox/3.5.9"
121.14.98.65 - - [12/Nov/2012:10:03:51 +0800] "POST /api/manyou/my.php HTTP/1.0" 404 16 "http://bbs.igeyao.com/api/manyou/my.php" "Mozilla/5.0 (Windows; U; Windows NT 5.1; zh-CN; rv:1.9.1.9) Gecko/20100315 Firefox/3.5.9"
66.249.75.84 - - [12/Nov/2012:10:04:12 +0800] "GET /?tag=%E7%9D%A1%E7%9C%A0%E8%B4%A8%E9%87%8F HTTP/1.1" 200 6454 "-" "Mozilla/5.0 (compatible; Googlebot/2.1; +http://www.google.com/bot.html)"
