121.14.98.67 - - [12/Nov/2012:10:04:21 +0800] "POST /api/manyou/my.php HTTP/1.0" 404 16 "http://bbs.igeyao.com/api/manyou/my.php" "Mozilla/5.0 (Windows; U; Windows NT 5.1; zh-CN; rv:1.9.1.9) Gecko/20100315 Firefox/3.5.9"
113.108.12.107 - - [12/Nov/2012:10:04:31 +0800] "POST /api/manyou/my.php HTTP/1.0" 404 16 "http://bbs.igeyao.com/api/manyou/my.php" "Mozilla/5.0 (Windows; U; Windows NT 5.1; zh-CN; rv:1.9.1.9) Gecko/20100315 Firefox/3.5.9"
180.153.160.113 - - [12/Nov/2012:10:04:42 +0800] "POST /api/manyou/my.php HTTP/1.0" 404 16 "http://bbs.igeyao.com/api/manyou/my.php" "Mozilla/5.0 (Windows; U; Windows NT 5.1; zh-CN; rv:1.9.1.9) Gecko/20100315 Firefox/3.5.9"
113.108.12.111 - - [12/Nov/2012:10:05:03 +0800] "POST /api/manyou/my.php HTTP/1.0" 404 16 "http://bbs.igeyao.com/api/manyou/my.php" "Mozilla/5.0 (Windows; U; Windows NT 5.1; zh-CN; rv:1.9.1.9) Gecko/20100315 Firefox/3.5.9"
124.115.4.33 - - [12/Nov/2012:10:05:09 +0800] "POST /api/manyou/my.php HTTP/1.0" 404 16 "http://bbs.igeyao.com/api/manyou/my.php" "Mozilla/5.0 (Windows; U; Windows NT 5.1; zh-CN; rv:1.9.1.9) Gecko/20100315 Firefox/3.5.9"
121.14.98.65 - - [12/Nov/2012:10:05:19 +0800] "POST /api/manyou/my.php HTTP/1.0" 404 16 "http://bbs.igeyao.com/api/manyou/my.php" "Mozilla/5.0 (Windows; U; Windows NT 5.1; zh-CN; rv:1.9.1.9) Gecko/20100315 Firefox/3.5.9"
124.115.4.33 - - [12/Nov/2012:10:05:29 +0800] "POST /api/manyou/my.php HTTP/1.0" 404 16 "http://bbs.igeyao.com/api/manyou/my.php" "Mozilla/5.0 (Windows; U; Windows NT 5.1; zh-CN; rv:1.9.1.9) Gecko/20100315 Firefox/3.5.9"
113.108.12.111 - - [12/Nov/2012:10:05:44 +0800] "POST /api/manyou/my.php HTTP/1.0" 404 16 "http://bbs.igeyao.com/api/manyou/my.php" "Mozilla/5.0 (Windows; U; Windows NT 5.1; zh-CN; rv:1.9.1.9) Gecko/20100315 Firefox/3.5.9"
121.14.98.66 - - [12/Nov/2012:10:05:57 +0800] "POST /api/manyou/my.php HTTP/1.0" 404 16 "http://bbs.igeyao.com/api/manyou/my.php" "Mozilla/5.0 (Windows; U; Windows NT 5.1; zh-CN; rv:1.9.1.9) Gecko/20100315 Firefox/3.5.9"
113.108.12.107 - - [12/Nov/2012:10:06:13 +0800] "POST /api/manyou/my.php HTTP/1.0" 404 16 "http://bbs.igeyao.com/api/manyou/my.php" "Mozilla/5.0 (Windows; U; Windows NT 5.1; zh-CN; rv:1.9.1.9) Gecko/20100315 Firefox/3.5.9"
113.108.12.139 - - [12/Nov/2012:10:06:27 +0800] "POST /api/manyou/my.php HTTP/1.0" 404 16 "http://bbs.igeyao.com/api/manyou/my.php" "Mozilla/5.0 (Windows; U; Windows NT 5.1; zh-CN; rv:1.9.1.9) Gecko/20100315 Firefox/3.5.9"
113.108.12.139 - - [12/Nov/2012:10:06:44 +0800] "POST /api/manyou/my.php HTTP/1.0" 404 16 "http://bbs.igeyao.com/api/manyou/my.php" "Mozilla/5.0 (Windows; U; Windows NT 5.1; zh-CN; rv:1.9.1.9) Gecko/20100315 Firefox/3.5.9"
124.115.4.33 - - [12/Nov/2012:10:07:06 +0800] "POST /api/manyou/my.php HTTP/1.0" 404 16 "http://bbs.igeyao.com/api/manyou/my.php" "Mozilla/5.0 (Windows; U; Windows NT 5.1; zh-CN; rv:1.9.1.9) Gecko/20100315 Firefox/3.5.9"
124.115.5.53 - - [12/Nov/2012:10:07:18 +0800] "POST /api/manyou/my.php HTTP/1.0" 404 16 "http://bbs.igeyao.com/api/manyou/my.php" "Mozilla/5.0 (Windows; U; Windows NT 5.1; zh-CN; rv:1.9.1.9) Gecko/20100315 Firefox/3.5.9"
121.14.98.65 - - [12/Nov/2012:10:07:35 +0800] "POST /api/manyou/my.php HTTP/1.0" 404 16 "http://bbs.igeyao.com/api/manyou/my.php" "Mozilla/5.0 (Windows; U; Windows NT 5.1; zh-CN; rv:1.9.1.9) Gecko/20100315 Firefox/3.5.9"
180.153.160.114 - - [12/Nov/2012:10:07:48 +0800] "POST /api/manyou/my.php HTTP/1.0" 404 16 "http://bbs.igeyao.com/api/manyou/my.php" "Mozilla/5.0 (Windows; U; Windows NT 5.1; zh-CN; rv:1.9.1.9) Gecko/20100315 Firefox/3.5.9"
113.108.12.103 - - [12/Nov/2012:10:08:01 +0800] "POST /api/manyou/my.php HTTP/1.0" 404 16 "http://bbs.igeyao.com/api/manyou/my.php" "Mozilla/5.0 (Windows; U; Windows NT 5.1; zh-CN; rv:1.9.1.9) Gecko/20100315 Firefox/3.5.9"
121.14.98.63 - - [12/Nov/2012:10:08:11 +0800] "POST /api/manyou/my.php HTTP/1.0" 404 16 "http://bbs.igeyao.com/api/manyou/my.php" "Mozilla/5.0 (Windows; U; Windows NT 5.1; zh-CN; rv:1.9.1.9) Gecko/20100315 Firefox/3.5.9"
113.108.12.139 - - [12/Nov/2012:10:08:27 +0800] "POST /api/manyou/my.php HTTP/1.0" 404 16 "http://bbs.igeyao.com/api/manyou/my.php" "Mozilla/5.0 (Windows; U; Windows NT 5.1; zh-CN; rv:1.9.1.9) Gecko/20100315 Firefox/3.5.9"
61.135.216.105 - - [12/Nov/2012:10:08:32 +0800] "GET /?feed=rss2 HTTP/1.1" 304 0 "-" "Mozilla/5.0 (compatible;YoudaoFeedFetcher/1.0;http://www.youdao.com/help/reader/faq/topic006/;1 subscribers;)"
113.108.12.103 - - [12/Nov/2012:10:08:37 +0800] "POST /api/manyou/my.php HTTP/1.0" 404 16 "http://bbs.igeyao.com/api/manyou/my.php" "Mozilla/5.0 (Windows; U; Windows NT 5.1; zh-CN; rv:1.9.1.9) Gecko/20100315 Firefox/3.5.9"
113.108.12.123 - - [12/Nov/2012:10:08:52 +0800] "POST /api/manyou/my.php HTTP/1.0" 404 16 "http://bbs.igeyao.com/api/manyou/my.php" "Mozilla/5.0 (Windows; U; Windows NT 5.1; zh-CN; rv:1.9.1.9) Gecko/20100315 Firefox/3.5.9"
113.108.12.103 - - [12/Nov/2012:10:09:08 +0800] "POST /api/manyou/my.php HTTP/1.0" 404 16 "http://bbs.igeyao.com/api/manyou/my.php" "Mozilla/5.0 (Windows; U; Windows NT 5.1; zh-CN; rv:1.9.1.9) Gecko/20100315 Firefox/3.5.9"
180.153.73.164 - - [12/Nov/2012:10:09:27 +0800] "POST /api/manyou/my.php HTTP/1.0" 404 16 "http://bbs.igeyao.com/api/manyou/my.php" "Mozilla/5.0 (Windows; U; Windows NT 5.1; zh-CN; rv:1.9.1.9) Gecko/20100315 Firefox/3.5.9"
180.153.160.116 - - [12/Nov/2012:10:09:39 +0800] "POST /api/manyou/my.php HTTP/1.0" 404 16 "http://bbs.igeyao.com/api/manyou/my.php" "Mozilla/5.0 (Windows; U; Windows NT 5.1; zh-CN; rv:1.9.1.9) Gecko/20100315 Firefox/3.5.9"
124.115.5.12 - - [12/Nov/2012:10:09:56 +0800] "POST /api/manyou/my.php HTTP/1.0" 404 16 "http://bbs.igeyao.com/api/manyou/my.php" "Mozilla/5.0 (Windows; U; Windows NT 5.1; zh-CN; rv:1.9.1.9) Gecko/20100315 Firefox/3.5.9"
124.115.5.53 - - [12/Nov/2012:10:10:04 +0800] "POST /api/manyou/my.php HTTP/1.0" 404 16 "http://bbs.igeyao.com/api/manyou/my.php" "Mozilla/5.0 (Windows; U; Windows NT 5.1; zh-CN; rv:1.9.1.9) Gecko/20100315 Firefox/3.5.9"
124.115.4.33 - - [12/Nov/2012:10:10:16 +0800] "POST /api/manyou/my.php HTTP/1.0" 404 16 "http://bbs.igeyao.com/api/manyou/my.php" "Mozilla/5.0 (Windows; U; Windows NT 5.1; zh-CN; rv:1.9.1.9) Gecko/20100315 Firefox/3.5.9"
113.108.12.139 - - [12/Nov/2012:10:10:23 +0800] "POST /api/manyou/my.php HTTP/1.0" 404 16 "http://bbs.igeyao.com/api/manyou/my.php" "Mozilla/5.0 (Windows; U; Windows NT 5.1; zh-CN; rv:1.9.1.9) Gecko/20100315 Firefox/3.5.9"
124.115.5.53 - - [12/Nov/2012:10:10:35 +0800] "POST /api/manyou/my.php HTTP/1.0" 404 16 "http://bbs.igeyao.com/api/manyou/my.php" "Mozilla/5.0 (Windows; U; Windows NT 5.1; zh-CN; rv:1.9.1.9) Gecko/20100315 Firefox/3.5.9"
113.108.12.107 - - [12/Nov/2012:10:10:47 +0800] "POST /api/manyou/my.php HTTP/1.0" 404 16 "http://bbs.igeyao.com/api/manyou/my.php" "Mozilla/5.0 (Windows; U; Windows NT 5.1; zh-CN; rv:1.9.1.9) Gecko/20100315 Firefox/3.5.9"
113.108.12.139 - - [12/Nov/2012:10:10:59 +0800] "POST /api/manyou/my.php HTTP/1.0" 404 16 "http://bbs.igeyao.com/api/manyou/my.php" "Mozilla/5.0 (Windows; U; Windows NT 5.1; zh-CN; rv:1.9.1.9) Gecko/20100315 Firefox/3.5.9"
114.80.93.13 - - [12/Nov/2012:10:11:17 +0800] "POST /api/manyou/my.php HTTP/1.0" 404 16 "http://bbs.igeyao.com/api/manyou/my.php" "Mozilla/5.0 (Windows; U; Windows NT 5.1; zh-CN; rv:1.9.1.9) Gecko/20100315 Firefox/3.5.9"
124.115.5.53 - - [12/Nov/2012:10:11:34 +0800] "POST /api/manyou/my.php HTTP/1.0" 404 16 "http://bbs.igeyao.com/api/manyou/my.php" "Mozilla/5.0 (Windows; U; Windows NT 5.1; zh-CN; rv:1.9.1.9) Gecko/20100315 Firefox/3.5.9"
121.14.77.57 - - [12/Nov/2012:10:11:42 +0800] "GET / HTTP/1.1" 200 66281 "-" "Python-urllib/2.7"
124.115.4.33 - - [12/Nov/2012:10:11:44 +0800] "POST /api/manyou/my.php HTTP/1.0" 404 16 "http://bbs.igeyao.com/api/manyou/my.php" "Mozilla/5.0 (Windows; U; Windows NT 5.1; zh-CN; rv:1.9.1.9) Gecko/20100315 Firefox/3.5.9"
124.115.4.33 - - [12/Nov/2012:10:12:00 +0800] "POST /api/manyou/my.php HTTP/1.0" 404 16 "http://bbs.igeyao.com/api/manyou/my.php" "Mozilla/5.0 (Windows; U; Windows NT 5.1; zh-CN; rv:1.9.1.9) Gecko/20100315 Firefox/3.5.9"
180.153.160.114 - - [12/Nov/2012:10:12:13 +0800] "POST /api/manyou/my.php HTTP/1.0" 404 16 "http://bbs.igeyao.com/api/manyou/my.php" "Mozilla/5.0 (Windows; U; Windows NT 5.1; zh-CN; rv:1.9.1.9) Gecko/20100315 Firefox/3.5.9"
114.80.93.13 - - [12/Nov/2012:10:12:41 +0800] "POST /api/manyou/my.php HTTP/1.0" 404 16 "http://bbs.igeyao.com/api/manyou/my.php" "Mozilla/5.0 (Windows; U; Windows NT 5.1; zh-CN; rv:1.9.1.9) Gecko/20100315 Firefox/3.5.9"
113.108.12.103 - - [12/Nov/2012:10:12:52 +0800] "POST /api/manyou/my.php HTTP/1.0" 404 16 "http://bbs.igeyao.com/api/manyou/my.php" "Mozilla/5.0 (Windows; U; Windows NT 5.1; zh-CN; rv:1.9.1.9) Gecko/20100315 Firefox/3.5.9"
180.153.73.164 - - [12/Nov/2012:10:13:08 +0800] "POST /api/manyou/my.php HTTP/1.0" 404 16 "http://bbs.igeyao.com/api/manyou/my.php" "Mozilla/5.0 (Windows; U; Windows NT 5.1; zh-CN; rv:1.9.1.9) Gecko/20100315 Firefox/3.5.9"
124.115.5.12 - - [12/Nov/2012:10:13:26 +0800] "POST /api/manyou/my.php HTTP/1.0" 404 16 "http://bbs.igeyao.com/api/manyou/my.php" "Mozilla/5.0 (Windows; U; Windows NT 5.1; zh-CN; rv:1.9.1.9) Gecko/20100315 Firefox/3.5.9"
124.115.4.33 - - [12/Nov/2012:10:13:32 +0800] "POST /api/manyou/my.php HTTP/1.0" 404 16 "http://bbs.igeyao.com/api/manyou/my.php" "Mozilla/5.0 (Windows; U; Windows NT 5.1; zh-CN; rv:1.9.1.9) Gecko/20100315 Firefox/3.5.9"
113.108.12.123 - - [12/Nov/2012:10:13:42 +0800] "POST /api/manyou/my.php HTTP/1.0" 404 16 "http://bbs.igeyao.com/api/manyou/my.php" "Mozilla/5.0 (Windows; U; Windows NT 5.1; zh-CN; rv:1.9.1.9) Gecko/20100315 Firefox/3.5.9"
124.115.5.53 - - [12/Nov/2012:10:13:53 +0800] "POST /api/manyou/my.php HTTP/1.0" 404 16 "http://bbs.igeyao.com/api/manyou/my.php" "Mozilla/5.0 (Windows; U; Windows NT 5.1; zh-CN; rv:1.9.1.9) Gecko/20100315 Firefox/3.5.9"
113.108.12.107 - - [12/Nov/2012:10:14:09 +0800] "POST /api/manyou/my.php HTTP/1.0" 404 16 "http://bbs.igeyao.com/api/manyou/my.php" "Mozilla/5.0 (Windows; U; Windows NT 5.1; zh-CN; rv:1.9.1.9) Gecko/20100315 Firefox/3.5.9"
113.108.12.111 - - [12/Nov/2012:10:14:26 +0800] "POST /api/manyou/my.php HTTP/1.0" 404 16 "http://bbs.igeyao.com/api/manyou/my.php" "Mozilla/5.0 (Windows; U; Windows NT 5.1; zh-CN; rv:1.9.1.9) Gecko/20100315 Firefox/3.5.9"
113.108.12.139 - - [12/Nov/2012:10:14:34 +0800] "POST /api/manyou/my.php HTTP/1.0" 404 16 "http://bbs.igeyao.com/api/manyou/my.php" "Mozilla/5.0 (Windows; U; Windows NT 5.1; zh-CN; rv:1.9.1.9) Gecko/20100315 Firefox/3.5.9"
113.108.12.111 - - [12/Nov/2012:10:14:43 +0800] "POST /api/manyou/my.php HTTP/1.0" 404 16 "http://bbs.igeyao.com/api/manyou/my.php" "Mozilla/5.0 (Windows; U; Windows NT 5.1; zh-CN; rv:1.9.1.9) Gecko/20100315 Firefox/3.5.9"
124.115.5.12 - - [12/Nov/2012:10:15:03 +0800] "POST /api/manyou/my.php HTTP/1.0" 404 16 "http://bbs.igeyao.com/api/manyou/my.php" "Mozilla/5.0 (Windows; U; Windows NT 5.1; zh-CN; rv:1.9.1.9) Gecko/20100315 Firefox/3.5.9"
114.80.109.29 - - [12/Nov/2012:10:15:14 +0800] "POST /api/manyou/my.php HTTP/1.0" 404 16 "http://bbs.igeyao.com/api/manyou/my.php" "Mozilla/5.0 (Windows; U; Windows NT 5.1; zh-CN; rv:1.9.1.9) Gecko/20100315 Firefox/3.5.9"
124.115.5.53 - - [12/Nov/2012:10:15:34 +0800] "POST /api/manyou/my.php HTTP/1.0" 404 16 "http://bbs.igeyao.com/api/manyou/my.php" "Mozilla/5.0 (Windows; U; Windows NT 5.1; zh-CN; rv:1.9.1.9) Gecko/20100315 Firefox/3.5.9"
121.14.98.63 - - [12/Nov/2012:10:15:49 +0800] "POST /api/manyou/my.php HTTP/1.0" 404 16 "http://bbs.igeyao.com/api/manyou/my.php" "Mozilla/5.0 (Windows; U; Windows NT 5.1; zh-CN; rv:1.9.1.9) Gecko/20100315 Firefox/3.5.9"
113.108.12.111 - - [12/Nov/2012:10:16:02 +0800] "POST /api/manyou/my.php HTTP/1.0" 404 16 "http://bbs.igeyao.com/api/manyou/my.php" "Mozilla/5.0 (Windows; U; Windows NT 5.1; zh-CN; rv:1.9.1.9) Gecko/20100315 Firefox/3.5.9"
121.14.98.66 - - [12/Nov/2012:10:16:20 +0800] "POST /api/manyou/my.php HTTP/1.0" 404 16 "http://bbs.igeyao.com/api/manyou/my.php" "Mozilla/5.0 (Windows; U; Windows NT 5.1; zh-CN; rv:1.9.1.9) Gecko/20100315 Firefox/3.5.9"
113.108.12.139 - - [12/Nov/2012:10:16:33 +0800] "POST /api/manyou/my.php HTTP/1.0" 404 16 "http://bbs.igeyao.com/api/manyou/my.php" "Mozilla/5.0 (Windows; U; Windows NT 5.1; zh-CN; rv:1.9.1.9) Gecko/20100315 Firefox/3.5.9"
124.115.5.12 - - [12/Nov/2012:10:16:44 +0800] "POST /api/manyou/my.php HTTP/1.0" 404 16 "http://bbs.igeyao.com/api/manyou/my.php" "Mozilla/5.0 (Windows; U; Windows NT 5.1; zh-CN; rv:1.9.1.9) Gecko/20100315 Firefox/3.5.9"
124.115.5.53 - - [12/Nov/2012:10:17:23 +0800] "POST /api/manyou/my.php HTTP/1.0" 404 16 "http://bbs.igeyao.com/api/manyou/my.php" "Mozilla/5.0 (Windows; U; Windows NT 5.1; zh-CN; rv:1.9.1.9) Gecko/20100315 Firefox/3.5.9"
113.108.12.139 - - [12/Nov/2012:10:17:43 +0800] "POST /api/manyou/my.php HTTP/1.0" 404 16 "http://bbs.igeyao.com/api/manyou/my.php" "Mozilla/5.0 (Windows; U; Windows NT 5.1; zh-CN; rv:1.9.1.9) Gecko/20100315 Firefox/3.5.9"
124.115.5.53 - - [12/Nov/2012:10:17:59 +0800] "POST /api/manyou/my.php HTTP/1.0" 404 16 "http://bbs.igeyao.com/api/manyou/my.php" "Mozilla/5.0 (Windows; U; Windows NT 5.1; zh-CN; rv:1.9.1.9) Gecko/20100315 Firefox/3.5.9"
113.108.12.103 - - [12/Nov/2012:10:18:07 +0800] "POST /api/manyou/my.php HTTP/1.0" 404 16 "http://bbs.igeyao.com/api/manyou/my.php" "Mozilla/5.0 (Windows; U; Windows NT 5.1; zh-CN; rv:1.9.1.9) Gecko/20100315 Firefox/3.5.9"
121.14.98.66 - - [12/Nov/2012:10:18:25 +0800] "POST /api/manyou/my.php HTTP/1.0" 404 16 "http://bbs.igeyao.com/api/manyou/my.php" "Mozilla/5.0 (Windows; U; Windows NT 5.1; zh-CN; rv:1.9.1.9) Gecko/20100315 Firefox/3.5.9"
124.115.5.12 - - [12/Nov/2012:10:18:33 +0800] "POST /api/manyou/my.php HTTP/1.0" 404 16 "http://bbs.igeyao.com/api/manyou/my.php" "Mozilla/5.0 (Windows; U; Windows NT 5.1; zh-CN; rv:1.9.1.9) Gecko/20100315 Firefox/3.5.9"
124.115.5.12 - - [12/Nov/2012:10:18:42 +0800] "POST /api/manyou/my.php HTTP/1.0" 404 16 "http://bbs.igeyao.com/api/manyou/my.php" "Mozilla/5.0 (Windows; U; Windows NT 5.1; zh-CN; rv:1.9.1.9) Gecko/20100315 Firefox/3.5.9"
124.115.5.12 - - [12/Nov/2012:10:18:50 +0800] "POST /api/manyou/my.php HTTP/1.0" 404 16 "http://bbs.igeyao.com/api/manyou/my.php" "Mozilla/5.0 (Windows; U; Windows NT 5.1; zh-CN; rv:1.9.1.9) Gecko/20100315 Firefox/3.5.9"
113.108.12.111 - - [12/Nov/2012:10:19:10 +0800] "POST /api/manyou/my.php HTTP/1.0" 404 16 "http://bbs.igeyao.com/api/manyou/my.php" "Mozilla/5.0 (Windows; U; Windows NT 5.1; zh-CN; rv:1.9.1.9) Gecko/20100315 Firefox/3.5.9"
113.108.12.111 - - [12/Nov/2012:10:19:31 +0800] "POST /api/manyou/my.php HTTP/1.0" 404 16 "http://bbs.igeyao.com/api/manyou/my.php" "Mozilla/5.0 (Windows; U; Windows NT 5.1; zh-CN; rv:1.9.1.9) Gecko/20100315 Firefox/3.5.9"
113.108.12.123 - - [12/Nov/2012:10:19:42 +0800] "POST /api/manyou/my.php HTTP/1.0" 404 16 "http://bbs.igeyao.com/api/manyou/my.php" "Mozilla/5.0 (Windows; U; Windows NT 5.1; zh-CN; rv:1.9.1.9) Gecko/20100315 Firefox/3.5.9"
114.80.109.29 - - [12/Nov/2012:10:20:00 +0800] "POST /api/manyou/my.php HTTP/1.0" 404 16 "http://bbs.igeyao.com/api/manyou/my.php" "Mozilla/5.0 (Windows; U; Windows NT 5.1; zh-CN; rv:1.9.1.9) Gecko/20100315 Firefox/3.5.9"
114.80.93.180 - - [12/Nov/2012:10:20:09 +0800] "POST /api/manyou/my.php HTTP/1.0" 404 16 "http://bbs.igeyao.com/api/manyou/my.php" "Mozilla/5.0 (Windows; U; Windows NT 5.1; zh-CN; rv:1.9.1.9) Gecko/20100315 Firefox/3.5.9"
180.153.160.113 - - [12/Nov/2012:10:20:21 +0800] "POST /api/manyou/my.php HTTP/1.0" 404 16 "http://bbs.igeyao.com/api/manyou/my.php" "Mozilla/5.0 (Windows; U; Windows NT 5.1; zh-CN; rv:1.9.1.9) Gecko/20100315 Firefox/3.5.9"
66.249.75.194 - - [12/Nov/2012:10:20:26 +0800] "GET /wp-content/uploads/2012/02/128.jpg HTTP/1.1" 200 335732 "-" "Googlebot-Image/1.0"
113.108.12.103 - - [12/Nov/2012:10:20:35 +0800] "POST /api/manyou/my.php HTTP/1.0" 404 16 "http://bbs.igeyao.com/api/manyou/my.php" "Mozilla/5.0 (Windows; U; Windows NT 5.1; zh-CN; rv:1.9.1.9) Gecko/20100315 Firefox/3.5.9"
113.108.12.123 - - [12/Nov/2012:10:20:45 +0800] "POST /api/manyou/my.php HTTP/1.0" 404 16 "http://bbs.igeyao.com/api/manyou/my.php" "Mozilla/5.0 (Windows; U; Windows NT 5.1; zh-CN; rv:1.9.1.9) Gecko/20100315 Firefox/3.5.9"
199.15.234.140 - - [12/Nov/2012:10:20:50 +0800] "GET /forum.php HTTP/1.0" 404 16 "http://igeyao.com/forum.php" "Mozilla/5.0 (Windows NT 5.1) AppleWebKit/536.11 (KHTML, like Gecko) Chrome/20.0.1132.57 Safari/536.11"
199.15.234.140 - - [12/Nov/2012:10:20:52 +0800] "GET / HTTP/1.0" 200 66197 "http://igeyao.com/" "Mozilla/5.0 (Windows NT 5.1) AppleWebKit/536.11 (KHTML, like Gecko) Chrome/20.0.1132.57 Safari/536.11"
124.115.4.33 - - [12/Nov/2012:10:20:54 +0800] "POST /api/manyou/my.php HTTP/1.0" 404 16 "http://bbs.igeyao.com/api/manyou/my.php" "Mozilla/5.0 (Windows; U; Windows NT 5.1; zh-CN; rv:1.9.1.9) Gecko/20100315 Firefox/3.5.9"
113.108.12.107 - - [12/Nov/2012:10:21:07 +0800] "POST /api/manyou/my.php HTTP/1.0" 404 16 "http://bbs.igeyao.com/api/manyou/my.php" "Mozilla/5.0 (Windows; U; Windows NT 5.1; zh-CN; rv:1.9.1.9) Gecko/20100315 Firefox/3.5.9"
113.108.12.103 - - [12/Nov/2012:10:21:22 +0800] "POST /api/manyou/my.php HTTP/1.0" 404 16 "http://bbs.igeyao.com/api/manyou/my.php" "Mozilla/5.0 (Windows; U; Windows NT 5.1; zh-CN; rv:1.9.1.9) Gecko/20100315 Firefox/3.5.9"
113.108.12.139 - - [12/Nov/2012:10:21:35 +0800] "POST /api/manyou/my.php HTTP/1.0" 404 16 "http://bbs.igeyao.com/api/manyou/my.php" "Mozilla/5.0 (Windows; U; Windows NT 5.1; zh-CN; rv:1.9.1.9) Gecko/20100315 Firefox/3.5.9"
113.108.12.103 - - [12/Nov/2012:10:21:46 +0800] "POST /api/manyou/my.php HTTP/1.0" 404 16 "http://bbs.igeyao.com/api/manyou/my.php" "Mozilla/5.0 (Windows; U; Windows NT 5.1; zh-CN; rv:1.9.1.9) Gecko/20100315 Firefox/3.5.9"
121.14.98.64 - - [12/Nov/2012:10:22:04 +0800] "POST /api/manyou/my.php HTTP/1.0" 404 16 "http://bbs.igeyao.com/api/manyou/my.php" "Mozilla/5.0 (Windows; U; Windows NT 5.1; zh-CN; rv:1.9.1.9) Gecko/20100315 Firefox/3.5.9"
124.115.4.33 - - [12/Nov/2012:10:22:19 +0800] "POST /api/manyou/my.php HTTP/1.0" 404 16 "http://bbs.igeyao.com/api/manyou/my.php" "Mozilla/5.0 (Windows; U; Windows NT 5.1; zh-CN; rv:1.9.1.9) Gecko/20100315 Firefox/3.5.9"
113.108.12.123 - - [12/Nov/2012:10:22:45 +0800] "POST /api/manyou/my.php HTTP/1.0" 404 16 "http://bbs.igeyao.com/api/manyou/my.php" "Mozilla/5.0 (Windows; U; Windows NT 5.1; zh-CN; rv:1.9.1.9) Gecko/20100315 Firefox/3.5.9"
114.80.109.30 - - [12/Nov/2012:10:22:55 +0800] "POST /api/manyou/my.php HTTP/1.0" 404 16 "http://bbs.igeyao.com/api/manyou/my.php" "Mozilla/5.0 (Windows; U; Windows NT 5.1; zh-CN; rv:1.9.1.9) Gecko/20100315 Firefox/3.5.9"
124.115.4.33 - - [12/Nov/2012:10:23:07 +0800] "POST /api/manyou/my.php HTTP/1.0" 404 16 "http://bbs.igeyao.com/api/manyou/my.php" "Mozilla/5.0 (Windows; U; Windows NT 5.1; zh-CN; rv:1.9.1.9) Gecko/20100315 Firefox/3.5.9"
113.108.12.111 - - [12/Nov/2012:10:23:27 +0800] "POST /api/manyou/my.php HTTP/1.0" 404 16 "http://bbs.igeyao.com/api/manyou/my.php" "Mozilla/5.0 (Windows; U; Windows NT 5.1; zh-CN; rv:1.9.1.9) Gecko/20100315 Firefox/3.5.9"
113.108.12.139 - - [12/Nov/2012:10:23:36 +0800] "POST /api/manyou/my.php HTTP/1.0" 404 16 "http://bbs.igeyao.com/api/manyou/my.php" "Mozilla/5.0 (Windows; U; Windows NT 5.1; zh-CN; rv:1.9.1.9) Gecko/20100315 Firefox/3.5.9"
61.135.216.105 - - [12/Nov/2012:10:23:37 +0800] "GET /?feed=rss2 HTTP/1.1" 304 0 "-" "Mozilla/5.0 (compatible;YoudaoFeedFetcher/1.0;http://www.youdao.com/help/reader/faq/topic006/;1 subscribers;)"
121.14.98.64 - - [12/Nov/2012:10:23:40 +0800] "POST /api/manyou/my.php HTTP/1.0" 404 16 "http://bbs.igeyao.com/api/manyou/my.php" "Mozilla/5.0 (Windows; U; Windows NT 5.1; zh-CN; rv:1.9.1.9) Gecko/20100315 Firefox/3.5.9"
113.108.12.107 - - [12/Nov/2012:10:23:58 +0800] "POST /api/manyou/my.php HTTP/1.0" 404 16 "http://bbs.igeyao.com/api/manyou/my.php" "Mozilla/5.0 (Windows; U; Windows NT 5.1; zh-CN; rv:1.9.1.9) Gecko/20100315 Firefox/3.5.9"
114.80.109.30 - - [12/Nov/2012:10:24:24 +0800] "POST /api/manyou/my.php HTTP/1.0" 404 16 "http://bbs.igeyao.com/api/manyou/my.php" "Mozilla/5.0 (Windows; U; Windows NT 5.1; zh-CN; rv:1.9.1.9) Gecko/20100315 Firefox/3.5.9"
121.14.98.65 - - [12/Nov/2012:10:24:35 +0800] "POST /api/manyou/my.php HTTP/1.0" 404 16 "http://bbs.igeyao.com/api/manyou/my.php" "Mozilla/5.0 (Windows; U; Windows NT 5.1; zh-CN; rv:1.9.1.9) Gecko/20100315 Firefox/3.5.9"
124.115.5.53 - - [12/Nov/2012:10:24:44 +0800] "POST /api/manyou/my.php HTTP/1.0" 404 16 "http://bbs.igeyao.com/api/manyou/my.php" "Mozilla/5.0 (Windows; U; Windows NT 5.1; zh-CN; rv:1.9.1.9) Gecko/20100315 Firefox/3.5.9"
66.249.66.90 - - [12/Nov/2012:10:24:56 +0800] "GET /?feed=rss2&author=1 HTTP/1.1" 200 72168 "-" "Mozilla/5.0 (compatible; Googlebot/2.1; +http://www.google.com/bot.html)"
114.80.109.29 - - [12/Nov/2012:10:25:01 +0800] "POST /api/manyou/my.php HTTP/1.0" 404 16 "http://bbs.igeyao.com/api/manyou/my.php" "Mozilla/5.0 (Windows; U; Windows NT 5.1; zh-CN; rv:1.9.1.9) Gecko/20100315 Firefox/3.5.9"
113.108.12.103 - - [12/Nov/2012:10:25:13 +0800] "POST /api/manyou/my.php HTTP/1.0" 404 16 "http://bbs.igeyao.com/api/manyou/my.php" "Mozilla/5.0 (Windows; U; Windows NT 5.1; zh-CN; rv:1.9.1.9) Gecko/20100315 Firefox/3.5.9"
121.14.98.64 - - [12/Nov/2012:10:25:22 +0800] "POST /api/manyou/my.php HTTP/1.0" 404 16 "http://bbs.igeyao.com/api/manyou/my.php" "Mozilla/5.0 (Windows; U; Windows NT 5.1; zh-CN; rv:1.9.1.9) Gecko/20100315 Firefox/3.5.9"
114.80.109.30 - - [12/Nov/2012:10:25:39 +0800] "POST /api/manyou/my.php HTTP/1.0" 404 16 "http://bbs.igeyao.com/api/manyou/my.php" "Mozilla/5.0 (Windows; U; Windows NT 5.1; zh-CN; rv:1.9.1.9) Gecko/20100315 Firefox/3.5.9"
113.108.12.123 - - [12/Nov/2012:10:25:53 +0800] "POST /api/manyou/my.php HTTP/1.0" 404 16 "http://bbs.igeyao.com/api/manyou/my.php" "Mozilla/5.0 (Windows; U; Windows NT 5.1; zh-CN; rv:1.9.1.9) Gecko/20100315 Firefox/3.5.9"
113.108.12.111 - - [12/Nov/2012:10:25:59 +0800] "POST /api/manyou/my.php HTTP/1.0" 404 16 "http://bbs.igeyao.com/api/manyou/my.php" "Mozilla/5.0 (Windows; U; Windows NT 5.1; zh-CN; rv:1.9.1.9) Gecko/20100315 Firefox/3.5.9"
114.80.93.12 - - [12/Nov/2012:10:26:13 +0800] "POST /api/manyou/my.php HTTP/1.0" 404 16 "http://bbs.igeyao.com/api/manyou/my.php" "Mozilla/5.0 (Windows; U; Windows NT 5.1; zh-CN; rv:1.9.1.9) Gecko/20100315 Firefox/3.5.9"
114.80.109.30 - - [12/Nov/2012:10:26:30 +0800] "POST /api/manyou/my.php HTTP/1.0" 404 16 "http://bbs.igeyao.com/api/manyou/my.php" "Mozilla/5.0 (Windows; U; Windows NT 5.1; zh-CN; rv:1.9.1.9) Gecko/20100315 Firefox/3.5.9"
121.14.98.63 - - [12/Nov/2012:10:26:41 +0800] "POST /api/manyou/my.php HTTP/1.0" 404 16 "http://bbs.igeyao.com/api/manyou/my.php" "Mozilla/5.0 (Windows; U; Windows NT 5.1; zh-CN; rv:1.9.1.9) Gecko/20100315 Firefox/3.5.9"
124.115.5.12 - - [12/Nov/2012:10:26:47 +0800] "POST /api/manyou/my.php HTTP/1.0" 404 16 "http://bbs.igeyao.com/api/manyou/my.php" "Mozilla/5.0 (Windows; U; Windows NT 5.1; zh-CN; rv:1.9.1.9) Gecko/20100315 Firefox/3.5.9"
113.108.12.123 - - [12/Nov/2012:10:27:09 +0800] "POST /api/manyou/my.php HTTP/1.0" 404 16 "http://bbs.igeyao.com/api/manyou/my.php" "Mozilla/5.0 (Windows; U; Windows NT 5.1; zh-CN; rv:1.9.1.9) Gecko/20100315 Firefox/3.5.9"
61.135.248.185 - - [12/Nov/2012:10:27:20 +0800] "GET / HTTP/1.1" 200 14601 "-" "Mozilla/5.0 (compatible; YodaoBot/1.0; http://www.yodao.com/help/webmaster/spider/; )"
113.108.12.139 - - [12/Nov/2012:10:27:31 +0800] "POST /api/manyou/my.php HTTP/1.0" 404 16 "http://bbs.igeyao.com/api/manyou/my.php" "Mozilla/5.0 (Windows; U; Windows NT 5.1; zh-CN; rv:1.9.1.9) Gecko/20100315 Firefox/3.5.9"
114.80.93.12 - - [12/Nov/2012:10:27:46 +0800] "POST /api/manyou/my.php HTTP/1.0" 404 16 "http://bbs.igeyao.com/api/manyou/my.php" "Mozilla/5.0 (Windows; U; Windows NT 5.1; zh-CN; rv:1.9.1.9) Gecko/20100315 Firefox/3.5.9"
114.80.109.29 - - [12/Nov/2012:10:28:05 +0800] "POST /api/manyou/my.php HTTP/1.0" 404 16 "http://bbs.igeyao.com/api/manyou/my.php" "Mozilla/5.0 (Windows; U; Windows NT 5.1; zh-CN; rv:1.9.1.9) Gecko/20100315 Firefox/3.5.9"
114.80.93.180 - - [12/Nov/2012:10:28:16 +0800] "POST /api/manyou/my.php HTTP/1.0" 404 16 "http://bbs.igeyao.com/api/manyou/my.php" "Mozilla/5.0 (Windows; U; Windows NT 5.1; zh-CN; rv:1.9.1.9) Gecko/20100315 Firefox/3.5.9"
113.108.12.111 - - [12/Nov/2012:10:28:32 +0800] "POST /api/manyou/my.php HTTP/1.0" 404 16 "http://bbs.igeyao.com/api/manyou/my.php" "Mozilla/5.0 (Windows; U; Windows NT 5.1; zh-CN; rv:1.9.1.9) Gecko/20100315 Firefox/3.5.9"
124.115.4.33 - - [12/Nov/2012:10:28:42 +0800] "POST /api/manyou/my.php HTTP/1.0" 404 16 "http://bbs.igeyao.com/api/manyou/my.php" "Mozilla/5.0 (Windows; U; Windows NT 5.1; zh-CN; rv:1.9.1.9) Gecko/20100315 Firefox/3.5.9"
113.108.12.103 - - [12/Nov/2012:10:28:58 +0800] "POST /api/manyou/my.php HTTP/1.0" 404 16 "http://bbs.igeyao.com/api/manyou/my.php" "Mozilla/5.0 (Windows; U; Windows NT 5.1; zh-CN; rv:1.9.1.9) Gecko/20100315 Firefox/3.5.9"
66.249.66.167 - - [12/Nov/2012:10:29:01 +0800] "GET /home.php?mod=space&uid=102&do=friend&view=me&from=space HTTP/1.1" 404 47 "-" "Mozilla/5.0 (compatible; Googlebot/2.1; +http://www.google.com/bot.html)"
123.125.71.18 - - [12/Nov/2012:10:29:03 +0800] "GET / HTTP/1.1" 301 5 "-" "Mozilla/5.0 (compatible; Baiduspider/2.0; +http://www.baidu.com/search/spider.html)"
220.181.108.106 - - [12/Nov/2012:10:29:10 +0800] "GET / HTTP/1.1" 301 5 "-" "Mozilla/5.0 (compatible; Baiduspider/2.0; +http://www.baidu.com/search/spider.html)"
113.108.12.123 - - [12/Nov/2012:10:29:20 +0800] "POST /api/manyou/my.php HTTP/1.0" 404 16 "http://bbs.igeyao.com/api/manyou/my.php" "Mozilla/5.0 (Windows; U; Windows NT 5.1; zh-CN; rv:1.9.1.9) Gecko/20100315 Firefox/3.5.9"
113.108.12.123 - - [12/Nov/2012:10:29:42 +0800] "POST /api/manyou/my.php HTTP/1.0" 404 16 "http://bbs.igeyao.com/api/manyou/my.php" "Mozilla/5.0 (Windows; U; Windows NT 5.1; zh-CN; rv:1.9.1.9) Gecko/20100315 Firefox/3.5.9"
113.108.12.107 - - [12/Nov/2012:10:29:51 +0800] "POST /api/manyou/my.php HTTP/1.0" 404 16 "http://bbs.igeyao.com/api/manyou/my.php" "Mozilla/5.0 (Windows; U; Windows NT 5.1; zh-CN; rv:1.9.1.9) Gecko/20100315 Firefox/3.5.9"
180.153.73.164 - - [12/Nov/2012:10:30:07 +0800] "POST /api/manyou/my.php HTTP/1.0" 404 16 "http://bbs.igeyao.com/api/manyou/my.php" "Mozilla/5.0 (Windows; U; Windows NT 5.1; zh-CN; rv:1.9.1.9) Gecko/20100315 Firefox/3.5.9"
113.108.12.107 - - [12/Nov/2012:10:30:19 +0800] "POST /api/manyou/my.php HTTP/1.0" 404 16 "http://bbs.igeyao.com/api/manyou/my.php" "Mozilla/5.0 (Windows; U; Windows NT 5.1; zh-CN; rv:1.9.1.9) Gecko/20100315 Firefox/3.5.9"
113.108.12.139 - - [12/Nov/2012:10:30:29 +0800] "POST /api/manyou/my.php HTTP/1.0" 404 16 "http://bbs.igeyao.com/api/manyou/my.php" "Mozilla/5.0 (Windows; U; Windows NT 5.1; zh-CN; rv:1.9.1.9) Gecko/20100315 Firefox/3.5.9"
114.80.109.30 - - [12/Nov/2012:10:30:43 +0800] "POST /api/manyou/my.php HTTP/1.0" 404 16 "http://bbs.igeyao.com/api/manyou/my.php" "Mozilla/5.0 (Windows; U; Windows NT 5.1; zh-CN; rv:1.9.1.9) Gecko/20100315 Firefox/3.5.9"
113.108.12.111 - - [12/Nov/2012:10:30:55 +0800] "POST /api/manyou/my.php HTTP/1.0" 404 16 "http://bbs.igeyao.com/api/manyou/my.php" "Mozilla/5.0 (Windows; U; Windows NT 5.1; zh-CN; rv:1.9.1.9) Gecko/20100315 Firefox/3.5.9"
113.108.12.139 - - [12/Nov/2012:10:31:09 +0800] "POST /api/manyou/my.php HTTP/1.0" 404 16 "http://bbs.igeyao.com/api/manyou/my.php" "Mozilla/5.0 (Windows; U; Windows NT 5.1; zh-CN; rv:1.9.1.9) Gecko/20100315 Firefox/3.5.9"
124.115.5.53 - - [12/Nov/2012:10:31:25 +0800] "POST /api/manyou/my.php HTTP/1.0" 404 16 "http://bbs.igeyao.com/api/manyou/my.php" "Mozilla/5.0 (Windows; U; Windows NT 5.1; zh-CN; rv:1.9.1.9) Gecko/20100315 Firefox/3.5.9"
113.108.12.103 - - [12/Nov/2012:10:31:40 +0800] "POST /api/manyou/my.php HTTP/1.0" 404 16 "http://bbs.igeyao.com/api/manyou/my.php" "Mozilla/5.0 (Windows; U; Windows NT 5.1; zh-CN; rv:1.9.1.9) Gecko/20100315 Firefox/3.5.9"
121.14.98.65 - - [12/Nov/2012:10:31:51 +0800] "POST /api/manyou/my.php HTTP/1.0" 404 16 "http://bbs.igeyao.com/api/manyou/my.php" "Mozilla/5.0 (Windows; U; Windows NT 5.1; zh-CN; rv:1.9.1.9) Gecko/20100315 Firefox/3.5.9"
113.108.12.123 - - [12/Nov/2012:10:32:10 +0800] "POST /api/manyou/my.php HTTP/1.0" 404 16 "http://bbs.igeyao.com/api/manyou/my.php" "Mozilla/5.0 (Windows; U; Windows NT 5.1; zh-CN; rv:1.9.1.9) Gecko/20100315 Firefox/3.5.9"
124.238.249.7 - - [12/Nov/2012:10:32:15 +0800] "GET /admin.php HTTP/1.0" 404 16 "-" "-"
124.238.249.7 - - [12/Nov/2012:10:32:15 +0800] "GET /misc.php?mod=faq HTTP/1.0" 404 16 "-" "-"
113.108.12.111 - - [12/Nov/2012:10:32:24 +0800] "POST /api/manyou/my.php HTTP/1.0" 404 16 "http://bbs.igeyao.com/api/manyou/my.php" "Mozilla/5.0 (Windows; U; Windows NT 5.1; zh-CN; rv:1.9.1.9) Gecko/20100315 Firefox/3.5.9"
124.115.4.33 - - [12/Nov/2012:10:32:52 +0800] "POST /api/manyou/my.php HTTP/1.0" 404 16 "http://bbs.igeyao.com/api/manyou/my.php" "Mozilla/5.0 (Windows; U; Windows NT 5.1; zh-CN; rv:1.9.1.9) Gecko/20100315 Firefox/3.5.9"
124.115.5.53 - - [12/Nov/2012:10:33:08 +0800] "POST /api/manyou/my.php HTTP/1.0" 404 16 "http://bbs.igeyao.com/api/manyou/my.php" "Mozilla/5.0 (Windows; U; Windows NT 5.1; zh-CN; rv:1.9.1.9) Gecko/20100315 Firefox/3.5.9"
113.108.12.123 - - [12/Nov/2012:10:33:18 +0800] "POST /api/manyou/my.php HTTP/1.0" 404 16 "http://bbs.igeyao.com/api/manyou/my.php" "Mozilla/5.0 (Windows; U; Windows NT 5.1; zh-CN; rv:1.9.1.9) Gecko/20100315 Firefox/3.5.9"
110.75.175.45 - - [12/Nov/2012:10:33:21 +0800] "GET /?p=230 HTTP/1.1" 200 5857 "-" "Yahoo! Slurp China"
110.75.175.46 - - [12/Nov/2012:10:33:23 +0800] "GET /?p=322 HTTP/1.1" 200 60645 "-" "Yahoo! Slurp China"
110.75.175.43 - - [12/Nov/2012:10:33:26 +0800] "GET /?p=337 HTTP/1.1" 200 6692 "-" "Yahoo! Slurp China"
110.75.175.44 - - [12/Nov/2012:10:33:28 +0800] "GET /?p=344 HTTP/1.1" 200 5745 "-" "Yahoo! Slurp China"
110.75.175.47 - - [12/Nov/2012:10:33:30 +0800] "GET /?p=413 HTTP/1.1" 200 6928 "-" "Yahoo! Slurp China"
180.153.73.164 - - [12/Nov/2012:10:33:32 +0800] "POST /api/manyou/my.php HTTP/1.0" 404 16 "http://bbs.igeyao.com/api/manyou/my.php" "Mozilla/5.0 (Windows; U; Windows NT 5.1; zh-CN; rv:1.9.1.9) Gecko/20100315 Firefox/3.5.9"
110.75.175.48 - - [12/Nov/2012:10:33:33 +0800] "GET /?m=20121108 HTTP/1.1" 200 8326 "-" "Yahoo! Slurp China"
110.75.175.45 - - [12/Nov/2012:10:33:35 +0800] "GET /?tag=%E7%B4%A0%E8%B4%A8 HTTP/1.1" 200 8020 "-" "Yahoo! Slurp China"
110.75.175.46 - - [12/Nov/2012:10:33:37 +0800] "GET /?tag=android%E5%BC%80%E5%8F%91 HTTP/1.1" 200 99904 "-" "Yahoo! Slurp China"
110.75.175.43 - - [12/Nov/2012:10:33:39 +0800] "GET /?tag=%E7%9D%A1%E7%9C%A0%E8%B4%A8%E9%87%8F HTTP/1.1" 200 6454 "-" "Yahoo! Slurp China"
110.75.175.44 - - [12/Nov/2012:10:33:40 +0800] "GET /forum.php?fid=60&mod=forumdisplay HTTP/1.1" 404 47 "-" "Yahoo! Slurp China"
110.75.175.47 - - [12/Nov/2012:10:33:42 +0800] "GET /forum.php?fid=55&mod=forumdisplay HTTP/1.1" 404 47 "-" "Yahoo! Slurp China"
110.75.175.48 - - [12/Nov/2012:10:33:44 +0800] "GET /?tag=%E5%BC%80%E5%8F%91%E6%89%8B%E5%86%8C HTTP/1.1" 200 99944 "-" "Yahoo! Slurp China"
113.108.12.103 - - [12/Nov/2012:10:33:45 +0800] "POST /api/manyou/my.php HTTP/1.0" 404 16 "http://bbs.igeyao.com/api/manyou/my.php" "Mozilla/5.0 (Windows; U; Windows NT 5.1; zh-CN; rv:1.9.1.9) Gecko/20100315 Firefox/3.5.9"
110.75.175.45 - - [12/Nov/2012:10:33:45 +0800] "GET /?tag=%E5%93%88%E5%B0%94%E6%BB%A8%E5%8C%BB%E5%A4%A7%E8%A1%80%E6%A1%88 HTTP/1.1" 200 6714 "-" "Yahoo! Slurp China"
110.75.175.46 - - [12/Nov/2012:10:33:46 +0800] "GET /forum.php?fid=63&mod=forumdisplay HTTP/1.1" 404 47 "-" "Yahoo! Slurp China"
110.75.175.43 - - [12/Nov/2012:10:33:47 +0800] "GET /?tag=%E7%A8%8B%E5%BA%8F%E5%91%98 HTTP/1.1" 200 7087 "-" "Yahoo! Slurp China"
110.75.175.44 - - [12/Nov/2012:10:33:49 +0800] "GET /?p=289 HTTP/1.1" 200 7661 "-" "Yahoo! Slurp China"
110.75.175.47 - - [12/Nov/2012:10:33:50 +0800] "GET /?p=308 HTTP/1.1" 200 5386 "-" "Yahoo! Slurp China"
110.75.175.48 - - [12/Nov/2012:10:33:52 +0800] "GET /?p=91 HTTP/1.1" 200 4839 "-" "Yahoo! Slurp China"
110.75.175.45 - - [12/Nov/2012:10:33:53 +0800] "GET /?tag=%E5%8F%91%E7%8E%B0 HTTP/1.1" 200 8931 "-" "Yahoo! Slurp China"
180.153.73.164 - - [12/Nov/2012:10:33:55 +0800] "POST /api/manyou/my.php HTTP/1.0" 404 16 "http://bbs.igeyao.com/api/manyou/my.php" "Mozilla/5.0 (Windows; U; Windows NT 5.1; zh-CN; rv:1.9.1.9) Gecko/20100315 Firefox/3.5.9"
114.80.109.29 - - [12/Nov/2012:10:34:03 +0800] "POST /api/manyou/my.php HTTP/1.0" 404 16 "http://bbs.igeyao.com/api/manyou/my.php" "Mozilla/5.0 (Windows; U; Windows NT 5.1; zh-CN; rv:1.9.1.9) Gecko/20100315 Firefox/3.5.9"
124.115.4.33 - - [12/Nov/2012:10:34:33 +0800] "POST /api/manyou/my.php HTTP/1.0" 404 16 "http://bbs.igeyao.com/api/manyou/my.php" "Mozilla/5.0 (Windows; U; Windows NT 5.1; zh-CN; rv:1.9.1.9) Gecko/20100315 Firefox/3.5.9"
114.80.93.12 - - [12/Nov/2012:10:34:43 +0800] "POST /api/manyou/my.php HTTP/1.0" 404 16 "http://bbs.igeyao.com/api/manyou/my.php" "Mozilla/5.0 (Windows; U; Windows NT 5.1; zh-CN; rv:1.9.1.9) Gecko/20100315 Firefox/3.5.9"
124.115.4.33 - - [12/Nov/2012:10:35:05 +0800] "POST /api/manyou/my.php HTTP/1.0" 404 16 "http://bbs.igeyao.com/api/manyou/my.php" "Mozilla/5.0 (Windows; U; Windows NT 5.1; zh-CN; rv:1.9.1.9) Gecko/20100315 Firefox/3.5.9"
113.108.12.139 - - [12/Nov/2012:10:35:16 +0800] "POST /api/manyou/my.php HTTP/1.0" 404 16 "http://bbs.igeyao.com/api/manyou/my.php" "Mozilla/5.0 (Windows; U; Windows NT 5.1; zh-CN; rv:1.9.1.9) Gecko/20100315 Firefox/3.5.9"
180.153.160.114 - - [12/Nov/2012:10:35:28 +0800] "POST /api/manyou/my.php HTTP/1.0" 404 16 "http://bbs.igeyao.com/api/manyou/my.php" "Mozilla/5.0 (Windows; U; Windows NT 5.1; zh-CN; rv:1.9.1.9) Gecko/20100315 Firefox/3.5.9"
124.115.5.12 - - [12/Nov/2012:10:35:38 +0800] "POST /api/manyou/my.php HTTP/1.0" 404 16 "http://bbs.igeyao.com/api/manyou/my.php" "Mozilla/5.0 (Windows; U; Windows NT 5.1; zh-CN; rv:1.9.1.9) Gecko/20100315 Firefox/3.5.9"
113.108.12.139 - - [12/Nov/2012:10:35:53 +0800] "POST /api/manyou/my.php HTTP/1.0" 404 16 "http://bbs.igeyao.com/api/manyou/my.php" "Mozilla/5.0 (Windows; U; Windows NT 5.1; zh-CN; rv:1.9.1.9) Gecko/20100315 Firefox/3.5.9"
124.115.5.53 - - [12/Nov/2012:10:36:11 +0800] "POST /api/manyou/my.php HTTP/1.0" 404 16 "http://bbs.igeyao.com/api/manyou/my.php" "Mozilla/5.0 (Windows; U; Windows NT 5.1; zh-CN; rv:1.9.1.9) Gecko/20100315 Firefox/3.5.9"
180.153.160.116 - - [12/Nov/2012:10:36:26 +0800] "POST /api/manyou/my.php HTTP/1.0" 404 16 "http://bbs.igeyao.com/api/manyou/my.php" "Mozilla/5.0 (Windows; U; Windows NT 5.1; zh-CN; rv:1.9.1.9) Gecko/20100315 Firefox/3.5.9"
113.108.12.123 - - [12/Nov/2012:10:36:38 +0800] "POST /api/manyou/my.php HTTP/1.0" 404 16 "http://bbs.igeyao.com/api/manyou/my.php" "Mozilla/5.0 (Windows; U; Windows NT 5.1; zh-CN; rv:1.9.1.9) Gecko/20100315 Firefox/3.5.9"
121.14.98.67 - - [12/Nov/2012:10:36:48 +0800] "POST /api/manyou/my.php HTTP/1.0" 404 16 "http://bbs.igeyao.com/api/manyou/my.php" "Mozilla/5.0 (Windows; U; Windows NT 5.1; zh-CN; rv:1.9.1.9) Gecko/20100315 Firefox/3.5.9"
180.153.73.164 - - [12/Nov/2012:10:36:58 +0800] "POST /api/manyou/my.php HTTP/1.0" 404 16 "http://bbs.igeyao.com/api/manyou/my.php" "Mozilla/5.0 (Windows; U; Windows NT 5.1; zh-CN; rv:1.9.1.9) Gecko/20100315 Firefox/3.5.9"
124.115.4.33 - - [12/Nov/2012:10:37:23 +0800] "POST /api/manyou/my.php HTTP/1.0" 404 16 "http://bbs.igeyao.com/api/manyou/my.php" "Mozilla/5.0 (Windows; U; Windows NT 5.1; zh-CN; rv:1.9.1.9) Gecko/20100315 Firefox/3.5.9"
121.14.98.66 - - [12/Nov/2012:10:37:29 +0800] "POST /api/manyou/my.php HTTP/1.0" 404 16 "http://bbs.igeyao.com/api/manyou/my.php" "Mozilla/5.0 (Windows; U; Windows NT 5.1; zh-CN; rv:1.9.1.9) Gecko/20100315 Firefox/3.5.9"
124.115.5.53 - - [12/Nov/2012:10:37:51 +0800] "POST /api/manyou/my.php HTTP/1.0" 404 16 "http://bbs.igeyao.com/api/manyou/my.php" "Mozilla/5.0 (Windows; U; Windows NT 5.1; zh-CN; rv:1.9.1.9) Gecko/20100315 Firefox/3.5.9"
124.115.5.53 - - [12/Nov/2012:10:38:03 +0800] "POST /api/manyou/my.php HTTP/1.0" 404 16 "http://bbs.igeyao.com/api/manyou/my.php" "Mozilla/5.0 (Windows; U; Windows NT 5.1; zh-CN; rv:1.9.1.9) Gecko/20100315 Firefox/3.5.9"
113.108.12.123 - - [12/Nov/2012:10:38:19 +0800] "POST /api/manyou/my.php HTTP/1.0" 404 16 "http://bbs.igeyao.com/api/manyou/my.php" "Mozilla/5.0 (Windows; U; Windows NT 5.1; zh-CN; rv:1.9.1.9) Gecko/20100315 Firefox/3.5.9"
124.115.4.33 - - [12/Nov/2012:10:38:36 +0800] "POST /api/manyou/my.php HTTP/1.0" 404 16 "http://bbs.igeyao.com/api/manyou/my.php" "Mozilla/5.0 (Windows; U; Windows NT 5.1; zh-CN; rv:1.9.1.9) Gecko/20100315 Firefox/3.5.9"
61.135.216.105 - - [12/Nov/2012:10:38:42 +0800] "GET /?feed=rss2 HTTP/1.1" 304 0 "-" "Mozilla/5.0 (compatible;YoudaoFeedFetcher/1.0;http://www.youdao.com/help/reader/faq/topic006/;1 subscribers;)"
124.115.5.12 - - [12/Nov/2012:10:38:44 +0800] "POST /api/manyou/my.php HTTP/1.0" 404 16 "http://bbs.igeyao.com/api/manyou/my.php" "Mozilla/5.0 (Windows; U; Windows NT 5.1; zh-CN; rv:1.9.1.9) Gecko/20100315 Firefox/3.5.9"
114.80.109.29 - - [12/Nov/2012:10:38:57 +0800] "POST /api/manyou/my.php HTTP/1.0" 404 16 "http://bbs.igeyao.com/api/manyou/my.php" "Mozilla/5.0 (Windows; U; Windows NT 5.1; zh-CN; rv:1.9.1.9) Gecko/20100315 Firefox/3.5.9"
124.115.4.33 - - [12/Nov/2012:10:39:46 +0800] "POST /api/manyou/my.php HTTP/1.0" 404 16 "http://bbs.igeyao.com/api/manyou/my.php" "Mozilla/5.0 (Windows; U; Windows NT 5.1; zh-CN; rv:1.9.1.9) Gecko/20100315 Firefox/3.5.9"
124.115.5.53 - - [12/Nov/2012:10:39:53 +0800] "POST /api/manyou/my.php HTTP/1.0" 404 16 "http://bbs.igeyao.com/api/manyou/my.php" "Mozilla/5.0 (Windows; U; Windows NT 5.1; zh-CN; rv:1.9.1.9) Gecko/20100315 Firefox/3.5.9"
180.153.160.113 - - [12/Nov/2012:10:40:10 +0800] "POST /api/manyou/my.php HTTP/1.0" 404 16 "http://bbs.igeyao.com/api/manyou/my.php" "Mozilla/5.0 (Windows; U; Windows NT 5.1; zh-CN; rv:1.9.1.9) Gecko/20100315 Firefox/3.5.9"
121.14.98.63 - - [12/Nov/2012:10:40:31 +0800] "POST /api/manyou/my.php HTTP/1.0" 404 16 "http://bbs.igeyao.com/api/manyou/my.php" "Mozilla/5.0 (Windows; U; Windows NT 5.1; zh-CN; rv:1.9.1.9) Gecko/20100315 Firefox/3.5.9"
113.108.12.123 - - [12/Nov/2012:10:40:42 +0800] "POST /api/manyou/my.php HTTP/1.0" 404 16 "http://bbs.igeyao.com/api/manyou/my.php" "Mozilla/5.0 (Windows; U; Windows NT 5.1; zh-CN; rv:1.9.1.9) Gecko/20100315 Firefox/3.5.9"
113.108.12.139 - - [12/Nov/2012:10:40:45 +0800] "POST /api/manyou/my.php HTTP/1.0" 404 16 "http://bbs.igeyao.com/api/manyou/my.php" "Mozilla/5.0 (Windows; U; Windows NT 5.1; zh-CN; rv:1.9.1.9) Gecko/20100315 Firefox/3.5.9"
113.108.12.139 - - [12/Nov/2012:10:40:52 +0800] "POST /api/manyou/my.php HTTP/1.0" 404 16 "http://bbs.igeyao.com/api/manyou/my.php" "Mozilla/5.0 (Windows; U; Windows NT 5.1; zh-CN; rv:1.9.1.9) Gecko/20100315 Firefox/3.5.9"
157.55.34.168 - - [12/Nov/2012:10:41:01 +0800] "GET /robots.txt HTTP/1.1" 404 169 "-" "Mozilla/5.0 (compatible; bingbot/2.0; +http://www.bing.com/bingbot.htm)"
113.108.12.107 - - [12/Nov/2012:10:41:03 +0800] "POST /api/manyou/my.php HTTP/1.0" 404 16 "http://bbs.igeyao.com/api/manyou/my.php" "Mozilla/5.0 (Windows; U; Windows NT 5.1; zh-CN; rv:1.9.1.9) Gecko/20100315 Firefox/3.5.9"
113.108.12.139 - - [12/Nov/2012:10:41:19 +0800] "POST /api/manyou/my.php HTTP/1.0" 404 16 "http://bbs.igeyao.com/api/manyou/my.php" "Mozilla/5.0 (Windows; U; Windows NT 5.1; zh-CN; rv:1.9.1.9) Gecko/20100315 Firefox/3.5.9"
114.80.93.12 - - [12/Nov/2012:10:41:35 +0800] "POST /api/manyou/my.php HTTP/1.0" 404 16 "http://bbs.igeyao.com/api/manyou/my.php" "Mozilla/5.0 (Windows; U; Windows NT 5.1; zh-CN; rv:1.9.1.9) Gecko/20100315 Firefox/3.5.9"
121.14.98.63 - - [12/Nov/2012:10:41:45 +0800] "POST /api/manyou/my.php HTTP/1.0" 404 16 "http://bbs.igeyao.com/api/manyou/my.php" "Mozilla/5.0 (Windows; U; Windows NT 5.1; zh-CN; rv:1.9.1.9) Gecko/20100315 Firefox/3.5.9"
157.55.34.168 - - [12/Nov/2012:10:42:07 +0800] "GET /?p=18 HTTP/1.1" 200 5186 "-" "Mozilla/5.0 (compatible; bingbot/2.0; +http://www.bing.com/bingbot.htm)"
113.108.12.107 - - [12/Nov/2012:10:42:21 +0800] "POST /api/manyou/my.php HTTP/1.0" 404 16 "http://bbs.igeyao.com/api/manyou/my.php" "Mozilla/5.0 (Windows; U; Windows NT 5.1; zh-CN; rv:1.9.1.9) Gecko/20100315 Firefox/3.5.9"
124.115.5.53 - - [12/Nov/2012:10:42:33 +0800] "POST /api/manyou/my.php HTTP/1.0" 404 16 "http://bbs.igeyao.com/api/manyou/my.php" "Mozilla/5.0 (Windows; U; Windows NT 5.1; zh-CN; rv:1.9.1.9) Gecko/20100315 Firefox/3.5.9"
113.108.12.107 - - [12/Nov/2012:10:42:54 +0800] "POST /api/manyou/my.php HTTP/1.0" 404 16 "http://bbs.igeyao.com/api/manyou/my.php" "Mozilla/5.0 (Windows; U; Windows NT 5.1; zh-CN; rv:1.9.1.9) Gecko/20100315 Firefox/3.5.9"
124.115.4.33 - - [12/Nov/2012:10:43:09 +0800] "POST /api/manyou/my.php HTTP/1.0" 404 16 "http://bbs.igeyao.com/api/manyou/my.php" "Mozilla/5.0 (Windows; U; Windows NT 5.1; zh-CN; rv:1.9.1.9) Gecko/20100315 Firefox/3.5.9"
113.108.12.139 - - [12/Nov/2012:10:43:18 +0800] "POST /api/manyou/my.php HTTP/1.0" 404 16 "http://bbs.igeyao.com/api/manyou/my.php" "Mozilla/5.0 (Windows; U; Windows NT 5.1; zh-CN; rv:1.9.1.9) Gecko/20100315 Firefox/3.5.9"
113.108.12.123 - - [12/Nov/2012:10:43:36 +0800] "POST /api/manyou/my.php HTTP/1.0" 404 16 "http://bbs.igeyao.com/api/manyou/my.php" "Mozilla/5.0 (Windows; U; Windows NT 5.1; zh-CN; rv:1.9.1.9) Gecko/20100315 Firefox/3.5.9"
72.14.199.213 - - [12/Nov/2012:10:43:42 +0800] "GET /?feed=rss2 HTTP/1.1" 200 72141 "-" "Feedfetcher-Google; (+http://www.google.com/feedfetcher.html; 2 subscribers; feed-id=12826553577301189443)"
113.108.12.139 - - [12/Nov/2012:10:43:48 +0800] "POST /api/manyou/my.php HTTP/1.0" 404 16 "http://bbs.igeyao.com/api/manyou/my.php" "Mozilla/5.0 (Windows; U; Windows NT 5.1; zh-CN; rv:1.9.1.9) Gecko/20100315 Firefox/3.5.9"
113.108.12.103 - - [12/Nov/2012:10:43:56 +0800] "POST /api/manyou/my.php HTTP/1.0" 404 16 "http://bbs.igeyao.com/api/manyou/my.php" "Mozilla/5.0 (Windows; U; Windows NT 5.1; zh-CN; rv:1.9.1.9) Gecko/20100315 Firefox/3.5.9"
114.80.109.29 - - [12/Nov/2012:10:44:12 +0800] "POST /api/manyou/my.php HTTP/1.0" 404 16 "http://bbs.igeyao.com/api/manyou/my.php" "Mozilla/5.0 (Windows; U; Windows NT 5.1; zh-CN; rv:1.9.1.9) Gecko/20100315 Firefox/3.5.9"
114.80.109.29 - - [12/Nov/2012:10:44:33 +0800] "POST /api/manyou/my.php HTTP/1.0" 404 16 "http://bbs.igeyao.com/api/manyou/my.php" "Mozilla/5.0 (Windows; U; Windows NT 5.1; zh-CN; rv:1.9.1.9) Gecko/20100315 Firefox/3.5.9"
113.108.12.123 - - [12/Nov/2012:10:44:44 +0800] "POST /api/manyou/my.php HTTP/1.0" 404 16 "http://bbs.igeyao.com/api/manyou/my.php" "Mozilla/5.0 (Windows; U; Windows NT 5.1; zh-CN; rv:1.9.1.9) Gecko/20100315 Firefox/3.5.9"
124.115.4.33 - - [12/Nov/2012:10:44:56 +0800] "POST /api/manyou/my.php HTTP/1.0" 404 16 "http://bbs.igeyao.com/api/manyou/my.php" "Mozilla/5.0 (Windows; U; Windows NT 5.1; zh-CN; rv:1.9.1.9) Gecko/20100315 Firefox/3.5.9"
113.108.12.139 - - [12/Nov/2012:10:45:09 +0800] "POST /api/manyou/my.php HTTP/1.0" 404 16 "http://bbs.igeyao.com/api/manyou/my.php" "Mozilla/5.0 (Windows; U; Windows NT 5.1; zh-CN; rv:1.9.1.9) Gecko/20100315 Firefox/3.5.9"
66.249.75.83 - - [12/Nov/2012:10:45:09 +0800] "GET /?tag=%E7%81%AF%E7%BA%A2%E9%85%92%E7%BB%BF HTTP/1.1" 200 6235 "-" "Mozilla/5.0 (compatible; Googlebot/2.1; +http://www.google.com/bot.html)"
113.108.12.123 - - [12/Nov/2012:10:45:18 +0800] "POST /api/manyou/my.php HTTP/1.0" 404 16 "http://bbs.igeyao.com/api/manyou/my.php" "Mozilla/5.0 (Windows; U; Windows NT 5.1; zh-CN; rv:1.9.1.9) Gecko/20100315 Firefox/3.5.9"
113.108.12.139 - - [12/Nov/2012:10:45:29 +0800] "POST /api/manyou/my.php HTTP/1.0" 404 16 "http://bbs.igeyao.com/api/manyou/my.php" "Mozilla/5.0 (Windows; U; Windows NT 5.1; zh-CN; rv:1.9.1.9) Gecko/20100315 Firefox/3.5.9"
114.80.93.12 - - [12/Nov/2012:10:45:43 +0800] "POST /api/manyou/my.php HTTP/1.0" 404 16 "http://bbs.igeyao.com/api/manyou/my.php" "Mozilla/5.0 (Windows; U; Windows NT 5.1; zh-CN; rv:1.9.1.9) Gecko/20100315 Firefox/3.5.9"
180.153.160.113 - - [12/Nov/2012:10:46:00 +0800] "POST /api/manyou/my.php HTTP/1.0" 404 16 "http://bbs.igeyao.com/api/manyou/my.php" "Mozilla/5.0 (Windows; U; Windows NT 5.1; zh-CN; rv:1.9.1.9) Gecko/20100315 Firefox/3.5.9"
121.14.98.66 - - [12/Nov/2012:10:46:29 +0800] "POST /api/manyou/my.php HTTP/1.0" 404 16 "http://bbs.igeyao.com/api/manyou/my.php" "Mozilla/5.0 (Windows; U; Windows NT 5.1; zh-CN; rv:1.9.1.9) Gecko/20100315 Firefox/3.5.9"
113.108.12.123 - - [12/Nov/2012:10:47:44 +0800] "POST /api/manyou/my.php HTTP/1.0" 404 16 "http://bbs.igeyao.com/api/manyou/my.php" "Mozilla/5.0 (Windows; U; Windows NT 5.1; zh-CN; rv:1.9.1.9) Gecko/20100315 Firefox/3.5.9"
121.14.98.63 - - [12/Nov/2012:10:48:13 +0800] "POST /api/manyou/my.php HTTP/1.0" 404 16 "http://bbs.igeyao.com/api/manyou/my.php" "Mozilla/5.0 (Windows; U; Windows NT 5.1; zh-CN; rv:1.9.1.9) Gecko/20100315 Firefox/3.5.9"
121.14.98.64 - - [12/Nov/2012:10:48:36 +0800] "POST /api/manyou/my.php HTTP/1.0" 404 16 "http://bbs.igeyao.com/api/manyou/my.php" "Mozilla/5.0 (Windows; U; Windows NT 5.1; zh-CN; rv:1.9.1.9) Gecko/20100315 Firefox/3.5.9"
114.80.109.29 - - [12/Nov/2012:10:48:54 +0800] "POST /api/manyou/my.php HTTP/1.0" 404 16 "http://bbs.igeyao.com/api/manyou/my.php" "Mozilla/5.0 (Windows; U; Windows NT 5.1; zh-CN; rv:1.9.1.9) Gecko/20100315 Firefox/3.5.9"
66.249.66.162 - - [12/Nov/2012:10:49:00 +0800] "GET /wp-content/uploads/2012/02/127.jpg HTTP/1.1" 200 321531 "-" "Googlebot-Image/1.0"
114.80.93.13 - - [12/Nov/2012:10:49:14 +0800] "POST /api/manyou/my.php HTTP/1.0" 404 16 "http://bbs.igeyao.com/api/manyou/my.php" "Mozilla/5.0 (Windows; U; Windows NT 5.1; zh-CN; rv:1.9.1.9) Gecko/20100315 Firefox/3.5.9"
113.108.12.107 - - [12/Nov/2012:10:49:42 +0800] "POST /api/manyou/my.php HTTP/1.0" 404 16 "http://bbs.igeyao.com/api/manyou/my.php" "Mozilla/5.0 (Windows; U; Windows NT 5.1; zh-CN; rv:1.9.1.9) Gecko/20100315 Firefox/3.5.9"
113.108.12.111 - - [12/Nov/2012:10:50:04 +0800] "POST /api/manyou/my.php HTTP/1.0" 404 16 "http://bbs.igeyao.com/api/manyou/my.php" "Mozilla/5.0 (Windows; U; Windows NT 5.1; zh-CN; rv:1.9.1.9) Gecko/20100315 Firefox/3.5.9"
124.115.4.33 - - [12/Nov/2012:10:50:16 +0800] "POST /api/manyou/my.php HTTP/1.0" 404 16 "http://bbs.igeyao.com/api/manyou/my.php" "Mozilla/5.0 (Windows; U; Windows NT 5.1; zh-CN; rv:1.9.1.9) Gecko/20100315 Firefox/3.5.9"
113.108.12.139 - - [12/Nov/2012:10:50:31 +0800] "POST /api/manyou/my.php HTTP/1.0" 404 16 "http://bbs.igeyao.com/api/manyou/my.php" "Mozilla/5.0 (Windows; U; Windows NT 5.1; zh-CN; rv:1.9.1.9) Gecko/20100315 Firefox/3.5.9"
124.115.4.33 - - [12/Nov/2012:10:50:54 +0800] "POST /api/manyou/my.php HTTP/1.0" 404 16 "http://bbs.igeyao.com/api/manyou/my.php" "Mozilla/5.0 (Windows; U; Windows NT 5.1; zh-CN; rv:1.9.1.9) Gecko/20100315 Firefox/3.5.9"
180.153.160.113 - - [12/Nov/2012:10:51:34 +0800] "POST /api/manyou/my.php HTTP/1.0" 404 16 "http://bbs.igeyao.com/api/manyou/my.php" "Mozilla/5.0 (Windows; U; Windows NT 5.1; zh-CN; rv:1.9.1.9) Gecko/20100315 Firefox/3.5.9"
124.115.5.53 - - [12/Nov/2012:10:51:49 +0800] "POST /api/manyou/my.php HTTP/1.0" 404 16 "http://bbs.igeyao.com/api/manyou/my.php" "Mozilla/5.0 (Windows; U; Windows NT 5.1; zh-CN; rv:1.9.1.9) Gecko/20100315 Firefox/3.5.9"
113.108.12.123 - - [12/Nov/2012:10:52:22 +0800] "POST /api/manyou/my.php HTTP/1.0" 404 16 "http://bbs.igeyao.com/api/manyou/my.php" "Mozilla/5.0 (Windows; U; Windows NT 5.1; zh-CN; rv:1.9.1.9) Gecko/20100315 Firefox/3.5.9"
114.80.93.12 - - [12/Nov/2012:10:52:48 +0800] "POST /api/manyou/my.php HTTP/1.0" 404 16 "http://bbs.igeyao.com/api/manyou/my.php" "Mozilla/5.0 (Windows; U; Windows NT 5.1; zh-CN; rv:1.9.1.9) Gecko/20100315 Firefox/3.5.9"
124.115.5.53 - - [12/Nov/2012:10:53:07 +0800] "POST /api/manyou/my.php HTTP/1.0" 404 16 "http://bbs.igeyao.com/api/manyou/my.php" "Mozilla/5.0 (Windows; U; Windows NT 5.1; zh-CN; rv:1.9.1.9) Gecko/20100315 Firefox/3.5.9"
113.108.12.123 - - [12/Nov/2012:10:53:34 +0800] "POST /api/manyou/my.php HTTP/1.0" 404 16 "http://bbs.igeyao.com/api/manyou/my.php" "Mozilla/5.0 (Windows; U; Windows NT 5.1; zh-CN; rv:1.9.1.9) Gecko/20100315 Firefox/3.5.9"
61.135.216.105 - - [12/Nov/2012:10:53:47 +0800] "GET /?feed=rss2 HTTP/1.1" 304 0 "-" "Mozilla/5.0 (compatible;YoudaoFeedFetcher/1.0;http://www.youdao.com/help/reader/faq/topic006/;1 subscribers;)"
124.115.5.12 - - [12/Nov/2012:10:53:51 +0800] "POST /api/manyou/my.php HTTP/1.0" 404 16 "http://bbs.igeyao.com/api/manyou/my.php" "Mozilla/5.0 (Windows; U; Windows NT 5.1; zh-CN; rv:1.9.1.9) Gecko/20100315 Firefox/3.5.9"
124.115.4.33 - - [12/Nov/2012:10:54:04 +0800] "POST /api/manyou/my.php HTTP/1.0" 404 16 "http://bbs.igeyao.com/api/manyou/my.php" "Mozilla/5.0 (Windows; U; Windows NT 5.1; zh-CN; rv:1.9.1.9) Gecko/20100315 Firefox/3.5.9"
113.108.12.103 - - [12/Nov/2012:10:54:37 +0800] "POST /api/manyou/my.php HTTP/1.0" 404 16 "http://bbs.igeyao.com/api/manyou/my.php" "Mozilla/5.0 (Windows; U; Windows NT 5.1; zh-CN; rv:1.9.1.9) Gecko/20100315 Firefox/3.5.9"
114.80.93.227 - - [12/Nov/2012:10:54:56 +0800] "POST /api/manyou/my.php HTTP/1.0" 404 16 "http://bbs.igeyao.com/api/manyou/my.php" "Mozilla/5.0 (Windows; U; Windows NT 5.1; zh-CN; rv:1.9.1.9) Gecko/20100315 Firefox/3.5.9"
110.251.216.224 - - [12/Nov/2012:10:55:03 +0800] "GET /member.php?mod=logging&action=login HTTP/1.1" 404 27 "http://igeyao.com/" "Mozilla/4.0"
110.251.216.224 - - [12/Nov/2012:10:55:04 +0800] "GET /member.php?mod=register HTTP/1.1" 404 27 "http://igeyao.com/member.php?mod=register" "Mozilla/4.0"
121.14.98.65 - - [12/Nov/2012:10:55:12 +0800] "POST /api/manyou/my.php HTTP/1.0" 404 16 "http://bbs.igeyao.com/api/manyou/my.php" "Mozilla/5.0 (Windows; U; Windows NT 5.1; zh-CN; rv:1.9.1.9) Gecko/20100315 Firefox/3.5.9"
124.115.4.33 - - [12/Nov/2012:10:55:22 +0800] "POST /api/manyou/my.php HTTP/1.0" 404 16 "http://bbs.igeyao.com/api/manyou/my.php" "Mozilla/5.0 (Windows; U; Windows NT 5.1; zh-CN; rv:1.9.1.9) Gecko/20100315 Firefox/3.5.9"
